Initialized native services in: /opt/gradle/.gradle/native
Initialized jansi services in: /opt/gradle/.gradle/native
Removing 0 daemon stop events from registry
Starting a Gradle Daemon, 2 busy Daemons could not be reused, use --status for details
Starting process 'Gradle build daemon'. Working directory: /opt/gradle/.gradle/daemon/9.3.1 Command: /usr/lib/jvm/temurin-21-jdk-amd64/bin/java --add-opens=java.base/java.lang=ALL-UNNAMED --add-opens=java.base/java.lang.invoke=ALL-UNNAMED --add-opens=java.base/java.util=ALL-UNNAMED --add-opens=java.prefs/java.util.prefs=ALL-UNNAMED --add-exports=jdk.compiler/com.sun.tools.javac.api=ALL-UNNAMED --add-exports=jdk.compiler/com.sun.tools.javac.util=ALL-UNNAMED --add-opens=java.base/java.util=ALL-UNNAMED --add-opens=java.prefs/java.util.prefs=ALL-UNNAMED --add-opens=java.base/java.nio.charset=ALL-UNNAMED --add-opens=java.base/java.net=ALL-UNNAMED --add-opens=java.base/java.util.concurrent=ALL-UNNAMED --add-opens=java.base/java.util.concurrent.atomic=ALL-UNNAMED --add-opens=java.xml/javax.xml.namespace=ALL-UNNAMED --add-opens=java.base/java.time=ALL-UNNAMED -Xmx4g -Dfile.encoding=UTF-8 -Duser.country=US -Duser.language=en -Duser.variant -cp /opt/gradle/gradle-9.3.1/lib/gradle-daemon-main-9.3.1.jar -javaagent:/opt/gradle/gradle-9.3.1/lib/agents/gradle-instrumentation-agent-9.3.1.jar org.gradle.launcher.daemon.bootstrap.GradleDaemon 9.3.1
Successfully started process 'Gradle build daemon'
An attempt to start the daemon took 2.373 secs.
The client will now receive all logging from the daemon (pid: 398). The daemon log file: /opt/gradle/.gradle/daemon/9.3.1/daemon-398.out.log
Starting build in new daemon [memory: 4 GiB]
Using 4 worker leases.
Operational build model parameters: {requiresToolingModels=false, parallelProjectExecution=true, configureOnDemand=false, configurationCache=true, configurationCacheParallelStore=false, configurationCacheParallelLoad=true, isolatedProjects=false, parallelProjectConfiguration=false, intermediateModelCache=false, parallelToolingApiActions=true, invalidateCoupledProjects=false, modelAsProjectDependency=false, resilientModelBuilding=false}
Received JVM installation metadata from '/usr/lib/jvm/temurin-21-jdk-amd64': {JAVA_HOME=/usr/lib/jvm/temurin-21-jdk-amd64, JAVA_VERSION=21.0.11, JAVA_VENDOR=Eclipse Adoptium, RUNTIME_NAME=OpenJDK Runtime Environment, RUNTIME_VERSION=21.0.11+10-LTS, VM_NAME=OpenJDK 64-Bit Server VM, VM_VERSION=21.0.11+10-LTS, VM_VENDOR=Eclipse Adoptium, OS_ARCH=amd64}
Encryption key source: default Gradle keystore (pkcs12)
Invalidating in-memory cache of /opt/gradle/.gradle/caches/journal-1/file-access.bin
Calculating task graph as no cached configuration is available for tasks: testDebugUnitTest --tests com.example.data.database.DatabaseMigrationTest.testMigration34To35
Watching the file system is configured to be enabled if available
Unable to list file systems to check whether they can be watched. Disabling watching. Reason: Could not query file systems: could not open mount file (errno 2: No such file or directory)
File system watching is inactive
Invalidating in-memory cache of /app/applet/.gradle/9.3.1/fileHashes/fileHashes.bin
Invalidating in-memory cache of /app/applet/.gradle/9.3.1/fileHashes/resourceHashesCache.bin
Starting Build
Invalidating in-memory cache of /opt/gradle/.gradle/caches/9.3.1/fileHashes/fileHashes.bin
Invalidating in-memory cache of /opt/gradle/.gradle/caches/9.3.1/fileHashes/resourceHashesCache.bin
Invalidating in-memory cache of /opt/gradle/.gradle/caches/9.3.1/fileHashes/kotlinDslCompileAvoidanceClasspathHashCache.bin
Invalidating in-memory cache of /opt/gradle/.gradle/caches/9.3.1/fileHashes/fileHashes.bin
Invalidating in-memory cache of /opt/gradle/.gradle/caches/9.3.1/fileHashes/resourceHashesCache.bin
Invalidating in-memory cache of /opt/gradle/.gradle/caches/journal-1/file-access.bin
Resolved plugin [id: 'org.gradle.toolchains.foojay-resolver-convention', version: '1.0.0']
Invalidating in-memory cache of /opt/gradle/.gradle/caches/journal-1/file-access.bin
Invalidating in-memory cache of /opt/gradle/.gradle/caches/9.3.1/fileHashes/kotlinDslCompileAvoidanceClasspathHashCache.bin
Invalidating in-memory cache of /opt/gradle/.gradle/caches/9.3.1/fileHashes/fileHashes.bin
Invalidating in-memory cache of /opt/gradle/.gradle/caches/9.3.1/fileHashes/resourceHashesCache.bin
Invalidating in-memory cache of /opt/gradle/.gradle/caches/9.3.1/fileHashes/kotlinDslCompileAvoidanceClasspathHashCache.bin
Invalidating in-memory cache of /opt/gradle/.gradle/caches/9.3.1/fileHashes/fileHashes.bin
Invalidating in-memory cache of /opt/gradle/.gradle/caches/9.3.1/fileHashes/resourceHashesCache.bin
Invalidating in-memory cache of /opt/gradle/.gradle/caches/journal-1/file-access.bin
Settings evaluated using settings file '/app/applet/settings.gradle.kts'.
Using local directory build cache for the root build (location = /opt/gradle/.gradle/caches/build-cache-1, remove unused entries = after 7 days).
Invalidating in-memory cache of /app/applet/.gradle/9.3.1/fileHashes/fileHashes.bin
Invalidating in-memory cache of /app/applet/.gradle/9.3.1/fileHashes/resourceHashesCache.bin
Invalidating in-memory cache of /opt/gradle/.gradle/caches/journal-1/file-access.bin
Invalidating in-memory cache of /opt/gradle/.gradle/caches/9.3.1/fileHashes/kotlinDslCompileAvoidanceClasspathHashCache.bin
Invalidating in-memory cache of /opt/gradle/.gradle/caches/9.3.1/fileHashes/fileHashes.bin
Invalidating in-memory cache of /opt/gradle/.gradle/caches/9.3.1/fileHashes/resourceHashesCache.bin
Invalidating in-memory cache of /app/applet/.gradle/9.3.1/fileHashes/fileHashes.bin
Invalidating in-memory cache of /app/applet/.gradle/9.3.1/fileHashes/resourceHashesCache.bin
Projects loaded. Root project using build file '/app/applet/build.gradle.kts'.
Included projects: [root project 'My Application', project ':app']

> Configure project :
Evaluating root project 'My Application' using build file '/app/applet/build.gradle.kts'.
Invalidating in-memory cache of /opt/gradle/.gradle/caches/journal-1/file-access.bin
Invalidating in-memory cache of /opt/gradle/.gradle/caches/9.3.1/fileHashes/kotlinDslCompileAvoidanceClasspathHashCache.bin
Invalidating in-memory cache of /opt/gradle/.gradle/caches/9.3.1/fileHashes/fileHashes.bin
Invalidating in-memory cache of /opt/gradle/.gradle/caches/9.3.1/fileHashes/resourceHashesCache.bin
Resolved plugin [id: 'com.android.application', version: '9.1.1', apply: false]
Resolved plugin [id: 'org.jetbrains.kotlin.plugin.compose', version: '2.2.10', apply: false]
Resolved plugin [id: 'com.google.devtools.ksp', version: '2.3.5', apply: false]
Resolved plugin [id: 'io.github.takahirom.roborazzi', version: '1.59.0', apply: false]
Resolved plugin [id: 'com.google.android.libraries.mapsplatform.secrets-gradle-plugin', version: '2.0.1', apply: false]
Resolved plugin [id: 'com.google.gms.google-services', version: '4.5.0', apply: false]
Invalidating in-memory cache of /opt/gradle/.gradle/caches/journal-1/file-access.bin
Invalidating in-memory cache of /opt/gradle/.gradle/caches/9.3.1/fileHashes/kotlinDslCompileAvoidanceClasspathHashCache.bin
Invalidating in-memory cache of /opt/gradle/.gradle/caches/9.3.1/fileHashes/fileHashes.bin
Invalidating in-memory cache of /opt/gradle/.gradle/caches/9.3.1/fileHashes/resourceHashesCache.bin

> Configure project :app
Evaluating project ':app' using build file '/app/applet/app/build.gradle.kts'.
Resolved plugin [id: 'com.android.application', version: '9.1.1']
Resolved plugin [id: 'org.jetbrains.kotlin.plugin.compose', version: '2.2.10']
Resolved plugin [id: 'com.google.devtools.ksp', version: '2.3.5']
Resolved plugin [id: 'io.github.takahirom.roborazzi', version: '1.59.0']
Resolved plugin [id: 'com.google.android.libraries.mapsplatform.secrets-gradle-plugin', version: '2.0.1']
Resolved plugin [id: 'com.google.gms.google-services', version: '4.5.0']
Resolved plugin [id: 'org.jetbrains.kotlin.plugin.serialization', version: '2.2.10']
Invalidating in-memory cache of /opt/gradle/.gradle/caches/journal-1/file-access.bin
Invalidating in-memory cache of /opt/gradle/.gradle/caches/9.3.1/fileHashes/kotlinDslCompileAvoidanceClasspathHashCache.bin
Invalidating in-memory cache of /opt/gradle/.gradle/caches/9.3.1/fileHashes/fileHashes.bin
Invalidating in-memory cache of /opt/gradle/.gradle/caches/9.3.1/fileHashes/resourceHashesCache.bin
Build f5f921f4-18f0-4023-9e1d-add1fd01bc2d is started
Using default execution profile
Invalidating in-memory cache of /opt/gradle/.gradle/caches/9.3.1/fileHashes/kotlinDslCompileAvoidanceClasspathHashCache.bin
Invalidating in-memory cache of /opt/gradle/.gradle/caches/9.3.1/fileHashes/fileHashes.bin
Invalidating in-memory cache of /opt/gradle/.gradle/caches/9.3.1/fileHashes/resourceHashesCache.bin
Invalidating in-memory cache of /opt/gradle/.gradle/caches/journal-1/file-access.bin
Invalidating in-memory cache of /app/applet/.gradle/9.3.1/fileHashes/fileHashes.bin
Invalidating in-memory cache of /app/applet/.gradle/9.3.1/fileHashes/resourceHashesCache.bin
Detected Android Gradle Plugin compose compiler configuration
Detected Android Gradle Plugin compose compiler configuration
Detected Android Gradle Plugin compose compiler configuration
Detected Android Gradle Plugin compose compiler configuration
All projects evaluated.
Task name matched 'testDebugUnitTest'
Selected primary task 'testDebugUnitTest' from project :
Adding -Xuse-inline-scopes-numbers Kotlin compiler flag for task :app:compileDebugKotlin
Tasks to be executed: [task ':app:preBuild', task ':app:preDebugBuild', task ':app:generateDebugBuildConfig', task ':app:generateDebugResources', task ':app:processDebugGoogleServices', task ':app:packageDebugResources', task ':app:processDebugNavigationResources', task ':app:parseDebugLocalResources', task ':app:generateDebugRFile', task ':app:kspDebugKotlin', task ':app:compileDebugKotlin', task ':app:javaPreCompileDebug', task ':app:compileDebugJavaWithJavac', task ':app:checkDebugAarMetadata', task ':app:mapDebugSourceSetPaths', task ':app:compileDebugNavigationResources', task ':app:mergeDebugResources', task ':app:createDebugCompatibleScreenManifests', task ':app:extractDeepLinksDebug', task ':app:processDebugMainManifest', task ':app:processDebugManifest', task ':app:processDebugManifestForPackage', task ':app:processDebugResources', task ':app:bundleDebugClassesToRuntimeJar', task ':app:bundleDebugClassesToCompileJar', task ':app:kspDebugUnitTestKotlin', task ':app:preDebugUnitTestBuild', task ':app:compileDebugUnitTestKotlin', task ':app:javaPreCompileDebugUnitTest', task ':app:compileDebugUnitTestJavaWithJavac', task ':app:generateDebugAssets', task ':app:mergeDebugAssets', task ':app:packageDebugUnitTestForUnitTest', task ':app:processDebugUnitTestManifest', task ':app:generateDebugUnitTestConfig', task ':app:processDebugJavaRes', task ':app:processDebugUnitTestJavaRes', task ':app:testDebugUnitTest', task ':app:finalizeTestRoborazziDebug']
Tasks that were excluded: []
Invalidating in-memory cache of /opt/gradle/.gradle/caches/journal-1/file-access.bin
Invalidating in-memory cache of /opt/gradle/.gradle/caches/journal-1/file-access.bin
Registered task dependencies: app:debugCompileClasspath
Skipping misunderstood TO dep string: androidx.compose.ui:ui-test-manifest
Skipping misunderstood TO dep string: org.jetbrains.kotlin:kotlin-stdlib
Skipping misunderstood TO dep string: org.jetbrains.kotlin:kotlin-stdlib
Skipping misunderstood TO dep string: androidx.compose.ui:ui-tooling
Skipping misunderstood TO dep string: com.google.firebase:firebase-messaging
Skipping misunderstood TO dep string: org.jetbrains.kotlin:kotlin-stdlib
Skipping misunderstood TO dep string: androidx.compose.material:material-icons-core
Skipping misunderstood TO dep string: androidx.compose.material:material-icons-extended
Skipping misunderstood TO dep string: androidx.compose.material3:material3
Skipping misunderstood TO dep string: androidx.compose.ui:ui
Skipping misunderstood TO dep string: androidx.compose.ui:ui-graphics
Skipping misunderstood TO dep string: androidx.compose.ui:ui-tooling-preview
Skipping misunderstood TO dep string: androidx.compose.runtime:runtime-livedata
Skipping misunderstood TO dep string: org.jetbrains.kotlin:kotlin-stdlib
Skipping misunderstood TO dep string: org.jetbrains.kotlin:kotlin-stdlib
Skipping misunderstood TO dep string: org.jetbrains.kotlin:kotlin-stdlib
Starting dependency analysis
Invalidating in-memory cache of /opt/gradle/.gradle/caches/journal-1/file-access.bin
Invalidating in-memory cache of /opt/gradle/.gradle/caches/journal-1/file-access.bin
Registered task dependencies: app:kotlinCompilerPluginClasspath
Starting dependency analysis
Registered task dependencies: app:kotlinCompilerPluginClasspathDebug
Starting dependency analysis
Registered task dependencies: app:kotlinCompilerClasspath
Starting dependency analysis
Invalidating in-memory cache of /opt/gradle/.gradle/caches/journal-1/file-access.bin
Invalidating in-memory cache of /opt/gradle/.gradle/caches/9.3.1/fileHashes/kotlinDslCompileAvoidanceClasspathHashCache.bin
Invalidating in-memory cache of /opt/gradle/.gradle/caches/9.3.1/fileHashes/fileHashes.bin
Invalidating in-memory cache of /opt/gradle/.gradle/caches/9.3.1/fileHashes/resourceHashesCache.bin
Downloading https://dl.google.com/dl/android/maven2/androidx/compose/ui/ui-test/1.7.2/ui-test-1.7.2.pom to /opt/gradle/.gradle/.tmp/gradle_download6634018027293222041bin
Invalidating in-memory cache of /app/applet/.gradle/9.3.1/checksums/md5-checksums.bin
Invalidating in-memory cache of /app/applet/.gradle/9.3.1/checksums/sha256-checksums.bin
Invalidating in-memory cache of /app/applet/.gradle/9.3.1/checksums/sha1-checksums.bin
Invalidating in-memory cache of /app/applet/.gradle/9.3.1/checksums/sha512-checksums.bin
Invalidating in-memory cache of /opt/gradle/.gradle/caches/journal-1/file-access.bin
Downloading https://dl.google.com/dl/android/maven2/androidx/compose/ui/ui-test/1.7.2/ui-test-1.7.2.module to /opt/gradle/.gradle/.tmp/gradle_download14149499913743023153bin
Downloading https://dl.google.com/dl/android/maven2/androidx/compose/ui/ui-test-junit4/1.7.2/ui-test-junit4-1.7.2.pom to /opt/gradle/.gradle/.tmp/gradle_download13628917411173422252bin
Downloading https://dl.google.com/dl/android/maven2/androidx/compose/ui/ui-test-junit4/1.7.2/ui-test-junit4-1.7.2.module to /opt/gradle/.gradle/.tmp/gradle_download9609664622877110965bin
Downloading https://dl.google.com/dl/android/maven2/androidx/compose/ui/ui-test-junit4-android/1.7.2/ui-test-junit4-android-1.7.2.pom to /opt/gradle/.gradle/.tmp/gradle_download1933545956145067956bin
Downloading https://dl.google.com/dl/android/maven2/androidx/compose/ui/ui-test-junit4-android/1.7.2/ui-test-junit4-android-1.7.2.module to /opt/gradle/.gradle/.tmp/gradle_download16135823731976599179bin
Downloading https://dl.google.com/dl/android/maven2/androidx/compose/ui/ui-test-android/1.7.2/ui-test-android-1.7.2.pom to /opt/gradle/.gradle/.tmp/gradle_download11721371325533553792bin
Downloading https://dl.google.com/dl/android/maven2/androidx/compose/ui/ui-test-android/1.7.2/ui-test-android-1.7.2.module to /opt/gradle/.gradle/.tmp/gradle_download17374146557446714723bin
Registered task dependencies: app:debugUnitTestCompileClasspath
Skipping misunderstood TO dep string: androidx.compose.ui:ui-test-manifest
Skipping misunderstood TO dep string: org.jetbrains.kotlin:kotlin-stdlib
Skipping misunderstood TO dep string: org.jetbrains.kotlin:kotlin-stdlib
Skipping misunderstood TO dep string: androidx.compose.ui:ui-tooling
Skipping misunderstood TO dep string: project :app
Skipping misunderstood TO dep string: com.google.firebase:firebase-messaging
Skipping misunderstood TO dep string: org.jetbrains.kotlin:kotlin-stdlib
Skipping misunderstood TO dep string: androidx.compose.material:material-icons-core
Skipping misunderstood TO dep string: androidx.compose.material:material-icons-extended
Skipping misunderstood TO dep string: androidx.compose.material3:material3
Skipping misunderstood TO dep string: androidx.compose.ui:ui
Skipping misunderstood TO dep string: androidx.compose.ui:ui-graphics
Skipping misunderstood TO dep string: androidx.compose.ui:ui-tooling-preview
Skipping misunderstood TO dep string: androidx.compose.runtime:runtime-livedata
Skipping misunderstood TO dep string: org.jetbrains.kotlin:kotlin-stdlib
Skipping misunderstood TO dep string: org.jetbrains.kotlin:kotlin-stdlib
Skipping misunderstood TO dep string: org.jetbrains.kotlin:kotlin-stdlib
Skipping misunderstood TO dep string: androidx.compose.ui:ui-test-junit4
Starting dependency analysis
Downloading https://dl.google.com/dl/android/maven2/androidx/compose/ui/ui-test-android/1.7.2/ui-test-android-1.7.2.aar to /opt/gradle/.gradle/.tmp/gradle_download4055121387336928950bin
Invalidating in-memory cache of /opt/gradle/.gradle/caches/journal-1/file-access.bin
Downloading https://dl.google.com/dl/android/maven2/androidx/compose/ui/ui-test-junit4-android/1.7.2/ui-test-junit4-android-1.7.2.aar to /opt/gradle/.gradle/.tmp/gradle_download8511277423524298467bin
Registered task dependencies: app:kotlinCompilerPluginClasspathDebugUnitTest
Starting dependency analysis
Roborazzi: Set output dir file collection to test task
Roborazzi: Set output dir /app/applet/app/build/intermediates/roborazzi to test task
Roborazzi: Set output dir /app/applet/app/build/test-results/roborazzi/debug/results to test task
Roborazzi: Set output file /app/applet/app/build/test-results/roborazzi/debug/results-summary.json to test task
Roborazzi: Set output file /app/applet/app/build/reports/roborazzi/debug/index.html to test task
Build f5f921f4-18f0-4023-9e1d-add1fd01bc2d is closed
Using local directory build cache for the root build (location = /opt/gradle/.gradle/caches/build-cache-1, remove unused entries = after 7 days).
Invalidating in-memory cache of /opt/gradle/.gradle/caches/9.3.1/fileHashes/kotlinDslCompileAvoidanceClasspathHashCache.bin
Invalidating in-memory cache of /opt/gradle/.gradle/caches/9.3.1/fileHashes/fileHashes.bin
Invalidating in-memory cache of /opt/gradle/.gradle/caches/9.3.1/fileHashes/resourceHashesCache.bin
Ignoring listeners of task graph ready event, as this build (:) has already executed work.
Resolve mutations for :app:preBuild (Thread[#82,Execution worker,5,main]) started.
Resolve mutations for :app:processDebugGoogleServices (Thread[#84,Execution worker Thread 3,5,main]) started.
Resolve mutations for :app:generateDebugAssets (Thread[#81,included builds,5,main]) started.
:app:preBuild (Thread[#82,Execution worker,5,main]) started.
:app:generateDebugAssets (Thread[#81,included builds,5,main]) started.
:app:processDebugGoogleServices (Thread[#84,Execution worker Thread 3,5,main]) started.

> Task :app:preBuild UP-TO-DATE
Skipping task ':app:preBuild' as it has no actions.

> Task :app:generateDebugAssets UP-TO-DATE
Skipping task ':app:generateDebugAssets' as it has no actions.
Resolve mutations for :app:preDebugBuild (Thread[#82,Execution worker,5,main]) started.
:app:preDebugBuild (Thread[#82,Execution worker,5,main]) started.
Resolve mutations for :app:preDebugUnitTestBuild (Thread[#81,included builds,5,main]) started.
:app:preDebugUnitTestBuild (Thread[#81,included builds,5,main]) started.

> Task :app:preDebugUnitTestBuild UP-TO-DATE
Skipping task ':app:preDebugUnitTestBuild' as it has no actions.
Resolve mutations for :app:javaPreCompileDebugUnitTest (Thread[#81,included builds,5,main]) started.

> Task :app:preDebugBuild UP-TO-DATE
Skipping task ':app:preDebugBuild' as it has no actions.
:app:javaPreCompileDebugUnitTest (Thread[#81,included builds,5,main]) started.
Resolve mutations for :app:generateDebugBuildConfig (Thread[#82,Execution worker,5,main]) started.
Resolve mutations for :app:generateDebugResources (Thread[#83,Execution worker Thread 2,5,main]) started.
:app:generateDebugBuildConfig (Thread[#82,Execution worker,5,main]) started.
:app:generateDebugResources (Thread[#83,Execution worker Thread 2,5,main]) started.

> Task :app:generateDebugBuildConfig UP-TO-DATE
Build cache key for task ':app:generateDebugBuildConfig' is 36408124811ab6deeeb3168fd6237e81
Skipping task ':app:generateDebugBuildConfig' as it is up-to-date.

> Task :app:processDebugGoogleServices UP-TO-DATE
Build cache key for task ':app:processDebugGoogleServices' is d3dccb798b66801ad258b6d0f6dc6721
Skipping task ':app:processDebugGoogleServices' as it is up-to-date.

> Task :app:generateDebugResources UP-TO-DATE
Build cache key for task ':app:generateDebugResources' is d63f4f88e38edf7ac7596392a8d2b422
Skipping task ':app:generateDebugResources' as it is up-to-date.
Resolve mutations for :app:processDebugNavigationResources (Thread[#82,Execution worker,5,main]) started.
Resolve mutations for :app:kspDebugKotlin (Thread[#84,Execution worker Thread 3,5,main]) started.
Resolve mutations for :app:packageDebugResources (Thread[#83,Execution worker Thread 2,5,main]) started.
:app:processDebugNavigationResources (Thread[#82,Execution worker,5,main]) started.
:app:packageDebugResources (Thread[#83,Execution worker Thread 2,5,main]) started.
:app:kspDebugKotlin (Thread[#84,Execution worker Thread 3,5,main]) started.

> Task :app:packageDebugResources UP-TO-DATE
Build cache key for task ':app:packageDebugResources' is 9fab4e89bdffc24fd735a1c3cdb70be0
Skipping task ':app:packageDebugResources' as it is up-to-date.
Resolve mutations for :app:javaPreCompileDebug (Thread[#83,Execution worker Thread 2,5,main]) started.
:app:javaPreCompileDebug (Thread[#83,Execution worker Thread 2,5,main]) started.

> Task :app:javaPreCompileDebug UP-TO-DATE
Build cache key for task ':app:javaPreCompileDebug' is c0cfc98fe2791820c41f2ce60a8578b5
Skipping task ':app:javaPreCompileDebug' as it is up-to-date.
Resolve mutations for :app:checkDebugAarMetadata (Thread[#83,Execution worker Thread 2,5,main]) started.
:app:checkDebugAarMetadata (Thread[#83,Execution worker Thread 2,5,main]) started.

> Task :app:javaPreCompileDebugUnitTest
Invalidating in-memory cache of /app/applet/.gradle/buildOutputCleanup/outputFiles.bin
Build cache key for task ':app:javaPreCompileDebugUnitTest' is ea41c56501cf3b937c3fb36c864a0ba3
Task ':app:javaPreCompileDebugUnitTest' is not up-to-date because:
  No history is available.

> Task :app:processDebugNavigationResources UP-TO-DATE
Invalidating in-memory cache of /opt/gradle/.gradle/caches/9.3.1/fileHashes/kotlinDslCompileAvoidanceClasspathHashCache.bin
Invalidating in-memory cache of /opt/gradle/.gradle/caches/9.3.1/fileHashes/fileHashes.bin
Invalidating in-memory cache of /opt/gradle/.gradle/caches/9.3.1/fileHashes/resourceHashesCache.bin
Invalidating in-memory cache of /opt/gradle/.gradle/caches/journal-1/file-access.bin
Invalidating in-memory cache of /opt/gradle/.gradle/caches/journal-1/file-access.bin
Build cache key for task ':app:processDebugNavigationResources' is 2ebd884081c260b1900321ed533be0d6
Skipping task ':app:processDebugNavigationResources' as it is up-to-date.
Resolve mutations for :app:parseDebugLocalResources (Thread[#82,Execution worker,5,main]) started.
:app:parseDebugLocalResources (Thread[#82,Execution worker,5,main]) started.

> Task :app:checkDebugAarMetadata UP-TO-DATE
Caching disabled for task ':app:checkDebugAarMetadata' because:
  Caching has been disabled for the task
Skipping task ':app:checkDebugAarMetadata' as it is up-to-date.
Resolve mutations for :app:mapDebugSourceSetPaths (Thread[#83,Execution worker Thread 2,5,main]) started.
:app:mapDebugSourceSetPaths (Thread[#83,Execution worker Thread 2,5,main]) started.

> Task :app:mapDebugSourceSetPaths UP-TO-DATE
Caching disabled for task ':app:mapDebugSourceSetPaths' because:
  Caching has been disabled for the task
Skipping task ':app:mapDebugSourceSetPaths' as it is up-to-date.
Resolve mutations for :app:compileDebugNavigationResources (Thread[#83,Execution worker Thread 2,5,main]) started.
:app:compileDebugNavigationResources (Thread[#83,Execution worker Thread 2,5,main]) started.

> Task :app:compileDebugNavigationResources UP-TO-DATE
Build cache key for task ':app:compileDebugNavigationResources' is ddf3bf157bcac54a48e53b097f5f1d12
Skipping task ':app:compileDebugNavigationResources' as it is up-to-date.
Resolve mutations for :app:mergeDebugResources (Thread[#83,Execution worker Thread 2,5,main]) started.
:app:mergeDebugResources (Thread[#83,Execution worker Thread 2,5,main]) started.

> Task :app:javaPreCompileDebugUnitTest
Stored cache entry for task ':app:javaPreCompileDebugUnitTest' with cache key ea41c56501cf3b937c3fb36c864a0ba3
Resolve mutations for :app:createDebugCompatibleScreenManifests (Thread[#81,included builds,5,main]) started.
:app:createDebugCompatibleScreenManifests (Thread[#81,included builds,5,main]) started.

> Task :app:createDebugCompatibleScreenManifests UP-TO-DATE
Caching disabled for task ':app:createDebugCompatibleScreenManifests' because:
  Caching has been disabled for the task
Skipping task ':app:createDebugCompatibleScreenManifests' as it is up-to-date.
Resolve mutations for :app:extractDeepLinksDebug (Thread[#81,included builds,5,main]) started.
:app:extractDeepLinksDebug (Thread[#81,included builds,5,main]) started.

> Task :app:parseDebugLocalResources UP-TO-DATE
Invalidating in-memory cache of /opt/gradle/.gradle/caches/9.3.1/fileHashes/kotlinDslCompileAvoidanceClasspathHashCache.bin
Invalidating in-memory cache of /opt/gradle/.gradle/caches/9.3.1/fileHashes/fileHashes.bin
Invalidating in-memory cache of /opt/gradle/.gradle/caches/9.3.1/fileHashes/resourceHashesCache.bin
Build cache key for task ':app:parseDebugLocalResources' is 8a3cd3bd84ff3043aba828a61f2ff5f7
Skipping task ':app:parseDebugLocalResources' as it is up-to-date.
Resolve mutations for :app:generateDebugRFile (Thread[#82,Execution worker,5,main]) started.
:app:generateDebugRFile (Thread[#82,Execution worker,5,main]) started.

> Task :app:extractDeepLinksDebug UP-TO-DATE
Invalidating in-memory cache of /app/applet/.gradle/9.3.1/fileHashes/fileHashes.bin
Invalidating in-memory cache of /app/applet/.gradle/9.3.1/fileHashes/resourceHashesCache.bin
Build cache key for task ':app:extractDeepLinksDebug' is e8a5e7035409f2f46276d0eacdeca9c6
Skipping task ':app:extractDeepLinksDebug' as it is up-to-date.
Resolve mutations for :app:processDebugMainManifest (Thread[#81,included builds,5,main]) started.
:app:processDebugMainManifest (Thread[#81,included builds,5,main]) started.

> Task :app:generateDebugRFile UP-TO-DATE
Build cache key for task ':app:generateDebugRFile' is 38eeffffb9277d4a9ad4e00df2919dfc
Skipping task ':app:generateDebugRFile' as it is up-to-date.
Resolve mutations for :app:mergeDebugAssets (Thread[#82,Execution worker,5,main]) started.
:app:mergeDebugAssets (Thread[#82,Execution worker,5,main]) started.

> Task :app:kspDebugKotlin
Invalidating in-memory cache of /opt/gradle/.gradle/caches/9.3.1/fileHashes/kotlinDslCompileAvoidanceClasspathHashCache.bin
Invalidating in-memory cache of /opt/gradle/.gradle/caches/9.3.1/fileHashes/fileHashes.bin
Invalidating in-memory cache of /opt/gradle/.gradle/caches/9.3.1/fileHashes/resourceHashesCache.bin

> Task :app:mergeDebugAssets UP-TO-DATE
Invalidating in-memory cache of /opt/gradle/.gradle/caches/journal-1/file-access.bin
Invalidating in-memory cache of /opt/gradle/.gradle/caches/9.3.1/fileHashes/kotlinDslCompileAvoidanceClasspathHashCache.bin
Invalidating in-memory cache of /opt/gradle/.gradle/caches/9.3.1/fileHashes/fileHashes.bin
Invalidating in-memory cache of /opt/gradle/.gradle/caches/9.3.1/fileHashes/resourceHashesCache.bin
Caching disabled for task ':app:mergeDebugAssets' because:
  Simple merging task
Skipping task ':app:mergeDebugAssets' as it is up-to-date.
work action resolve navigation.json (project :app) (Thread[#82,Execution worker,5,main]) started.

> Task :app:processDebugMainManifest
Invalidating in-memory cache of /app/applet/.gradle/9.3.1/fileHashes/fileHashes.bin
Invalidating in-memory cache of /app/applet/.gradle/9.3.1/fileHashes/resourceHashesCache.bin
Build cache key for task ':app:processDebugMainManifest' is b7076333b9cc1c145529092f5797cef8
Skipping task ':app:processDebugMainManifest' as it is up-to-date.

> Task :app:processDebugMainManifest UP-TO-DATE
Resolve mutations for :app:processDebugManifest (Thread[#81,included builds,5,main]) started.
Resolve mutations for :app:processDebugUnitTestManifest (Thread[#82,Execution worker,5,main]) started.
:app:processDebugManifest (Thread[#81,included builds,5,main]) started.

> Task :app:mergeDebugResources UP-TO-DATE
Build cache key for task ':app:mergeDebugResources' is e12875d8a5ef3097dad10593f31a3fbe
Skipping task ':app:mergeDebugResources' as it is up-to-date.
:app:processDebugUnitTestManifest (Thread[#82,Execution worker,5,main]) started.

> Task :app:processDebugManifest UP-TO-DATE
Build cache key for task ':app:processDebugManifest' is 3e659eba9fe8bd4964a3f759cae67c8b
Skipping task ':app:processDebugManifest' as it is up-to-date.
Resolve mutations for :app:processDebugManifestForPackage (Thread[#81,included builds,5,main]) started.
:app:processDebugManifestForPackage (Thread[#81,included builds,5,main]) started.

> Task :app:processDebugManifestForPackage UP-TO-DATE
Build cache key for task ':app:processDebugManifestForPackage' is a7d882ead0cea359adacabb1d91bf2c0
Skipping task ':app:processDebugManifestForPackage' as it is up-to-date.
Resolve mutations for :app:processDebugResources (Thread[#81,included builds,5,main]) started.
:app:processDebugResources (Thread[#81,included builds,5,main]) started.

> Task :app:kspDebugKotlin
Build cache key for task ':app:kspDebugKotlin' is 245f2f2c01190c05f66e89de64edc3f7
Task ':app:kspDebugKotlin' is not up-to-date because:
  No history is available.
The input changes require a full rebuild for incremental task ':app:kspDebugKotlin'.
i: [ksp] loaded provider(s): [androidx.room.RoomKspProcessor$Provider, com.squareup.moshi.kotlin.codegen.ksp.JsonClassSymbolProcessorProvider]

> Task :app:processDebugUnitTestManifest
Caching disabled for ExtractAarTransform: /opt/gradle/.gradle/caches/modules-2/files-2.1/io.github.takahirom.roborazzi/roborazzi-compose/1.59.0/42b29bb81eb3e3285bd024f261b8c0a5b04ddc65/roborazzi-compose-1.59.0.aar because:
  Caching not enabled.
Caching disabled for ExtractAarTransform: /opt/gradle/.gradle/caches/modules-2/files-2.1/io.github.takahirom.roborazzi/roborazzi-core-android/1.59.0/943ff53bc003d30f26737854a2d137e8aac3d08e/roborazzi-core-release.aar because:
  Caching not enabled.
Caching disabled for AarTransform: /opt/gradle/.gradle/caches/9.3.1/transforms/d673848f22d3b7f5a8613ee0a6af265b/transformed/roborazzi-core-release because:
  Caching not enabled.
Caching disabled for AarTransform: /opt/gradle/.gradle/caches/9.3.1/transforms/acc780bb066cb1b3ab7beda6665ceb51/transformed/roborazzi-compose-1.59.0 because:
  Caching not enabled.
Caching disabled for ExtractAarTransform: /opt/gradle/.gradle/caches/modules-2/files-2.1/androidx.test.ext/junit-ktx/1.2.1/49dd8ee25a6c4da2f06b4e2f6acc56533cc7ea99/junit-ktx-1.2.1.aar because:
  Caching not enabled.
Caching disabled for AarTransform: /opt/gradle/.gradle/caches/9.3.1/transforms/2286e6170681f86143f5de97da8c5562/transformed/junit-ktx-1.2.1 because:
  Caching not enabled.
Caching disabled for ExtractAarTransform: /opt/gradle/.gradle/caches/modules-2/files-2.1/androidx.compose.ui/ui-test-junit4-android/1.7.2/c16110d3cebce1c267fc12d9b14f7c7a76fef4b8/ui-test-junit4-release.aar because:
  Caching not enabled.
Caching disabled for ExtractAarTransform: /opt/gradle/.gradle/caches/modules-2/files-2.1/androidx.test.ext/junit/1.3.0/1461515f981eb6342553074fc9ffa0528c083f86/junit-1.3.0.aar because:
  Caching not enabled.
Caching disabled for AarTransform: /opt/gradle/.gradle/caches/9.3.1/transforms/c3890ddda7e2d8c3691041d8969798b0/transformed/ui-test-junit4-release because:
  Caching not enabled.
Caching disabled for AarTransform: /opt/gradle/.gradle/caches/9.3.1/transforms/fd3773a01f332c5354d72f1c1bcb01f8/transformed/junit-1.3.0 because:
  Caching not enabled.
Caching disabled for ExtractAarTransform: /opt/gradle/.gradle/caches/modules-2/files-2.1/androidx.test.espresso/espresso-core/3.5.1/ad190e8b95ac21ceab785c880d5c781d9731c703/espresso-core-3.5.1.aar because:
  Caching not enabled.
Caching disabled for ExtractAarTransform: /opt/gradle/.gradle/caches/modules-2/files-2.1/androidx.compose.ui/ui-test-android/1.7.2/b66593be279bf0f318a67538c719f6e8db51369c/ui-test-release.aar because:
  Caching not enabled.
Caching disabled for AarTransform: /opt/gradle/.gradle/caches/9.3.1/transforms/547e3cc7ab5ea171ebe777879c4a64f3/transformed/espresso-core-3.5.1 because:
  Caching not enabled.
Caching disabled for ExtractAarTransform: /opt/gradle/.gradle/caches/modules-2/files-2.1/androidx.test/core/1.7.0/442a8eec92a3a26cd48e9605b161611520efd586/core-1.7.0.aar because:
  Caching not enabled.
Caching disabled for AarTransform: /opt/gradle/.gradle/caches/9.3.1/transforms/af7b12f17668fbc3d27152af0ebda415/transformed/core-1.7.0 because:
  Caching not enabled.
Caching disabled for ExtractAarTransform: /opt/gradle/.gradle/caches/modules-2/files-2.1/androidx.test/runner/1.5.2/e49fcc24df6f63c20334b8c8a065b838bd6983cd/runner-1.5.2.aar because:
  Caching not enabled.
Caching disabled for AarTransform: /opt/gradle/.gradle/caches/9.3.1/transforms/cc36368ef5169fdec02ea0e86dd38668/transformed/ui-test-release because:
  Caching not enabled.
Caching disabled for ExtractAarTransform: /opt/gradle/.gradle/caches/modules-2/files-2.1/androidx.test.services/storage/1.6.0/25ee07e80508898ef0fb74ddec44f56fd7221011/storage-1.6.0.aar because:
  Caching not enabled.
Caching disabled for AarTransform: /opt/gradle/.gradle/caches/9.3.1/transforms/ffa3b81e2a15a2b983e59ec311876b9e/transformed/runner-1.5.2 because:
  Caching not enabled.
Caching disabled for AarTransform: /opt/gradle/.gradle/caches/9.3.1/transforms/b98d4cf3ef135cfbb2ab46d364aed014/transformed/storage-1.6.0 because:
  Caching not enabled.
Caching disabled for ExtractAarTransform: /opt/gradle/.gradle/caches/modules-2/files-2.1/androidx.test/monitor/1.8.0/3b49e700fa301ccfc2126d60d0a2064836cfec85/monitor-1.8.0.aar because:
  Caching not enabled.
Caching disabled for AarTransform: /opt/gradle/.gradle/caches/9.3.1/transforms/8f17a35bdf36e931aabb56049c651be8/transformed/monitor-1.8.0 because:
  Caching not enabled.
Caching disabled for ExtractAarTransform: /opt/gradle/.gradle/caches/modules-2/files-2.1/androidx.test/annotation/1.0.1/5b8f891800db5da96485d08b42b1e435bc0c43da/annotation-1.0.1.aar because:
  Caching not enabled.
Caching disabled for ExtractAarTransform: /opt/gradle/.gradle/caches/modules-2/files-2.1/androidx.test.espresso/espresso-idling-resource/3.7.0/70b1e522e90b228d9d1aad1b22409ebb7657f43e/espresso-idling-resource-3.7.0.aar because:
  Caching not enabled.
Caching disabled for AarTransform: /opt/gradle/.gradle/caches/9.3.1/transforms/c6a19315a08ee634f7c8dab4fb2225cc/transformed/espresso-idling-resource-3.7.0 because:
  Caching not enabled.
Caching disabled for AarTransform: /opt/gradle/.gradle/caches/9.3.1/transforms/a048db703cfeb453446c35bf9176b3ff/transformed/annotation-1.0.1 because:
  Caching not enabled.
Caching disabled for ExtractAarTransform: /opt/gradle/.gradle/caches/modules-2/files-2.1/io.github.takahirom.roborazzi/roborazzi-junit-rule/1.59.0/b78cfa91ffa2ff6dcabab32f1b921c9f2b724b1b/roborazzi-junit-rule-1.59.0.aar because:
  Caching not enabled.
Caching disabled for AarTransform: /opt/gradle/.gradle/caches/9.3.1/transforms/9d55e2149ae6c729613559823802ce92/transformed/roborazzi-junit-rule-1.59.0 because:
  Caching not enabled.
Caching disabled for ExtractAarTransform: /opt/gradle/.gradle/caches/modules-2/files-2.1/io.github.takahirom.roborazzi/roborazzi/1.59.0/d1df27a813cb398053bac7041e29c01f136603ed/roborazzi-1.59.0.aar because:
  Caching not enabled.
Caching disabled for AarTransform: /opt/gradle/.gradle/caches/9.3.1/transforms/55cedfb178fb3be353049267d33be1a5/transformed/roborazzi-1.59.0 because:
  Caching not enabled.
Caching disabled for AarTransform: /opt/gradle/.gradle/caches/9.3.1/transforms/d673848f22d3b7f5a8613ee0a6af265b/transformed/roborazzi-core-release because:
  Caching not enabled.
Caching disabled for AarTransform: /opt/gradle/.gradle/caches/9.3.1/transforms/2286e6170681f86143f5de97da8c5562/transformed/junit-ktx-1.2.1 because:
  Caching not enabled.
Caching disabled for AarTransform: /opt/gradle/.gradle/caches/9.3.1/transforms/c3890ddda7e2d8c3691041d8969798b0/transformed/ui-test-junit4-release because:
  Caching not enabled.
Caching disabled for AarTransform: /opt/gradle/.gradle/caches/9.3.1/transforms/fd3773a01f332c5354d72f1c1bcb01f8/transformed/junit-1.3.0 because:
  Caching not enabled.
Caching disabled for AarTransform: /opt/gradle/.gradle/caches/9.3.1/transforms/cc36368ef5169fdec02ea0e86dd38668/transformed/ui-test-release because:
  Caching not enabled.
Caching disabled for AarTransform: /opt/gradle/.gradle/caches/9.3.1/transforms/547e3cc7ab5ea171ebe777879c4a64f3/transformed/espresso-core-3.5.1 because:
  Caching not enabled.
Caching disabled for AarTransform: /opt/gradle/.gradle/caches/9.3.1/transforms/af7b12f17668fbc3d27152af0ebda415/transformed/core-1.7.0 because:
  Caching not enabled.
Caching disabled for AarTransform: /opt/gradle/.gradle/caches/9.3.1/transforms/ffa3b81e2a15a2b983e59ec311876b9e/transformed/runner-1.5.2 because:
  Caching not enabled.
Caching disabled for AarTransform: /opt/gradle/.gradle/caches/9.3.1/transforms/b98d4cf3ef135cfbb2ab46d364aed014/transformed/storage-1.6.0 because:
  Caching not enabled.
Caching disabled for AarTransform: /opt/gradle/.gradle/caches/9.3.1/transforms/8f17a35bdf36e931aabb56049c651be8/transformed/monitor-1.8.0 because:
  Caching not enabled.
Caching disabled for AarTransform: /opt/gradle/.gradle/caches/9.3.1/transforms/a048db703cfeb453446c35bf9176b3ff/transformed/annotation-1.0.1 because:
  Caching not enabled.
Caching disabled for AarTransform: /opt/gradle/.gradle/caches/9.3.1/transforms/c6a19315a08ee634f7c8dab4fb2225cc/transformed/espresso-idling-resource-3.7.0 because:
  Caching not enabled.
Caching disabled for AarTransform: /opt/gradle/.gradle/caches/9.3.1/transforms/55cedfb178fb3be353049267d33be1a5/transformed/roborazzi-1.59.0 because:
  Caching not enabled.
Caching disabled for AarTransform: /opt/gradle/.gradle/caches/9.3.1/transforms/9d55e2149ae6c729613559823802ce92/transformed/roborazzi-junit-rule-1.59.0 because:
  Caching not enabled.
Caching disabled for AarTransform: /opt/gradle/.gradle/caches/9.3.1/transforms/acc780bb066cb1b3ab7beda6665ceb51/transformed/roborazzi-compose-1.59.0 because:
  Caching not enabled.
Caching disabled for task ':app:processDebugUnitTestManifest' because:
  Caching has been disabled for the task
Task ':app:processDebugUnitTestManifest' is not up-to-date because:
  No history is available.
Generating in /app/applet/app/build/intermediates/tmp/manifest/test/debug/tempFile1ProcessTestManifest10662320669767164769.xml
Loading library manifest /app/applet/app/build/intermediates/tmp/manifest/test/debug/tempFile1ProcessTestManifest10662320669767164769.xml
Merging main manifest /app/applet/app/src/main/AndroidManifest.xml

Merging library manifest /app/applet/app/build/intermediates/tmp/manifest/test/debug/tempFile1ProcessTestManifest10662320669767164769.xml
Merging manifest with lower tempFile1ProcessTestManifest10662320669767164769.xml:2:1-7:12
uses-sdk defined in both files...
Merging uses-sdk with lower tempFile1ProcessTestManifest10662320669767164769.xml:5:5-74
/app/applet/app/src/main/AndroidManifest.xml:41:13-44:39 Warning:
	meta-data#androidx.work.WorkManagerInitializer was tagged at AndroidManifest.xml:41 to remove other declarations but no other declaration present
-- Merging decision tree log ---
provider#androidx.startup.InitializationProvider
INJECTED from /app/applet/app/src/main/AndroidManifest.xml:36:9-45:20
	tools:node
		ADDED from /app/applet/app/src/main/AndroidManifest.xml:40:13-31
	android:authorities
		INJECTED from /app/applet/app/src/main/AndroidManifest.xml
		ADDED from /app/applet/app/src/main/AndroidManifest.xml:38:13-68
	android:exported
		ADDED from /app/applet/app/src/main/AndroidManifest.xml:39:13-37
	android:name
		ADDED from /app/applet/app/src/main/AndroidManifest.xml:37:13-67
provider#androidx.core.content.FileProvider
INJECTED from /app/applet/app/src/main/AndroidManifest.xml:98:9-106:20
	android:grantUriPermissions
		ADDED from /app/applet/app/src/main/AndroidManifest.xml:102:13-47
	android:authorities
		INJECTED from /app/applet/app/src/main/AndroidManifest.xml
		ADDED from /app/applet/app/src/main/AndroidManifest.xml:100:13-60
	android:exported
		ADDED from /app/applet/app/src/main/AndroidManifest.xml:101:13-37
	android:name
		ADDED from /app/applet/app/src/main/AndroidManifest.xml:99:13-62
manifest
ADDED from /app/applet/app/src/main/AndroidManifest.xml:2:1-117:12
INJECTED from /app/applet/app/src/main/AndroidManifest.xml:2:1-117:12
MERGED from /app/applet/app/build/intermediates/tmp/manifest/test/debug/tempFile1ProcessTestManifest10662320669767164769.xml:2:1-7:12
	package
		INJECTED from /app/applet/app/src/main/AndroidManifest.xml
	xmlns:tools
		ADDED from /app/applet/app/src/main/AndroidManifest.xml:3:5-51
	xmlns:android
		ADDED from /app/applet/app/src/main/AndroidManifest.xml:2:11-69
uses-permission#android.permission.INTERNET
ADDED from /app/applet/app/src/main/AndroidManifest.xml:5:5-67
	android:name
		ADDED from /app/applet/app/src/main/AndroidManifest.xml:5:22-64
uses-permission#android.permission.ACCESS_NETWORK_STATE
ADDED from /app/applet/app/src/main/AndroidManifest.xml:6:5-79
	android:name
		ADDED from /app/applet/app/src/main/AndroidManifest.xml:6:22-76
uses-permission#android.permission.RECORD_AUDIO
ADDED from /app/applet/app/src/main/AndroidManifest.xml:7:5-71
	android:name
		ADDED from /app/applet/app/src/main/AndroidManifest.xml:7:22-68
uses-permission#android.permission.CAMERA
ADDED from /app/applet/app/src/main/AndroidManifest.xml:8:5-65
	android:name
		ADDED from /app/applet/app/src/main/AndroidManifest.xml:8:22-62
uses-feature#android.hardware.camera.any
ADDED from /app/applet/app/src/main/AndroidManifest.xml:9:5-64
	android:name
		ADDED from /app/applet/app/src/main/AndroidManifest.xml:9:19-61
uses-permission#android.permission.READ_EXTERNAL_STORAGE
ADDED from /app/applet/app/src/main/AndroidManifest.xml:10:5-107
	android:maxSdkVersion
		ADDED from /app/applet/app/src/main/AndroidManifest.xml:10:78-104
	android:name
		ADDED from /app/applet/app/src/main/AndroidManifest.xml:10:22-77
uses-permission#android.permission.READ_MEDIA_IMAGES
ADDED from /app/applet/app/src/main/AndroidManifest.xml:11:5-76
	android:name
		ADDED from /app/applet/app/src/main/AndroidManifest.xml:11:22-73
uses-permission#android.permission.READ_MEDIA_VIDEO
ADDED from /app/applet/app/src/main/AndroidManifest.xml:12:5-75
	android:name
		ADDED from /app/applet/app/src/main/AndroidManifest.xml:12:22-72
uses-permission#android.permission.FOREGROUND_SERVICE
ADDED from /app/applet/app/src/main/AndroidManifest.xml:13:5-77
	android:name
		ADDED from /app/applet/app/src/main/AndroidManifest.xml:13:22-74
uses-permission#android.permission.FOREGROUND_SERVICE_DATA_SYNC
ADDED from /app/applet/app/src/main/AndroidManifest.xml:14:5-87
	android:name
		ADDED from /app/applet/app/src/main/AndroidManifest.xml:14:22-84
uses-permission#android.permission.FOREGROUND_SERVICE_PHONE_CALL
ADDED from /app/applet/app/src/main/AndroidManifest.xml:15:5-88
	android:name
		ADDED from /app/applet/app/src/main/AndroidManifest.xml:15:22-85
uses-permission#android.permission.MANAGE_OWN_CALLS
ADDED from /app/applet/app/src/main/AndroidManifest.xml:16:5-75
	android:name
		ADDED from /app/applet/app/src/main/AndroidManifest.xml:16:22-72
uses-permission#android.permission.POST_NOTIFICATIONS
ADDED from /app/applet/app/src/main/AndroidManifest.xml:17:5-77
	android:name
		ADDED from /app/applet/app/src/main/AndroidManifest.xml:17:22-74
uses-permission#android.permission.MODIFY_AUDIO_SETTINGS
ADDED from /app/applet/app/src/main/AndroidManifest.xml:18:5-80
	android:name
		ADDED from /app/applet/app/src/main/AndroidManifest.xml:18:22-77
uses-permission#android.permission.BLUETOOTH_CONNECT
ADDED from /app/applet/app/src/main/AndroidManifest.xml:19:5-76
	android:name
		ADDED from /app/applet/app/src/main/AndroidManifest.xml:19:22-73
uses-permission#android.permission.VIBRATE
ADDED from /app/applet/app/src/main/AndroidManifest.xml:20:5-66
	android:name
		ADDED from /app/applet/app/src/main/AndroidManifest.xml:20:22-63
uses-permission#android.permission.USE_FULL_SCREEN_INTENT
ADDED from /app/applet/app/src/main/AndroidManifest.xml:21:5-81
	android:name
		ADDED from /app/applet/app/src/main/AndroidManifest.xml:21:22-78
uses-permission#android.permission.REQUEST_INSTALL_PACKAGES
ADDED from /app/applet/app/src/main/AndroidManifest.xml:22:5-83
	android:name
		ADDED from /app/applet/app/src/main/AndroidManifest.xml:22:22-80
application
ADDED from /app/applet/app/src/main/AndroidManifest.xml:24:5-115:19
	android:supportsRtl
		ADDED from /app/applet/app/src/main/AndroidManifest.xml:32:9-35
	android:label
		ADDED from /app/applet/app/src/main/AndroidManifest.xml:30:9-41
	android:fullBackupContent
		ADDED from /app/applet/app/src/main/AndroidManifest.xml:28:9-54
	android:roundIcon
		ADDED from /app/applet/app/src/main/AndroidManifest.xml:31:9-54
	android:icon
		ADDED from /app/applet/app/src/main/AndroidManifest.xml:29:9-43
	android:allowBackup
		ADDED from /app/applet/app/src/main/AndroidManifest.xml:26:9-35
	android:theme
		ADDED from /app/applet/app/src/main/AndroidManifest.xml:33:9-51
	android:networkSecurityConfig
		ADDED from /app/applet/app/src/main/AndroidManifest.xml:34:9-69
	android:dataExtractionRules
		ADDED from /app/applet/app/src/main/AndroidManifest.xml:27:9-65
	android:name
		ADDED from /app/applet/app/src/main/AndroidManifest.xml:25:9-40
service#com.example.call.CallForegroundService
ADDED from /app/applet/app/src/main/AndroidManifest.xml:47:9-51:57
	android:enabled
		ADDED from /app/applet/app/src/main/AndroidManifest.xml:49:13-35
	android:exported
		ADDED from /app/applet/app/src/main/AndroidManifest.xml:50:13-37
	android:foregroundServiceType
		ADDED from /app/applet/app/src/main/AndroidManifest.xml:51:13-54
	android:name
		ADDED from /app/applet/app/src/main/AndroidManifest.xml:48:13-55
service#com.example.service.PanalinkRealtimeService
ADDED from /app/applet/app/src/main/AndroidManifest.xml:53:9-57:56
	android:enabled
		ADDED from /app/applet/app/src/main/AndroidManifest.xml:55:13-35
	android:exported
		ADDED from /app/applet/app/src/main/AndroidManifest.xml:56:13-37
	android:foregroundServiceType
		ADDED from /app/applet/app/src/main/AndroidManifest.xml:57:13-53
	android:name
		ADDED from /app/applet/app/src/main/AndroidManifest.xml:54:13-60
service#com.example.service.PanalinkFirebaseMessagingService
ADDED from /app/applet/app/src/main/AndroidManifest.xml:59:9-65:19
	android:exported
		ADDED from /app/applet/app/src/main/AndroidManifest.xml:61:13-37
	android:name
		ADDED from /app/applet/app/src/main/AndroidManifest.xml:60:13-69
intent-filter#action:name:com.google.firebase.MESSAGING_EVENT
ADDED from /app/applet/app/src/main/AndroidManifest.xml:62:13-64:29
action#com.google.firebase.MESSAGING_EVENT
ADDED from /app/applet/app/src/main/AndroidManifest.xml:63:17-78
	android:name
		ADDED from /app/applet/app/src/main/AndroidManifest.xml:63:25-75
meta-data#firebase_messaging_auto_init_enabled
ADDED from /app/applet/app/src/main/AndroidManifest.xml:67:9-69:37
	android:value
		ADDED from /app/applet/app/src/main/AndroidManifest.xml:69:13-34
	android:name
		ADDED from /app/applet/app/src/main/AndroidManifest.xml:68:13-64
meta-data#firebase_analytics_collection_deactivated
ADDED from /app/applet/app/src/main/AndroidManifest.xml:70:9-72:36
	android:value
		ADDED from /app/applet/app/src/main/AndroidManifest.xml:72:13-33
	android:name
		ADDED from /app/applet/app/src/main/AndroidManifest.xml:71:13-69
activity#com.example.MainActivity
ADDED from /app/applet/app/src/main/AndroidManifest.xml:73:9-96:20
	android:label
		ADDED from /app/applet/app/src/main/AndroidManifest.xml:76:13-45
	android:windowSoftInputMode
		ADDED from /app/applet/app/src/main/AndroidManifest.xml:77:13-55
	android:exported
		ADDED from /app/applet/app/src/main/AndroidManifest.xml:75:13-36
	android:supportsPictureInPicture
		ADDED from /app/applet/app/src/main/AndroidManifest.xml:78:13-52
	android:configChanges
		ADDED from /app/applet/app/src/main/AndroidManifest.xml:79:13-91
	android:theme
		ADDED from /app/applet/app/src/main/AndroidManifest.xml:80:13-54
	android:name
		ADDED from /app/applet/app/src/main/AndroidManifest.xml:74:13-41
intent-filter#action:name:android.intent.action.MAIN+category:name:android.intent.category.LAUNCHER
ADDED from /app/applet/app/src/main/AndroidManifest.xml:81:13-85:29
action#android.intent.action.MAIN
ADDED from /app/applet/app/src/main/AndroidManifest.xml:82:17-69
	android:name
		ADDED from /app/applet/app/src/main/AndroidManifest.xml:82:25-66
category#android.intent.category.LAUNCHER
ADDED from /app/applet/app/src/main/AndroidManifest.xml:84:17-77
	android:name
		ADDED from /app/applet/app/src/main/AndroidManifest.xml:84:27-74
intent-filter#action:name:android.intent.action.VIEW+category:name:android.intent.category.BROWSABLE+category:name:android.intent.category.DEFAULT+data:host:verify+data:scheme:panalink
ADDED from /app/applet/app/src/main/AndroidManifest.xml:86:13-95:29
	android:autoVerify
		ADDED from /app/applet/app/src/main/AndroidManifest.xml:86:28-54
action#android.intent.action.VIEW
ADDED from /app/applet/app/src/main/AndroidManifest.xml:87:17-69
	android:name
		ADDED from /app/applet/app/src/main/AndroidManifest.xml:87:25-66
category#android.intent.category.DEFAULT
ADDED from /app/applet/app/src/main/AndroidManifest.xml:89:17-76
	android:name
		ADDED from /app/applet/app/src/main/AndroidManifest.xml:89:27-73
category#android.intent.category.BROWSABLE
ADDED from /app/applet/app/src/main/AndroidManifest.xml:90:17-78
	android:name
		ADDED from /app/applet/app/src/main/AndroidManifest.xml:90:27-75
data
ADDED from /app/applet/app/src/main/AndroidManifest.xml:92:17-94:45
	android:host
		ADDED from /app/applet/app/src/main/AndroidManifest.xml:94:21-42
	android:scheme
		ADDED from /app/applet/app/src/main/AndroidManifest.xml:93:21-46
activity#com.example.panatv.PanaTVActivity
ADDED from /app/applet/app/src/main/AndroidManifest.xml:108:9-114:38
	android:label
		ADDED from /app/applet/app/src/main/AndroidManifest.xml:114:13-35
	android:exported
		ADDED from /app/applet/app/src/main/AndroidManifest.xml:110:13-37
	android:supportsPictureInPicture
		ADDED from /app/applet/app/src/main/AndroidManifest.xml:112:13-52
	android:configChanges
		ADDED from /app/applet/app/src/main/AndroidManifest.xml:113:13-91
	android:theme
		ADDED from /app/applet/app/src/main/AndroidManifest.xml:111:13-55
	android:name
		ADDED from /app/applet/app/src/main/AndroidManifest.xml:109:13-50
meta-data#androidx.work.WorkManagerInitializer
ADDED from /app/applet/app/src/main/AndroidManifest.xml:41:13-44:39
	tools:node
		ADDED from /app/applet/app/src/main/AndroidManifest.xml:44:17-36
	android:value
		ADDED from /app/applet/app/src/main/AndroidManifest.xml:43:17-49
	android:name
		ADDED from /app/applet/app/src/main/AndroidManifest.xml:42:17-68
meta-data#android.support.FILE_PROVIDER_PATHS
ADDED from /app/applet/app/src/main/AndroidManifest.xml:103:13-105:54
	android:resource
		ADDED from /app/applet/app/src/main/AndroidManifest.xml:105:17-51
	android:name
		ADDED from /app/applet/app/src/main/AndroidManifest.xml:104:17-67
uses-sdk
INJECTED from /app/applet/app/src/main/AndroidManifest.xml reason: use-sdk injection requested
INJECTED from /app/applet/app/src/main/AndroidManifest.xml
INJECTED from /app/applet/app/src/main/AndroidManifest.xml
MERGED from /app/applet/app/build/intermediates/tmp/manifest/test/debug/tempFile1ProcessTestManifest10662320669767164769.xml:5:5-74
MERGED from /app/applet/app/build/intermediates/tmp/manifest/test/debug/tempFile1ProcessTestManifest10662320669767164769.xml:5:5-74
	android:targetSdkVersion
		INJECTED from /app/applet/app/src/main/AndroidManifest.xml
	android:minSdkVersion
		INJECTED from /app/applet/app/src/main/AndroidManifest.xml

1<?xml version="1.0" encoding="utf-8"?>
2<manifest xmlns:android="http://schemas.android.com/apk/res/android"
3    xmlns:tools="http://schemas.android.com/tools"
4    package="com.panalink.app" >
5
6    <uses-sdk
6-->INJECTED
7        android:minSdkVersion="24"
7-->INJECTED
8        android:targetSdkVersion="35" />
8-->INJECTED
9
10    <uses-permission android:name="android.permission.INTERNET" />
10-->/app/applet/app/src/main/AndroidManifest.xml:5:5-67
10-->/app/applet/app/src/main/AndroidManifest.xml:5:22-64
11    <uses-permission android:name="android.permission.ACCESS_NETWORK_STATE" />
11-->/app/applet/app/src/main/AndroidManifest.xml:6:5-79
11-->/app/applet/app/src/main/AndroidManifest.xml:6:22-76
12    <uses-permission android:name="android.permission.RECORD_AUDIO" />
12-->/app/applet/app/src/main/AndroidManifest.xml:7:5-71
12-->/app/applet/app/src/main/AndroidManifest.xml:7:22-68
13    <uses-permission android:name="android.permission.CAMERA" />
13-->/app/applet/app/src/main/AndroidManifest.xml:8:5-65
13-->/app/applet/app/src/main/AndroidManifest.xml:8:22-62
14
15    <uses-feature android:name="android.hardware.camera.any" />
15-->/app/applet/app/src/main/AndroidManifest.xml:9:5-64
15-->/app/applet/app/src/main/AndroidManifest.xml:9:19-61
16
17    <uses-permission
17-->/app/applet/app/src/main/AndroidManifest.xml:10:5-107
18        android:name="android.permission.READ_EXTERNAL_STORAGE"
18-->/app/applet/app/src/main/AndroidManifest.xml:10:22-77
19        android:maxSdkVersion="32" />
19-->/app/applet/app/src/main/AndroidManifest.xml:10:78-104
20    <uses-permission android:name="android.permission.READ_MEDIA_IMAGES" />
20-->/app/applet/app/src/main/AndroidManifest.xml:11:5-76
20-->/app/applet/app/src/main/AndroidManifest.xml:11:22-73
21    <uses-permission android:name="android.permission.READ_MEDIA_VIDEO" />
21-->/app/applet/app/src/main/AndroidManifest.xml:12:5-75
21-->/app/applet/app/src/main/AndroidManifest.xml:12:22-72
22    <uses-permission android:name="android.permission.FOREGROUND_SERVICE" />
22-->/app/applet/app/src/main/AndroidManifest.xml:13:5-77
22-->/app/applet/app/src/main/AndroidManifest.xml:13:22-74
23    <uses-permission android:name="android.permission.FOREGROUND_SERVICE_DATA_SYNC" />
23-->/app/applet/app/src/main/AndroidManifest.xml:14:5-87
23-->/app/applet/app/src/main/AndroidManifest.xml:14:22-84
24    <uses-permission android:name="android.permission.FOREGROUND_SERVICE_PHONE_CALL" />
24-->/app/applet/app/src/main/AndroidManifest.xml:15:5-88
24-->/app/applet/app/src/main/AndroidManifest.xml:15:22-85
25    <uses-permission android:name="android.permission.MANAGE_OWN_CALLS" />
25-->/app/applet/app/src/main/AndroidManifest.xml:16:5-75
25-->/app/applet/app/src/main/AndroidManifest.xml:16:22-72
26    <uses-permission android:name="android.permission.POST_NOTIFICATIONS" />
26-->/app/applet/app/src/main/AndroidManifest.xml:17:5-77
26-->/app/applet/app/src/main/AndroidManifest.xml:17:22-74
27    <uses-permission android:name="android.permission.MODIFY_AUDIO_SETTINGS" />
27-->/app/applet/app/src/main/AndroidManifest.xml:18:5-80
27-->/app/applet/app/src/main/AndroidManifest.xml:18:22-77
28    <uses-permission android:name="android.permission.BLUETOOTH_CONNECT" />
28-->/app/applet/app/src/main/AndroidManifest.xml:19:5-76
28-->/app/applet/app/src/main/AndroidManifest.xml:19:22-73
29    <uses-permission android:name="android.permission.VIBRATE" />
29-->/app/applet/app/src/main/AndroidManifest.xml:20:5-66
29-->/app/applet/app/src/main/AndroidManifest.xml:20:22-63
30    <uses-permission android:name="android.permission.USE_FULL_SCREEN_INTENT" />
30-->/app/applet/app/src/main/AndroidManifest.xml:21:5-81
30-->/app/applet/app/src/main/AndroidManifest.xml:21:22-78
31    <uses-permission android:name="android.permission.REQUEST_INSTALL_PACKAGES" />
31-->/app/applet/app/src/main/AndroidManifest.xml:22:5-83
31-->/app/applet/app/src/main/AndroidManifest.xml:22:22-80
32
33    <application
33-->/app/applet/app/src/main/AndroidManifest.xml:24:5-115:19
34        android:name="com.example.PanaApplication"
34-->/app/applet/app/src/main/AndroidManifest.xml:25:9-40
35        android:allowBackup="true"
35-->/app/applet/app/src/main/AndroidManifest.xml:26:9-35
36        android:dataExtractionRules="@xml/data_extraction_rules"
36-->/app/applet/app/src/main/AndroidManifest.xml:27:9-65
37        android:fullBackupContent="@xml/backup_rules"
37-->/app/applet/app/src/main/AndroidManifest.xml:28:9-54
38        android:icon="@mipmap/ic_launcher"
38-->/app/applet/app/src/main/AndroidManifest.xml:29:9-43
39        android:label="@string/app_name"
39-->/app/applet/app/src/main/AndroidManifest.xml:30:9-41
40        android:networkSecurityConfig="@xml/network_security_config"
40-->/app/applet/app/src/main/AndroidManifest.xml:34:9-69
41        android:roundIcon="@mipmap/ic_launcher_round"
41-->/app/applet/app/src/main/AndroidManifest.xml:31:9-54
42        android:supportsRtl="true"
42-->/app/applet/app/src/main/AndroidManifest.xml:32:9-35
43        android:theme="@style/Theme.MyApplication" >
43-->/app/applet/app/src/main/AndroidManifest.xml:33:9-51
44        <provider
44-->INJECTED
45            android:name="androidx.startup.InitializationProvider"
45-->/app/applet/app/src/main/AndroidManifest.xml:37:13-67
46            android:authorities="com.panalink.app.androidx-startup"
46-->INJECTED
47            android:exported="false"
47-->/app/applet/app/src/main/AndroidManifest.xml:39:13-37
48            tools:node="merge" >
48-->/app/applet/app/src/main/AndroidManifest.xml:40:13-31
49            <meta-data
49-->/app/applet/app/src/main/AndroidManifest.xml:41:13-44:39
50                android:name="androidx.work.WorkManagerInitializer"
50-->/app/applet/app/src/main/AndroidManifest.xml:42:17-68
51                android:value="androidx.startup"
51-->/app/applet/app/src/main/AndroidManifest.xml:43:17-49
52                tools:node="remove" />
52-->/app/applet/app/src/main/AndroidManifest.xml:44:17-36
53        </provider>
54
55        <service
55-->/app/applet/app/src/main/AndroidManifest.xml:47:9-51:57
56            android:name="com.example.call.CallForegroundService"
56-->/app/applet/app/src/main/AndroidManifest.xml:48:13-55
57            android:enabled="true"
57-->/app/applet/app/src/main/AndroidManifest.xml:49:13-35
58            android:exported="false"
58-->/app/applet/app/src/main/AndroidManifest.xml:50:13-37
59            android:foregroundServiceType="phoneCall" />
59-->/app/applet/app/src/main/AndroidManifest.xml:51:13-54
60        <service
60-->/app/applet/app/src/main/AndroidManifest.xml:53:9-57:56
61            android:name="com.example.service.PanalinkRealtimeService"
61-->/app/applet/app/src/main/AndroidManifest.xml:54:13-60
62            android:enabled="true"
62-->/app/applet/app/src/main/AndroidManifest.xml:55:13-35
63            android:exported="false"
63-->/app/applet/app/src/main/AndroidManifest.xml:56:13-37
64            android:foregroundServiceType="dataSync" />
64-->/app/applet/app/src/main/AndroidManifest.xml:57:13-53
65        <service
65-->/app/applet/app/src/main/AndroidManifest.xml:59:9-65:19
66            android:name="com.example.service.PanalinkFirebaseMessagingService"
66-->/app/applet/app/src/main/AndroidManifest.xml:60:13-69
67            android:exported="false" >
67-->/app/applet/app/src/main/AndroidManifest.xml:61:13-37
68            <intent-filter>
68-->/app/applet/app/src/main/AndroidManifest.xml:62:13-64:29
69                <action android:name="com.google.firebase.MESSAGING_EVENT" />
69-->/app/applet/app/src/main/AndroidManifest.xml:63:17-78
69-->/app/applet/app/src/main/AndroidManifest.xml:63:25-75
70            </intent-filter>
71        </service>
72
73        <meta-data
73-->/app/applet/app/src/main/AndroidManifest.xml:67:9-69:37
74            android:name="firebase_messaging_auto_init_enabled"
74-->/app/applet/app/src/main/AndroidManifest.xml:68:13-64
75            android:value="false" />
75-->/app/applet/app/src/main/AndroidManifest.xml:69:13-34
76        <meta-data
76-->/app/applet/app/src/main/AndroidManifest.xml:70:9-72:36
77            android:name="firebase_analytics_collection_deactivated"
77-->/app/applet/app/src/main/AndroidManifest.xml:71:13-69
78            android:value="true" />
78-->/app/applet/app/src/main/AndroidManifest.xml:72:13-33
79
80        <activity
80-->/app/applet/app/src/main/AndroidManifest.xml:73:9-96:20
81            android:name="com.example.MainActivity"
81-->/app/applet/app/src/main/AndroidManifest.xml:74:13-41
82            android:configChanges="screenSize|smallestScreenSize|screenLayout|orientation"
82-->/app/applet/app/src/main/AndroidManifest.xml:79:13-91
83            android:exported="true"
83-->/app/applet/app/src/main/AndroidManifest.xml:75:13-36
84            android:label="@string/app_name"
84-->/app/applet/app/src/main/AndroidManifest.xml:76:13-45
85            android:supportsPictureInPicture="true"
85-->/app/applet/app/src/main/AndroidManifest.xml:78:13-52
86            android:theme="@style/Theme.App.Starting"
86-->/app/applet/app/src/main/AndroidManifest.xml:80:13-54
87            android:windowSoftInputMode="adjustResize" >
87-->/app/applet/app/src/main/AndroidManifest.xml:77:13-55
88            <intent-filter>
88-->/app/applet/app/src/main/AndroidManifest.xml:81:13-85:29
89                <action android:name="android.intent.action.MAIN" />
89-->/app/applet/app/src/main/AndroidManifest.xml:82:17-69
89-->/app/applet/app/src/main/AndroidManifest.xml:82:25-66
90
91                <category android:name="android.intent.category.LAUNCHER" />
91-->/app/applet/app/src/main/AndroidManifest.xml:84:17-77
91-->/app/applet/app/src/main/AndroidManifest.xml:84:27-74
92            </intent-filter>
93            <intent-filter android:autoVerify="false" >
93-->/app/applet/app/src/main/AndroidManifest.xml:86:13-95:29
93-->/app/applet/app/src/main/AndroidManifest.xml:86:28-54
94                <action android:name="android.intent.action.VIEW" />
94-->/app/applet/app/src/main/AndroidManifest.xml:87:17-69
94-->/app/applet/app/src/main/AndroidManifest.xml:87:25-66
95
96                <category android:name="android.intent.category.DEFAULT" />
96-->/app/applet/app/src/main/AndroidManifest.xml:89:17-76
96-->/app/applet/app/src/main/AndroidManifest.xml:89:27-73
97                <category android:name="android.intent.category.BROWSABLE" />
97-->/app/applet/app/src/main/AndroidManifest.xml:90:17-78
97-->/app/applet/app/src/main/AndroidManifest.xml:90:27-75
98
99                <data
99-->/app/applet/app/src/main/AndroidManifest.xml:92:17-94:45
100                    android:host="verify"
100-->/app/applet/app/src/main/AndroidManifest.xml:94:21-42
101                    android:scheme="panalink" />
101-->/app/applet/app/src/main/AndroidManifest.xml:93:21-46
102            </intent-filter>
103        </activity>
104
105        <provider
105-->INJECTED
106            android:name="androidx.core.content.FileProvider"
106-->/app/applet/app/src/main/AndroidManifest.xml:99:13-62
107            android:authorities="com.panalink.app.provider"
107-->INJECTED
108            android:exported="false"
108-->/app/applet/app/src/main/AndroidManifest.xml:101:13-37
109            android:grantUriPermissions="true" >
109-->/app/applet/app/src/main/AndroidManifest.xml:102:13-47
110            <meta-data
110-->/app/applet/app/src/main/AndroidManifest.xml:103:13-105:54
111                android:name="android.support.FILE_PROVIDER_PATHS"
111-->/app/applet/app/src/main/AndroidManifest.xml:104:17-67
112                android:resource="@xml/file_paths" />
112-->/app/applet/app/src/main/AndroidManifest.xml:105:17-51
113        </provider>
114
115        <activity
115-->/app/applet/app/src/main/AndroidManifest.xml:108:9-114:38
116            android:name="com.example.panatv.PanaTVActivity"
116-->/app/applet/app/src/main/AndroidManifest.xml:109:13-50
117            android:configChanges="screenSize|smallestScreenSize|screenLayout|orientation"
117-->/app/applet/app/src/main/AndroidManifest.xml:113:13-91
118            android:exported="false"
118-->/app/applet/app/src/main/AndroidManifest.xml:110:13-37
119            android:label="PanaTV"
119-->/app/applet/app/src/main/AndroidManifest.xml:114:13-35
120            android:supportsPictureInPicture="true"
120-->/app/applet/app/src/main/AndroidManifest.xml:112:13-52
121            android:theme="@style/Theme.MyApplication" />
121-->/app/applet/app/src/main/AndroidManifest.xml:111:13-55
122    </application>
123
124</manifest>

Merged manifest saved to /app/applet/app/build/intermediates/tmp/manifest/test/debug/tempFile2ProcessTestManifest1278857458957041651.xml
Loading library manifest /opt/gradle/.gradle/caches/9.3.1/transforms/7d11665007ae5b1f67a50c9ac2f6f182/transformed/accompanist-permissions-0.37.3/AndroidManifest.xml
Loading library manifest /opt/gradle/.gradle/caches/9.3.1/transforms/64c21f162bf54c459555ff111245504d/transformed/navigation-common-2.8.9/AndroidManifest.xml
Loading library manifest /opt/gradle/.gradle/caches/9.3.1/transforms/076900bd77a3a4050b6158d1f63df91b/transformed/navigation-runtime-2.8.9/AndroidManifest.xml
Loading library manifest /opt/gradle/.gradle/caches/9.3.1/transforms/ef27560db1e8670832a9f7da14207270/transformed/navigation-common-ktx-2.8.9/AndroidManifest.xml
Loading library manifest /opt/gradle/.gradle/caches/9.3.1/transforms/f90e6fed2ad2e4cd74659cdb13e96940/transformed/navigation-runtime-ktx-2.8.9/AndroidManifest.xml
Loading library manifest /opt/gradle/.gradle/caches/9.3.1/transforms/c30fdfc8917ed99be125cf0b17115f0a/transformed/navigation-compose-2.8.9/AndroidManifest.xml
Loading library manifest /opt/gradle/.gradle/caches/9.3.1/transforms/13316105f0258ad338fccc4057f00008/transformed/camera-video-1.5.0/AndroidManifest.xml
Loading library manifest /opt/gradle/.gradle/caches/9.3.1/transforms/f5f39f9e8a9f40d57cdf61b5cd008c62/transformed/camera-lifecycle-1.5.0/AndroidManifest.xml
Loading library manifest /opt/gradle/.gradle/caches/9.3.1/transforms/6b1b0b72c4740cd15581f384f87b8151/transformed/camera-core-1.5.0/AndroidManifest.xml
Loading library manifest /opt/gradle/.gradle/caches/9.3.1/transforms/429832c1b62b82264cb84bee480eccb9/transformed/camera-camera2-1.5.0/AndroidManifest.xml
Loading library manifest /opt/gradle/.gradle/caches/9.3.1/transforms/6f28901ed4e6d023047c277c70502491/transformed/camera-view-1.5.0/AndroidManifest.xml
Loading library manifest /opt/gradle/.gradle/caches/9.3.1/transforms/4364a8e57b0492f4c18f85b90b1fe489/transformed/barcode-scanning-17.3.0/AndroidManifest.xml
Loading library manifest /opt/gradle/.gradle/caches/9.3.1/transforms/a61796006821140f4ee07281a48d1699/transformed/play-services-mlkit-barcode-scanning-18.3.1/AndroidManifest.xml
Loading library manifest /opt/gradle/.gradle/caches/9.3.1/transforms/e7ae7eca164ef6bae2e2d5cca8fd23cf/transformed/barcode-scanning-common-17.0.0/AndroidManifest.xml
Loading library manifest /opt/gradle/.gradle/caches/9.3.1/transforms/825cd66755976be366aa5fd82e8cca31/transformed/vision-common-17.3.0/AndroidManifest.xml
Loading library manifest /opt/gradle/.gradle/caches/9.3.1/transforms/80442607749372abd9dd6a47c55f6f40/transformed/common-18.11.0/AndroidManifest.xml
Loading library manifest /opt/gradle/.gradle/caches/9.3.1/transforms/9d1fa9624de003e6c849538317eec576/transformed/coil-gif-2.7.0/AndroidManifest.xml
Loading library manifest /opt/gradle/.gradle/caches/9.3.1/transforms/bae641985375943c608d7122dcc3f20f/transformed/coil-video-2.7.0/AndroidManifest.xml
Loading library manifest /opt/gradle/.gradle/caches/9.3.1/transforms/0b222a6478a57a1b8773bf22f09283e7/transformed/coil-compose-2.7.0/AndroidManifest.xml
Loading library manifest /opt/gradle/.gradle/caches/9.3.1/transforms/2a69f25df211506b71f4e3cc2c278b09/transformed/coil-compose-base-2.7.0/AndroidManifest.xml
Loading library manifest /opt/gradle/.gradle/caches/9.3.1/transforms/f41b0c7384a73ec23075e958f49fe818/transformed/coil-2.7.0/AndroidManifest.xml
Loading library manifest /opt/gradle/.gradle/caches/9.3.1/transforms/d60270a756679426678adf1591960f88/transformed/coil-base-2.7.0/AndroidManifest.xml
Loading library manifest /opt/gradle/.gradle/caches/9.3.1/transforms/02088130fc70bd9c3d3eca0a1f409afb/transformed/appcompat-resources-1.6.1/AndroidManifest.xml
Loading library manifest /opt/gradle/.gradle/caches/9.3.1/transforms/788f9d6d9849f478cae6e902ba9dd22a/transformed/appcompat-1.6.1/AndroidManifest.xml
Loading library manifest /opt/gradle/.gradle/caches/9.3.1/transforms/be82e78bb9cf39fa890b25a84f3fde31/transformed/firebase-messaging-25.1.0/AndroidManifest.xml
Loading library manifest /opt/gradle/.gradle/caches/9.3.1/transforms/86be536fde5d9bb83609010df8d82209/transformed/firebase-iid-interop-17.1.0/AndroidManifest.xml
Loading library manifest /opt/gradle/.gradle/caches/9.3.1/transforms/777e0d9d88fbf0e485211683c6a2ae68/transformed/firebase-measurement-connector-19.0.0/AndroidManifest.xml
Loading library manifest /opt/gradle/.gradle/caches/9.3.1/transforms/71343a393429c33bdcf69c7559e1a520/transformed/play-services-cloud-messaging-17.4.0/AndroidManifest.xml
Loading library manifest /opt/gradle/.gradle/caches/9.3.1/transforms/51465dc2dbf2f7a5cd3629227ece8adb/transformed/play-services-base-18.9.0/AndroidManifest.xml
Loading library manifest /opt/gradle/.gradle/caches/9.3.1/transforms/efa494c9c2d25b61d16d0c6950d66454/transformed/firebase-installations-19.1.1/AndroidManifest.xml
Loading library manifest /opt/gradle/.gradle/caches/9.3.1/transforms/8934676c2ce3dae4c2df99411040b0e4/transformed/firebase-common-22.1.0/AndroidManifest.xml
Loading library manifest /opt/gradle/.gradle/caches/9.3.1/transforms/924bf204d6c9408e1f4a451bf19f126b/transformed/vision-interfaces-16.3.0/AndroidManifest.xml
Loading library manifest /opt/gradle/.gradle/caches/9.3.1/transforms/d628b72a370c4e9af36bdb659cf7b8f9/transformed/firebase-installations-interop-17.3.0/AndroidManifest.xml
Loading library manifest /opt/gradle/.gradle/caches/9.3.1/transforms/9b0349e3e60a45dd8bb3ef3d953c1c8a/transformed/room-runtime-release/AndroidManifest.xml
Loading library manifest /opt/gradle/.gradle/caches/9.3.1/transforms/6f81320d2930dd28c658a4ae45f72f92/transformed/work-runtime-ktx-2.9.1/AndroidManifest.xml
Loading library manifest /opt/gradle/.gradle/caches/9.3.1/transforms/75ddf909643bfbcee71825ed079020ca/transformed/work-runtime-2.9.1/AndroidManifest.xml
Loading library manifest /opt/gradle/.gradle/caches/9.3.1/transforms/a8b592cee3697f0469edd1cf14a8ddf1/transformed/room-ktx-2.7.0/AndroidManifest.xml
Loading library manifest /opt/gradle/.gradle/caches/9.3.1/transforms/acc780bb066cb1b3ab7beda6665ceb51/transformed/roborazzi-compose-1.59.0/AndroidManifest.xml
Loading library manifest /opt/gradle/.gradle/caches/9.3.1/transforms/9d55e2149ae6c729613559823802ce92/transformed/roborazzi-junit-rule-1.59.0/AndroidManifest.xml
Loading library manifest /opt/gradle/.gradle/caches/9.3.1/transforms/55cedfb178fb3be353049267d33be1a5/transformed/roborazzi-1.59.0/AndroidManifest.xml
Loading library manifest /opt/gradle/.gradle/caches/9.3.1/transforms/d673848f22d3b7f5a8613ee0a6af265b/transformed/roborazzi-core-release/AndroidManifest.xml
Loading library manifest /opt/gradle/.gradle/caches/9.3.1/transforms/2286e6170681f86143f5de97da8c5562/transformed/junit-ktx-1.2.1/AndroidManifest.xml
Loading library manifest /opt/gradle/.gradle/caches/9.3.1/transforms/c3890ddda7e2d8c3691041d8969798b0/transformed/ui-test-junit4-release/AndroidManifest.xml
Loading library manifest /opt/gradle/.gradle/caches/9.3.1/transforms/fd3773a01f332c5354d72f1c1bcb01f8/transformed/junit-1.3.0/AndroidManifest.xml
Loading library manifest /opt/gradle/.gradle/caches/9.3.1/transforms/9a3e6315f4965eb3cf282ecfec9e4e53/transformed/material3-release/AndroidManifest.xml
Loading library manifest /opt/gradle/.gradle/caches/9.3.1/transforms/0b930c02280ff5b5db44c1213648995a/transformed/foundation-release/AndroidManifest.xml
Loading library manifest /opt/gradle/.gradle/caches/9.3.1/transforms/dcbe64190072147e169da7dbfe8840d6/transformed/foundation-layout-release/AndroidManifest.xml
Loading library manifest /opt/gradle/.gradle/caches/9.3.1/transforms/137eb6cb608176617db339322e7a139f/transformed/ui-tooling-data-release/AndroidManifest.xml
Loading library manifest /opt/gradle/.gradle/caches/9.3.1/transforms/30716a89020ecc847c142026a39e90a4/transformed/ui-geometry-release/AndroidManifest.xml
Loading library manifest /opt/gradle/.gradle/caches/9.3.1/transforms/2f5cfc22a3ae73d752cabbd6603bdaaa/transformed/ui-tooling-preview-release/AndroidManifest.xml
Loading library manifest /opt/gradle/.gradle/caches/9.3.1/transforms/a35f96810cdea9e1f6c5af28299965cb/transformed/animation-core-release/AndroidManifest.xml
Loading library manifest /opt/gradle/.gradle/caches/9.3.1/transforms/bb8af1d0ba07bf04848c3ddea872a77f/transformed/ui-unit-release/AndroidManifest.xml
Loading library manifest /opt/gradle/.gradle/caches/9.3.1/transforms/3c31be690c0e43395c1e44d9a21e2852/transformed/ui-text-release/AndroidManifest.xml
Loading library manifest /opt/gradle/.gradle/caches/9.3.1/transforms/91f41813ab941189ab76dc0a695014a8/transformed/ui-graphics-release/AndroidManifest.xml
Loading library manifest /opt/gradle/.gradle/caches/9.3.1/transforms/0e082cb83885b21aa6a713bf39674ec4/transformed/ui-test-manifest-1.7.2/AndroidManifest.xml
Loading library manifest /opt/gradle/.gradle/caches/9.3.1/transforms/d8a6219befa9fbb9e26f0d2a9139d8f1/transformed/ui-tooling-release/AndroidManifest.xml
Loading library manifest /opt/gradle/.gradle/caches/9.3.1/transforms/7519b6f85ea476a2eb2ee85fdeb9bd07/transformed/material-release/AndroidManifest.xml
Loading library manifest /opt/gradle/.gradle/caches/9.3.1/transforms/648513400ff16ba164c64878e30e6a2d/transformed/material-ripple-release/AndroidManifest.xml
Loading library manifest /opt/gradle/.gradle/caches/9.3.1/transforms/95074b0231bdd356eb0360da7f5f7ece/transformed/animation-release/AndroidManifest.xml
Loading library manifest /opt/gradle/.gradle/caches/9.3.1/transforms/79cd1cec06c6dda10d7ac48afe370b00/transformed/ui-util-release/AndroidManifest.xml
Loading library manifest /opt/gradle/.gradle/caches/9.3.1/transforms/cc36368ef5169fdec02ea0e86dd38668/transformed/ui-test-release/AndroidManifest.xml
Loading library manifest /opt/gradle/.gradle/caches/9.3.1/transforms/547e3cc7ab5ea171ebe777879c4a64f3/transformed/espresso-core-3.5.1/AndroidManifest.xml
Loading library manifest /opt/gradle/.gradle/caches/9.3.1/transforms/af7b12f17668fbc3d27152af0ebda415/transformed/core-1.7.0/AndroidManifest.xml
Loading library manifest /opt/gradle/.gradle/caches/9.3.1/transforms/3d89967392217efa44390995a4f24077/transformed/savedstate-ktx-1.2.1/AndroidManifest.xml
Loading library manifest /opt/gradle/.gradle/caches/9.3.1/transforms/3f4d84f579e2763d99ee6392ddde5323/transformed/savedstate-1.2.1/AndroidManifest.xml
Loading library manifest /opt/gradle/.gradle/caches/9.3.1/transforms/7e69ced57291773ec35e7adde5bbaea2/transformed/lifecycle-service-2.8.7/AndroidManifest.xml
Loading library manifest /opt/gradle/.gradle/caches/9.3.1/transforms/8a93a6ad18f4e84fae0b5e8547087138/transformed/play-services-stats-17.0.2/AndroidManifest.xml
Loading library manifest /opt/gradle/.gradle/caches/9.3.1/transforms/d6c76d72ca7aecf01969976fe5d78b5d/transformed/legacy-support-core-utils-1.0.0/AndroidManifest.xml
Loading library manifest /opt/gradle/.gradle/caches/9.3.1/transforms/29e48f1f485be93b030ce0ed0e171b30/transformed/loader-1.0.0/AndroidManifest.xml
Loading library manifest /opt/gradle/.gradle/caches/9.3.1/transforms/e80b7c843407c274202c819558574a67/transformed/lifecycle-viewmodel-2.8.7/AndroidManifest.xml
Loading library manifest /opt/gradle/.gradle/caches/9.3.1/transforms/6dd7b4539725640be326078f33443108/transformed/lifecycle-viewmodel-release/AndroidManifest.xml
Loading library manifest /opt/gradle/.gradle/caches/9.3.1/transforms/bf5714ebd98551461efeeb69a7422540/transformed/lifecycle-livedata-core-ktx-2.8.7/AndroidManifest.xml
Loading library manifest /opt/gradle/.gradle/caches/9.3.1/transforms/de2b1db8d159f2ad7377339f3c565e5e/transformed/lifecycle-viewmodel-savedstate-2.8.7/AndroidManifest.xml
Loading library manifest /opt/gradle/.gradle/caches/9.3.1/transforms/649dbcf042700fb71f459c9c0956059a/transformed/media3-exoplayer-hls-1.5.0/AndroidManifest.xml
Loading library manifest /opt/gradle/.gradle/caches/9.3.1/transforms/e43c23023217c0abe73749f5d53de7eb/transformed/media3-exoplayer-1.5.0/AndroidManifest.xml
Loading library manifest /opt/gradle/.gradle/caches/9.3.1/transforms/60c3df898fd98e4245116650339de8a2/transformed/media3-session-1.5.0/AndroidManifest.xml
Loading library manifest /opt/gradle/.gradle/caches/9.3.1/transforms/17e4be283ff62465085a296fc1aa7e8f/transformed/media3-datasource-1.5.0/AndroidManifest.xml
Loading library manifest /opt/gradle/.gradle/caches/9.3.1/transforms/c531bd165f2f81e4005072d64e27a706/transformed/media3-extractor-1.5.0/AndroidManifest.xml
Loading library manifest /opt/gradle/.gradle/caches/9.3.1/transforms/8454b63c3a1284f4aef74e9c1d78f26a/transformed/media3-container-1.5.0/AndroidManifest.xml
Loading library manifest /opt/gradle/.gradle/caches/9.3.1/transforms/41d8835ca5ade3f89aa1c6ce6cb763d6/transformed/media3-decoder-1.5.0/AndroidManifest.xml
Loading library manifest /opt/gradle/.gradle/caches/9.3.1/transforms/711f5b55c0c20114ec2df6fde3eab5ee/transformed/media3-database-1.5.0/AndroidManifest.xml
Loading library manifest /opt/gradle/.gradle/caches/9.3.1/transforms/7c6138072e0f7089cbc33027e1722eea/transformed/media3-common-1.5.0/AndroidManifest.xml
Loading library manifest /opt/gradle/.gradle/caches/9.3.1/transforms/4abde4cdd879b1696d40a23ea8a9050e/transformed/media3-ui-1.5.0/AndroidManifest.xml
Loading library manifest /opt/gradle/.gradle/caches/9.3.1/transforms/098fb725fb80dc79cb3d5984d90e1b41/transformed/recyclerview-1.3.0/AndroidManifest.xml
Loading library manifest /opt/gradle/.gradle/caches/9.3.1/transforms/c016cd0dae8b0239edf5ac3421e41da9/transformed/customview-poolingcontainer-1.0.0/AndroidManifest.xml
Loading library manifest /opt/gradle/.gradle/caches/9.3.1/transforms/b18fc5051e41e84fb1e339aaf2f94238/transformed/core-ktx-1.15.0/AndroidManifest.xml
Loading library manifest /opt/gradle/.gradle/caches/9.3.1/transforms/829fb4e29a0158bd8d63dbeebeec606f/transformed/media-1.7.0/AndroidManifest.xml
Loading library manifest /opt/gradle/.gradle/caches/9.3.1/transforms/97d790e636003f63e8e1a49fd53e88ec/transformed/vectordrawable-animated-1.1.0/AndroidManifest.xml
Loading library manifest /opt/gradle/.gradle/caches/9.3.1/transforms/7083b3a131307a8d9e2fc64c3d852ec1/transformed/vectordrawable-1.1.0/AndroidManifest.xml
Loading library manifest /opt/gradle/.gradle/caches/9.3.1/transforms/16f32b2d434f5ab9ff5831dee36b8c32/transformed/drawerlayout-1.0.0/AndroidManifest.xml
Loading library manifest /opt/gradle/.gradle/caches/9.3.1/transforms/7500f21dfa9061dee50d444413cc36b3/transformed/viewpager-1.0.0/AndroidManifest.xml
Loading library manifest /opt/gradle/.gradle/caches/9.3.1/transforms/65b3c30c3d861d78a47175d4f4505c95/transformed/customview-1.0.0/AndroidManifest.xml
Loading library manifest /opt/gradle/.gradle/caches/9.3.1/transforms/849d03c4ae024141f2c0c48edb31a242/transformed/autofill-1.0.0/AndroidManifest.xml
Loading library manifest /opt/gradle/.gradle/caches/9.3.1/transforms/6569307cced7773805ce98ad14471783/transformed/graphics-path-1.0.1/AndroidManifest.xml
Loading library manifest /opt/gradle/.gradle/caches/9.3.1/transforms/583038f76520d64271068009c25ad9c2/transformed/emoji2-views-helper-1.3.0/AndroidManifest.xml
Loading library manifest /opt/gradle/.gradle/caches/9.3.1/transforms/5ca3fdd8d160b4e9c2c961710963031e/transformed/emoji2-1.3.0/AndroidManifest.xml
Loading library manifest /opt/gradle/.gradle/caches/9.3.1/transforms/edd4241b77cad7c7544ca11e9a476f81/transformed/core-1.15.0/AndroidManifest.xml
Loading library manifest /opt/gradle/.gradle/caches/9.3.1/transforms/e26751a86a54f4e288e1b42699a598e6/transformed/runtime-saveable-release/AndroidManifest.xml
Loading library manifest /opt/gradle/.gradle/caches/9.3.1/transforms/ffa15410717a819d3862ea34621e98eb/transformed/runtime-release/AndroidManifest.xml
Loading library manifest /opt/gradle/.gradle/caches/9.3.1/transforms/f6a2947d96556e67912b249892e41690/transformed/runtime-livedata-1.7.2/AndroidManifest.xml
Loading library manifest /opt/gradle/.gradle/caches/9.3.1/transforms/fe63231786e909d0cc107c24493d21ab/transformed/lifecycle-runtime-release/AndroidManifest.xml
Loading library manifest /opt/gradle/.gradle/caches/9.3.1/transforms/ef3b088bd0bd223c5420ecce1ec29040/transformed/lifecycle-viewmodel-ktx-2.8.7/AndroidManifest.xml
Loading library manifest /opt/gradle/.gradle/caches/9.3.1/transforms/e0a033d250ec7b57d295df8b93e3c385/transformed/lifecycle-viewmodel-compose-release/AndroidManifest.xml
Loading library manifest /opt/gradle/.gradle/caches/9.3.1/transforms/1849c89315f0adc7cb2e7df42ff03355/transformed/lifecycle-livedata-core-2.8.7/AndroidManifest.xml
Loading library manifest /opt/gradle/.gradle/caches/9.3.1/transforms/1489b33bb56376c5f94fc9ff44748e82/transformed/lifecycle-livedata-2.8.7/AndroidManifest.xml
Loading library manifest /opt/gradle/.gradle/caches/9.3.1/transforms/5dfe9a18cec360000ac83a8b2b594631/transformed/lifecycle-runtime-compose-release/AndroidManifest.xml
Loading library manifest /opt/gradle/.gradle/caches/9.3.1/transforms/4aa02d7ee95ad743f8b43fec38263022/transformed/lifecycle-process-2.8.7/AndroidManifest.xml
Loading library manifest /opt/gradle/.gradle/caches/9.3.1/transforms/8d186ef141531ed673cefb69a8920676/transformed/core-12.1.0/AndroidManifest.xml
Loading library manifest /opt/gradle/.gradle/caches/9.3.1/transforms/47caaebe2408a48e4cacd9c469b703bb/transformed/lifecycle-runtime-ktx-release/AndroidManifest.xml
Loading library manifest /opt/gradle/.gradle/caches/9.3.1/transforms/494ead3f6d12c7eea8c1b8a01b8bc4d0/transformed/accompanist-drawablepainter-0.32.0/AndroidManifest.xml
Loading library manifest /opt/gradle/.gradle/caches/9.3.1/transforms/669ae4172aae5024bff3af205b0e2225/transformed/profileinstaller-1.4.0/AndroidManifest.xml
Loading library manifest /opt/gradle/.gradle/caches/9.3.1/transforms/bf3df91a6e182d98d1d3fb320c39af09/transformed/datastore-core-release/AndroidManifest.xml
Loading library manifest /opt/gradle/.gradle/caches/9.3.1/transforms/f1552d288f9e6fb604c04b0b3dea5c9b/transformed/datastore-preferences-core-release/AndroidManifest.xml
Loading library manifest /opt/gradle/.gradle/caches/9.3.1/transforms/f927c180d68b8e42517a566bac225770/transformed/datastore-release/AndroidManifest.xml
Loading library manifest /opt/gradle/.gradle/caches/9.3.1/transforms/9306108d0f33feb761336dfd200e51ee/transformed/datastore-preferences-release/AndroidManifest.xml
Loading library manifest /opt/gradle/.gradle/caches/9.3.1/transforms/fb541a5aa03514f9b3e611ff79287669/transformed/play-services-tasks-18.4.0/AndroidManifest.xml
Loading library manifest /opt/gradle/.gradle/caches/9.3.1/transforms/6e993f303a252d812a914b79c54d64ee/transformed/play-services-basement-18.9.0/AndroidManifest.xml
Loading library manifest /opt/gradle/.gradle/caches/9.3.1/transforms/a1f9d4e67fd545cbf382f5d96e55b69e/transformed/fragment-1.3.6/AndroidManifest.xml
Loading library manifest /opt/gradle/.gradle/caches/9.3.1/transforms/ff0b6e9db0f211163c391be8b9bfc5ab/transformed/activity-1.10.1/AndroidManifest.xml
Loading library manifest /opt/gradle/.gradle/caches/9.3.1/transforms/aef9f39c8334fb007f665e527f29b507/transformed/activity-ktx-1.10.1/AndroidManifest.xml
Loading library manifest /opt/gradle/.gradle/caches/9.3.1/transforms/bff92fda3b59cf36541cd042a44ecc1e/transformed/activity-compose-1.10.1/AndroidManifest.xml
Loading library manifest /opt/gradle/.gradle/caches/9.3.1/transforms/88f8d63570ff6e3e19ed62f5444d65bf/transformed/material-icons-extended-release/AndroidManifest.xml
Loading library manifest /opt/gradle/.gradle/caches/9.3.1/transforms/000a388db7074419c1be1364f0d39f7f/transformed/material-icons-core-release/AndroidManifest.xml
Loading library manifest /opt/gradle/.gradle/caches/9.3.1/transforms/d2af8f7c1ccd0cef4d7b4cd7a6c0266a/transformed/ui-release/AndroidManifest.xml
Loading library manifest /opt/gradle/.gradle/caches/9.3.1/transforms/ffa3b81e2a15a2b983e59ec311876b9e/transformed/runner-1.5.2/AndroidManifest.xml
Loading library manifest /opt/gradle/.gradle/caches/9.3.1/transforms/d8de0a92bcb004f3b15db6a108e0e216/transformed/core-splashscreen-1.0.1/AndroidManifest.xml
Loading library manifest /opt/gradle/.gradle/caches/9.3.1/transforms/fe70b6b391eb75e734f1a841299403f3/transformed/stream-webrtc-android-1.1.2/AndroidManifest.xml
Loading library manifest /opt/gradle/.gradle/caches/9.3.1/transforms/b98d4cf3ef135cfbb2ab46d364aed014/transformed/storage-1.6.0/AndroidManifest.xml
Loading library manifest /opt/gradle/.gradle/caches/9.3.1/transforms/8f17a35bdf36e931aabb56049c651be8/transformed/monitor-1.8.0/AndroidManifest.xml
Loading library manifest /opt/gradle/.gradle/caches/9.3.1/transforms/a048db703cfeb453446c35bf9176b3ff/transformed/annotation-1.0.1/AndroidManifest.xml
Loading library manifest /opt/gradle/.gradle/caches/9.3.1/transforms/f3946a93ccc3ad39cd829eeddf7f36f0/transformed/annotation-experimental-1.4.1/AndroidManifest.xml
Loading library manifest /opt/gradle/.gradle/caches/9.3.1/transforms/c2f47e2da2c55f5b9276e8129e85845a/transformed/startup-runtime-1.1.1/AndroidManifest.xml
Loading library manifest /opt/gradle/.gradle/caches/9.3.1/transforms/1f6d66b72919b1076d2568386dfcebe8/transformed/tracing-1.2.0/AndroidManifest.xml
Loading library manifest /opt/gradle/.gradle/caches/9.3.1/transforms/93d440cde3505afafff9435b4654265c/transformed/tracing-ktx-1.2.0/AndroidManifest.xml
Loading library manifest /opt/gradle/.gradle/caches/9.3.1/transforms/12b3c73d620f5f308e1d4388e0de3043/transformed/core-viewtree-1.0.0/AndroidManifest.xml
Loading library manifest /opt/gradle/.gradle/caches/9.3.1/transforms/ed8f3ca3c33fa22b7257aed58ffd88dc/transformed/sqlite-framework-release/AndroidManifest.xml
Loading library manifest /opt/gradle/.gradle/caches/9.3.1/transforms/ef81f0d3a069ed39e735dcb34d6d3e3e/transformed/sqlite-release/AndroidManifest.xml
Loading library manifest /opt/gradle/.gradle/caches/9.3.1/transforms/bda6b110aa8e06c76d1da041d5b35ac3/transformed/versionedparcelable-1.1.1/AndroidManifest.xml
Loading library manifest /opt/gradle/.gradle/caches/9.3.1/transforms/a77ca6af8269617441663d22461448e7/transformed/core-runtime-2.2.0/AndroidManifest.xml
Loading library manifest /opt/gradle/.gradle/caches/9.3.1/transforms/064e0c6fb86d7703224edc2585b628f1/transformed/featurecombinationquery-1.5.0/AndroidManifest.xml
Loading library manifest /opt/gradle/.gradle/caches/9.3.1/transforms/3a3db2d4df7cfbf60eb1ef7352fdd478/transformed/firebase-components-19.0.0/AndroidManifest.xml
Loading library manifest /opt/gradle/.gradle/caches/9.3.1/transforms/ecaa4c87d296d52155ef546c3b77c8bf/transformed/firebase-datatransport-18.2.0/AndroidManifest.xml
Loading library manifest /opt/gradle/.gradle/caches/9.3.1/transforms/a65672c612567a597675fd924424a8e4/transformed/transport-backend-cct-3.1.9/AndroidManifest.xml
Loading library manifest /opt/gradle/.gradle/caches/9.3.1/transforms/6f57ef77aee1e0371a48069d27a5fb92/transformed/firebase-encoders-json-18.0.0/AndroidManifest.xml
Loading library manifest /opt/gradle/.gradle/caches/9.3.1/transforms/6aee1bffe741a358f5f200f626a54474/transformed/transport-runtime-3.1.9/AndroidManifest.xml
Loading library manifest /opt/gradle/.gradle/caches/9.3.1/transforms/6c0f3125642215b6df207455f4dcb6ca/transformed/transport-api-3.1.0/AndroidManifest.xml
Loading library manifest /opt/gradle/.gradle/caches/9.3.1/transforms/26c348cde2884f0351c52186ca2c0bd7/transformed/interpolator-1.0.0/AndroidManifest.xml
Loading library manifest /opt/gradle/.gradle/caches/9.3.1/transforms/82a72d7504bc5fffb38a56b0aeefa078/transformed/exifinterface-1.3.7/AndroidManifest.xml
Loading library manifest /opt/gradle/.gradle/caches/9.3.1/transforms/32e335d14d3bae4dea787c407a3a5218/transformed/cursoradapter-1.0.0/AndroidManifest.xml
Loading library manifest /opt/gradle/.gradle/caches/9.3.1/transforms/c699a3186d4653ae24b36702749a20bb/transformed/documentfile-1.0.0/AndroidManifest.xml
Loading library manifest /opt/gradle/.gradle/caches/9.3.1/transforms/ca02d84dc3f296d32ebbd2000248bc6c/transformed/localbroadcastmanager-1.0.0/AndroidManifest.xml
Loading library manifest /opt/gradle/.gradle/caches/9.3.1/transforms/e9efa51d08d3f576ab2da5e1db7d75c7/transformed/print-1.0.0/AndroidManifest.xml
Loading library manifest /opt/gradle/.gradle/caches/9.3.1/transforms/372877725659556bc85d68a6a8b9ccf5/transformed/zxing-android-embedded-4.3.0/AndroidManifest.xml
Loading library manifest /opt/gradle/.gradle/caches/9.3.1/transforms/c6a19315a08ee634f7c8dab4fb2225cc/transformed/espresso-idling-resource-3.7.0/AndroidManifest.xml
Loading library manifest /opt/gradle/.gradle/caches/9.3.1/transforms/d8ebdf36c9f9cecd9233852fdc950ab4/transformed/image-1.0.0-beta1/AndroidManifest.xml
Merging main manifest /app/applet/app/build/intermediates/tmp/manifest/test/debug/tempFile2ProcessTestManifest1278857458957041651.xml

Merging library manifest /opt/gradle/.gradle/caches/9.3.1/transforms/7d11665007ae5b1f67a50c9ac2f6f182/transformed/accompanist-permissions-0.37.3/AndroidManifest.xml
Merging manifest with lower [com.google.accompanist:accompanist-permissions:0.37.3] AndroidManifest.xml:17:1-23:12
uses-sdk defined in both files...
Merging uses-sdk with lower [com.google.accompanist:accompanist-permissions:0.37.3] AndroidManifest.xml:21:5-44
Merging library manifest /opt/gradle/.gradle/caches/9.3.1/transforms/64c21f162bf54c459555ff111245504d/transformed/navigation-common-2.8.9/AndroidManifest.xml
Merging manifest with lower [androidx.navigation:navigation-common:2.8.9] AndroidManifest.xml:17:1-22:12
uses-sdk defined in both files...
Merging uses-sdk with lower [androidx.navigation:navigation-common:2.8.9] AndroidManifest.xml:20:5-44
Merging library manifest /opt/gradle/.gradle/caches/9.3.1/transforms/076900bd77a3a4050b6158d1f63df91b/transformed/navigation-runtime-2.8.9/AndroidManifest.xml
Merging manifest with lower [androidx.navigation:navigation-runtime:2.8.9] AndroidManifest.xml:17:1-22:12
uses-sdk defined in both files...
Merging uses-sdk with lower [androidx.navigation:navigation-runtime:2.8.9] AndroidManifest.xml:20:5-44
Merging library manifest /opt/gradle/.gradle/caches/9.3.1/transforms/ef27560db1e8670832a9f7da14207270/transformed/navigation-common-ktx-2.8.9/AndroidManifest.xml
Merging manifest with lower [androidx.navigation:navigation-common-ktx:2.8.9] AndroidManifest.xml:2:1-7:12
uses-sdk defined in both files...
Merging uses-sdk with lower [androidx.navigation:navigation-common-ktx:2.8.9] AndroidManifest.xml:5:5-44
Merging library manifest /opt/gradle/.gradle/caches/9.3.1/transforms/f90e6fed2ad2e4cd74659cdb13e96940/transformed/navigation-runtime-ktx-2.8.9/AndroidManifest.xml
Merging manifest with lower [androidx.navigation:navigation-runtime-ktx:2.8.9] AndroidManifest.xml:2:1-7:12
uses-sdk defined in both files...
Merging uses-sdk with lower [androidx.navigation:navigation-runtime-ktx:2.8.9] AndroidManifest.xml:5:5-44
Merging library manifest /opt/gradle/.gradle/caches/9.3.1/transforms/c30fdfc8917ed99be125cf0b17115f0a/transformed/navigation-compose-2.8.9/AndroidManifest.xml
Merging manifest with lower [androidx.navigation:navigation-compose:2.8.9] AndroidManifest.xml:2:1-7:12
uses-sdk defined in both files...
Merging uses-sdk with lower [androidx.navigation:navigation-compose:2.8.9] AndroidManifest.xml:5:5-44
Merging library manifest /opt/gradle/.gradle/caches/9.3.1/transforms/13316105f0258ad338fccc4057f00008/transformed/camera-video-1.5.0/AndroidManifest.xml
Merging manifest with lower [androidx.camera:camera-video:1.5.0] AndroidManifest.xml:2:1-7:12
uses-sdk defined in both files...
Merging uses-sdk with lower [androidx.camera:camera-video:1.5.0] AndroidManifest.xml:5:5-44
Merging library manifest /opt/gradle/.gradle/caches/9.3.1/transforms/f5f39f9e8a9f40d57cdf61b5cd008c62/transformed/camera-lifecycle-1.5.0/AndroidManifest.xml
Merging manifest with lower [androidx.camera:camera-lifecycle:1.5.0] AndroidManifest.xml:2:1-7:12
uses-sdk defined in both files...
Merging uses-sdk with lower [androidx.camera:camera-lifecycle:1.5.0] AndroidManifest.xml:5:5-44
Merging library manifest /opt/gradle/.gradle/caches/9.3.1/transforms/6b1b0b72c4740cd15581f384f87b8151/transformed/camera-core-1.5.0/AndroidManifest.xml
Merging manifest with lower [androidx.camera:camera-core:1.5.0] AndroidManifest.xml:17:1-36:12
uses-sdk defined in both files...
Merging uses-sdk with lower [androidx.camera:camera-core:1.5.0] AndroidManifest.xml:21:5-44
application defined in both files...
Merging application with lower [androidx.camera:camera-core:1.5.0] AndroidManifest.xml:23:5-34:19
Adopted [service: null]
Merging library manifest /opt/gradle/.gradle/caches/9.3.1/transforms/429832c1b62b82264cb84bee480eccb9/transformed/camera-camera2-1.5.0/AndroidManifest.xml
Merging manifest with lower [androidx.camera:camera-camera2:1.5.0] AndroidManifest.xml:17:1-36:12
uses-sdk defined in both files...
Merging uses-sdk with lower [androidx.camera:camera-camera2:1.5.0] AndroidManifest.xml:21:5-44
application defined in both files...
Merging application with lower [androidx.camera:camera-camera2:1.5.0] AndroidManifest.xml:23:5-34:19
service#androidx.camera.core.impl.MetadataHolderService defined in both files...
Merging service#androidx.camera.core.impl.MetadataHolderService with lower [androidx.camera:camera-camera2:1.5.0] AndroidManifest.xml:24:9-33:19
Adopted [meta-data: null]
Merging library manifest /opt/gradle/.gradle/caches/9.3.1/transforms/6f28901ed4e6d023047c277c70502491/transformed/camera-view-1.5.0/AndroidManifest.xml
Merging manifest with lower [androidx.camera:camera-view:1.5.0] AndroidManifest.xml:2:1-7:12
uses-sdk defined in both files...
Merging uses-sdk with lower [androidx.camera:camera-view:1.5.0] AndroidManifest.xml:5:5-44
Merging library manifest /opt/gradle/.gradle/caches/9.3.1/transforms/4364a8e57b0492f4c18f85b90b1fe489/transformed/barcode-scanning-17.3.0/AndroidManifest.xml
Merging manifest with lower [com.google.mlkit:barcode-scanning:17.3.0] AndroidManifest.xml:2:1-7:12
uses-sdk defined in both files...
Merging uses-sdk with lower [com.google.mlkit:barcode-scanning:17.3.0] AndroidManifest.xml:5:5-44
Merging library manifest /opt/gradle/.gradle/caches/9.3.1/transforms/a61796006821140f4ee07281a48d1699/transformed/play-services-mlkit-barcode-scanning-18.3.1/AndroidManifest.xml
Merging manifest with lower [com.google.android.gms:play-services-mlkit-barcode-scanning:18.3.1] AndroidManifest.xml:2:1-18:12
uses-sdk defined in both files...
Merging uses-sdk with lower [com.google.android.gms:play-services-mlkit-barcode-scanning:18.3.1] AndroidManifest.xml:6:5-44
application defined in both files...
Merging application with lower [com.google.android.gms:play-services-mlkit-barcode-scanning:18.3.1] AndroidManifest.xml:8:5-16:19
Adopted [service: null]
Merging library manifest /opt/gradle/.gradle/caches/9.3.1/transforms/e7ae7eca164ef6bae2e2d5cca8fd23cf/transformed/barcode-scanning-common-17.0.0/AndroidManifest.xml
Merging manifest with lower [com.google.mlkit:barcode-scanning-common:17.0.0] AndroidManifest.xml:2:1-7:12
uses-sdk defined in both files...
Merging uses-sdk with lower [com.google.mlkit:barcode-scanning-common:17.0.0] AndroidManifest.xml:5:5-44
Merging library manifest /opt/gradle/.gradle/caches/9.3.1/transforms/825cd66755976be366aa5fd82e8cca31/transformed/vision-common-17.3.0/AndroidManifest.xml
Merging manifest with lower [com.google.mlkit:vision-common:17.3.0] AndroidManifest.xml:2:1-18:12
uses-sdk defined in both files...
Merging uses-sdk with lower [com.google.mlkit:vision-common:17.3.0] AndroidManifest.xml:6:5-44
application defined in both files...
Merging application with lower [com.google.mlkit:vision-common:17.3.0] AndroidManifest.xml:8:5-16:19
service#com.google.mlkit.common.internal.MlKitComponentDiscoveryService defined in both files...
Merging service#com.google.mlkit.common.internal.MlKitComponentDiscoveryService with lower [com.google.mlkit:vision-common:17.3.0] AndroidManifest.xml:9:9-15:19
Adopted [meta-data: null]
Merging library manifest /opt/gradle/.gradle/caches/9.3.1/transforms/80442607749372abd9dd6a47c55f6f40/transformed/common-18.11.0/AndroidManifest.xml
Merging manifest with lower [com.google.mlkit:common:18.11.0] AndroidManifest.xml:2:1-26:12
uses-sdk defined in both files...
Merging uses-sdk with lower [com.google.mlkit:common:18.11.0] AndroidManifest.xml:6:5-44
application defined in both files...
Merging application with lower [com.google.mlkit:common:18.11.0] AndroidManifest.xml:8:5-24:19
Adopted [provider: null]
service#com.google.mlkit.common.internal.MlKitComponentDiscoveryService defined in both files...
Merging service#com.google.mlkit.common.internal.MlKitComponentDiscoveryService with lower [com.google.mlkit:common:18.11.0] AndroidManifest.xml:15:9-23:19
Adopted [meta-data: null]
Merging library manifest /opt/gradle/.gradle/caches/9.3.1/transforms/9d1fa9624de003e6c849538317eec576/transformed/coil-gif-2.7.0/AndroidManifest.xml
Merging manifest with lower [io.coil-kt:coil-gif:2.7.0] AndroidManifest.xml:2:1-7:12
uses-sdk defined in both files...
Merging uses-sdk with lower [io.coil-kt:coil-gif:2.7.0] AndroidManifest.xml:5:5-44
Merging library manifest /opt/gradle/.gradle/caches/9.3.1/transforms/bae641985375943c608d7122dcc3f20f/transformed/coil-video-2.7.0/AndroidManifest.xml
Merging manifest with lower [io.coil-kt:coil-video:2.7.0] AndroidManifest.xml:2:1-7:12
uses-sdk defined in both files...
Merging uses-sdk with lower [io.coil-kt:coil-video:2.7.0] AndroidManifest.xml:5:5-44
Merging library manifest /opt/gradle/.gradle/caches/9.3.1/transforms/0b222a6478a57a1b8773bf22f09283e7/transformed/coil-compose-2.7.0/AndroidManifest.xml
Merging manifest with lower [io.coil-kt:coil-compose:2.7.0] AndroidManifest.xml:2:1-7:12
uses-sdk defined in both files...
Merging uses-sdk with lower [io.coil-kt:coil-compose:2.7.0] AndroidManifest.xml:5:5-44
Merging library manifest /opt/gradle/.gradle/caches/9.3.1/transforms/2a69f25df211506b71f4e3cc2c278b09/transformed/coil-compose-base-2.7.0/AndroidManifest.xml
Merging manifest with lower [io.coil-kt:coil-compose-base:2.7.0] AndroidManifest.xml:2:1-7:12
uses-sdk defined in both files...
Merging uses-sdk with lower [io.coil-kt:coil-compose-base:2.7.0] AndroidManifest.xml:5:5-44
Merging library manifest /opt/gradle/.gradle/caches/9.3.1/transforms/f41b0c7384a73ec23075e958f49fe818/transformed/coil-2.7.0/AndroidManifest.xml
Merging manifest with lower [io.coil-kt:coil:2.7.0] AndroidManifest.xml:2:1-7:12
uses-sdk defined in both files...
Merging uses-sdk with lower [io.coil-kt:coil:2.7.0] AndroidManifest.xml:5:5-44
Merging library manifest /opt/gradle/.gradle/caches/9.3.1/transforms/d60270a756679426678adf1591960f88/transformed/coil-base-2.7.0/AndroidManifest.xml
Merging manifest with lower [io.coil-kt:coil-base:2.7.0] AndroidManifest.xml:2:1-7:12
uses-sdk defined in both files...
Merging uses-sdk with lower [io.coil-kt:coil-base:2.7.0] AndroidManifest.xml:5:5-44
Merging library manifest /opt/gradle/.gradle/caches/9.3.1/transforms/02088130fc70bd9c3d3eca0a1f409afb/transformed/appcompat-resources-1.6.1/AndroidManifest.xml
Merging manifest with lower [androidx.appcompat:appcompat-resources:1.6.1] AndroidManifest.xml:17:1-22:12
uses-sdk defined in both files...
Merging uses-sdk with lower [androidx.appcompat:appcompat-resources:1.6.1] AndroidManifest.xml:20:5-44
Merging library manifest /opt/gradle/.gradle/caches/9.3.1/transforms/788f9d6d9849f478cae6e902ba9dd22a/transformed/appcompat-1.6.1/AndroidManifest.xml
Merging manifest with lower [androidx.appcompat:appcompat:1.6.1] AndroidManifest.xml:17:1-22:12
uses-sdk defined in both files...
Merging uses-sdk with lower [androidx.appcompat:appcompat:1.6.1] AndroidManifest.xml:20:5-44
Merging library manifest /opt/gradle/.gradle/caches/9.3.1/transforms/be82e78bb9cf39fa890b25a84f3fde31/transformed/firebase-messaging-25.1.0/AndroidManifest.xml
Merging manifest with lower [com.google.firebase:firebase-messaging:25.1.0] AndroidManifest.xml:17:1-66:12
uses-sdk defined in both files...
Merging uses-sdk with lower [com.google.firebase:firebase-messaging:25.1.0] AndroidManifest.xml:20:5-44
uses-permission#android.permission.ACCESS_NETWORK_STATE defined in both files...
Merging uses-permission#android.permission.ACCESS_NETWORK_STATE with lower [com.google.firebase:firebase-messaging:25.1.0] AndroidManifest.xml:22:5-79
uses-permission#android.permission.POST_NOTIFICATIONS defined in both files...
Merging uses-permission#android.permission.POST_NOTIFICATIONS with lower [com.google.firebase:firebase-messaging:25.1.0] AndroidManifest.xml:23:5-77
Adopted [uses-permission: null]
Adopted [uses-permission: null]
application defined in both files...
Merging application with lower [com.google.firebase:firebase-messaging:25.1.0] AndroidManifest.xml:28:5-64:19
Adopted [receiver: null]
Adopted [service: null]
Adopted [service: null]
Merging library manifest /opt/gradle/.gradle/caches/9.3.1/transforms/86be536fde5d9bb83609010df8d82209/transformed/firebase-iid-interop-17.1.0/AndroidManifest.xml
Merging manifest with lower [com.google.firebase:firebase-iid-interop:17.1.0] AndroidManifest.xml:2:1-10:12
uses-sdk defined in both files...
Merging uses-sdk with lower [com.google.firebase:firebase-iid-interop:17.1.0] AndroidManifest.xml:5:5-44
application defined in both files...
Merging application with lower [com.google.firebase:firebase-iid-interop:17.1.0] AndroidManifest.xml:7:5-8:19
Merging library manifest /opt/gradle/.gradle/caches/9.3.1/transforms/777e0d9d88fbf0e485211683c6a2ae68/transformed/firebase-measurement-connector-19.0.0/AndroidManifest.xml
Merging manifest with lower [com.google.firebase:firebase-measurement-connector:19.0.0] AndroidManifest.xml:17:1-25:12
uses-sdk defined in both files...
Merging uses-sdk with lower [com.google.firebase:firebase-measurement-connector:19.0.0] AndroidManifest.xml:20:5-44
application defined in both files...
Merging application with lower [com.google.firebase:firebase-measurement-connector:19.0.0] AndroidManifest.xml:22:5-23:19
Merging library manifest /opt/gradle/.gradle/caches/9.3.1/transforms/71343a393429c33bdcf69c7559e1a520/transformed/play-services-cloud-messaging-17.4.0/AndroidManifest.xml
Merging manifest with lower [com.google.android.gms:play-services-cloud-messaging:17.4.0] AndroidManifest.xml:2:1-13:12
uses-sdk defined in both files...
Merging uses-sdk with lower [com.google.android.gms:play-services-cloud-messaging:17.4.0] AndroidManifest.xml:5:5-44
uses-permission#android.permission.ACCESS_NETWORK_STATE defined in both files...
Merging uses-permission#android.permission.ACCESS_NETWORK_STATE with lower [com.google.android.gms:play-services-cloud-messaging:17.4.0] AndroidManifest.xml:7:5-79
uses-permission#android.permission.INTERNET defined in both files...
Merging uses-permission#android.permission.INTERNET with lower [com.google.android.gms:play-services-cloud-messaging:17.4.0] AndroidManifest.xml:8:5-67
uses-permission#android.permission.WAKE_LOCK defined in both files...
Merging uses-permission#android.permission.WAKE_LOCK with lower [com.google.android.gms:play-services-cloud-messaging:17.4.0] AndroidManifest.xml:9:5-68
uses-permission#com.google.android.c2dm.permission.RECEIVE defined in both files...
Merging uses-permission#com.google.android.c2dm.permission.RECEIVE with lower [com.google.android.gms:play-services-cloud-messaging:17.4.0] AndroidManifest.xml:11:5-82
Merging library manifest /opt/gradle/.gradle/caches/9.3.1/transforms/51465dc2dbf2f7a5cd3629227ece8adb/transformed/play-services-base-18.9.0/AndroidManifest.xml
Merging manifest with lower [com.google.android.gms:play-services-base:18.9.0] AndroidManifest.xml:16:1-24:12
uses-sdk defined in both files...
Merging uses-sdk with lower [com.google.android.gms:play-services-base:18.9.0] AndroidManifest.xml:18:5-43
application defined in both files...
Merging application with lower [com.google.android.gms:play-services-base:18.9.0] AndroidManifest.xml:19:5-23:19
Adopted [activity: null]
Merging library manifest /opt/gradle/.gradle/caches/9.3.1/transforms/efa494c9c2d25b61d16d0c6950d66454/transformed/firebase-installations-19.1.1/AndroidManifest.xml
Merging manifest with lower [com.google.firebase:firebase-installations:19.1.1] AndroidManifest.xml:2:1-24:12
uses-sdk defined in both files...
Merging uses-sdk with lower [com.google.firebase:firebase-installations:19.1.1] AndroidManifest.xml:5:5-44
uses-permission#android.permission.ACCESS_NETWORK_STATE defined in both files...
Merging uses-permission#android.permission.ACCESS_NETWORK_STATE with lower [com.google.firebase:firebase-installations:19.1.1] AndroidManifest.xml:7:5-79
uses-permission#android.permission.INTERNET defined in both files...
Merging uses-permission#android.permission.INTERNET with lower [com.google.firebase:firebase-installations:19.1.1] AndroidManifest.xml:8:5-67
application defined in both files...
Merging application with lower [com.google.firebase:firebase-installations:19.1.1] AndroidManifest.xml:11:5-22:19
service#com.google.firebase.components.ComponentDiscoveryService defined in both files...
Merging service#com.google.firebase.components.ComponentDiscoveryService with lower [com.google.firebase:firebase-installations:19.1.1] AndroidManifest.xml:12:9-21:19
Adopted [meta-data: null]
Adopted [meta-data: null]
Merging library manifest /opt/gradle/.gradle/caches/9.3.1/transforms/8934676c2ce3dae4c2df99411040b0e4/transformed/firebase-common-22.1.0/AndroidManifest.xml
Merging manifest with lower [com.google.firebase:firebase-common:22.1.0] AndroidManifest.xml:15:1-41:12
uses-sdk defined in both files...
Merging uses-sdk with lower [com.google.firebase:firebase-common:22.1.0] AndroidManifest.xml:19:5-44
application defined in both files...
Merging application with lower [com.google.firebase:firebase-common:22.1.0] AndroidManifest.xml:22:5-39:19
Adopted [provider: null]
service#com.google.firebase.components.ComponentDiscoveryService defined in both files...
Merging service#com.google.firebase.components.ComponentDiscoveryService with lower [com.google.firebase:firebase-common:22.1.0] AndroidManifest.xml:30:9-38:19
Adopted [meta-data: null]
Merging library manifest /opt/gradle/.gradle/caches/9.3.1/transforms/924bf204d6c9408e1f4a451bf19f126b/transformed/vision-interfaces-16.3.0/AndroidManifest.xml
Merging manifest with lower [com.google.mlkit:vision-interfaces:16.3.0] AndroidManifest.xml:2:1-7:12
uses-sdk defined in both files...
Merging uses-sdk with lower [com.google.mlkit:vision-interfaces:16.3.0] AndroidManifest.xml:5:5-44
Merging library manifest /opt/gradle/.gradle/caches/9.3.1/transforms/d628b72a370c4e9af36bdb659cf7b8f9/transformed/firebase-installations-interop-17.3.0/AndroidManifest.xml
Merging manifest with lower [com.google.firebase:firebase-installations-interop:17.3.0] AndroidManifest.xml:15:1-19:12
uses-sdk defined in both files...
Merging uses-sdk with lower [com.google.firebase:firebase-installations-interop:17.3.0] AndroidManifest.xml:17:5-44
Merging library manifest /opt/gradle/.gradle/caches/9.3.1/transforms/9b0349e3e60a45dd8bb3ef3d953c1c8a/transformed/room-runtime-release/AndroidManifest.xml
Merging manifest with lower [androidx.room:room-runtime-android:2.7.0] AndroidManifest.xml:17:1-31:12
uses-sdk defined in both files...
Merging uses-sdk with lower [androidx.room:room-runtime-android:2.7.0] AndroidManifest.xml:21:5-44
application defined in both files...
Merging application with lower [androidx.room:room-runtime-android:2.7.0] AndroidManifest.xml:23:5-29:19
Adopted [service: null]
Merging library manifest /opt/gradle/.gradle/caches/9.3.1/transforms/6f81320d2930dd28c658a4ae45f72f92/transformed/work-runtime-ktx-2.9.1/AndroidManifest.xml
Merging manifest with lower [androidx.work:work-runtime-ktx:2.9.1] AndroidManifest.xml:17:1-22:12
uses-sdk defined in both files...
Merging uses-sdk with lower [androidx.work:work-runtime-ktx:2.9.1] AndroidManifest.xml:20:5-44
Merging library manifest /opt/gradle/.gradle/caches/9.3.1/transforms/75ddf909643bfbcee71825ed079020ca/transformed/work-runtime-2.9.1/AndroidManifest.xml
Merging manifest with lower [androidx.work:work-runtime:2.9.1] AndroidManifest.xml:17:1-145:12
uses-sdk defined in both files...
Merging uses-sdk with lower [androidx.work:work-runtime:2.9.1] AndroidManifest.xml:21:5-44
uses-permission#android.permission.WAKE_LOCK defined in both files...
Merging uses-permission#android.permission.WAKE_LOCK with lower [androidx.work:work-runtime:2.9.1] AndroidManifest.xml:23:5-68
uses-permission#android.permission.ACCESS_NETWORK_STATE defined in both files...
Merging uses-permission#android.permission.ACCESS_NETWORK_STATE with lower [androidx.work:work-runtime:2.9.1] AndroidManifest.xml:24:5-79
Adopted [uses-permission: null]
uses-permission#android.permission.FOREGROUND_SERVICE defined in both files...
Merging uses-permission#android.permission.FOREGROUND_SERVICE with lower [androidx.work:work-runtime:2.9.1] AndroidManifest.xml:26:5-77
application defined in both files...
Merging application with lower [androidx.work:work-runtime:2.9.1] AndroidManifest.xml:28:5-143:19
provider#androidx.startup.InitializationProvider defined in both files...
Merging provider#androidx.startup.InitializationProvider with lower [androidx.work:work-runtime:2.9.1] AndroidManifest.xml:29:9-37:20
meta-data#androidx.work.WorkManagerInitializer defined in both files...
Adopted [service: null]
Adopted [service: null]
Adopted [service: null]
Adopted [receiver: null]
Adopted [receiver: null]
Adopted [receiver: null]
Adopted [receiver: null]
Adopted [receiver: null]
Adopted [receiver: null]
Adopted [receiver: null]
Adopted [receiver: null]
Merging library manifest /opt/gradle/.gradle/caches/9.3.1/transforms/a8b592cee3697f0469edd1cf14a8ddf1/transformed/room-ktx-2.7.0/AndroidManifest.xml
Merging manifest with lower [androidx.room:room-ktx:2.7.0] AndroidManifest.xml:17:1-22:12
uses-sdk defined in both files...
Merging uses-sdk with lower [androidx.room:room-ktx:2.7.0] AndroidManifest.xml:20:5-44
Merging library manifest /opt/gradle/.gradle/caches/9.3.1/transforms/acc780bb066cb1b3ab7beda6665ceb51/transformed/roborazzi-compose-1.59.0/AndroidManifest.xml
Merging manifest with lower [io.github.takahirom.roborazzi:roborazzi-compose:1.59.0] AndroidManifest.xml:2:1-10:12
uses-sdk defined in both files...
Merging uses-sdk with lower [io.github.takahirom.roborazzi:roborazzi-compose:1.59.0] AndroidManifest.xml:5:5-44
application defined in both files...
Merging application with lower [io.github.takahirom.roborazzi:roborazzi-compose:1.59.0] AndroidManifest.xml:7:5-8:19
Merging library manifest /opt/gradle/.gradle/caches/9.3.1/transforms/9d55e2149ae6c729613559823802ce92/transformed/roborazzi-junit-rule-1.59.0/AndroidManifest.xml
Merging manifest with lower [io.github.takahirom.roborazzi:roborazzi-junit-rule:1.59.0] AndroidManifest.xml:2:1-7:12
uses-sdk defined in both files...
Merging uses-sdk with lower [io.github.takahirom.roborazzi:roborazzi-junit-rule:1.59.0] AndroidManifest.xml:5:5-44
Merging library manifest /opt/gradle/.gradle/caches/9.3.1/transforms/55cedfb178fb3be353049267d33be1a5/transformed/roborazzi-1.59.0/AndroidManifest.xml
Merging manifest with lower [io.github.takahirom.roborazzi:roborazzi:1.59.0] AndroidManifest.xml:2:1-14:12
uses-sdk defined in both files...
Merging uses-sdk with lower [io.github.takahirom.roborazzi:roborazzi:1.59.0] AndroidManifest.xml:5:5-44
application defined in both files...
Merging application with lower [io.github.takahirom.roborazzi:roborazzi:1.59.0] AndroidManifest.xml:7:5-12:19
Adopted [activity: null]
Adopted [activity: null]
Merging library manifest /opt/gradle/.gradle/caches/9.3.1/transforms/d673848f22d3b7f5a8613ee0a6af265b/transformed/roborazzi-core-release/AndroidManifest.xml
Merging manifest with lower [io.github.takahirom.roborazzi:roborazzi-core-android:1.59.0] AndroidManifest.xml:2:1-7:12
uses-sdk defined in both files...
Merging uses-sdk with lower [io.github.takahirom.roborazzi:roborazzi-core-android:1.59.0] AndroidManifest.xml:5:5-44
Merging library manifest /opt/gradle/.gradle/caches/9.3.1/transforms/2286e6170681f86143f5de97da8c5562/transformed/junit-ktx-1.2.1/AndroidManifest.xml
Merging manifest with lower [androidx.test.ext:junit-ktx:1.2.1] AndroidManifest.xml:17:1-24:12
uses-sdk defined in both files...
Merging uses-sdk with lower [androidx.test.ext:junit-ktx:1.2.1] AndroidManifest.xml:20:5-22:41
Merging library manifest /opt/gradle/.gradle/caches/9.3.1/transforms/c3890ddda7e2d8c3691041d8969798b0/transformed/ui-test-junit4-release/AndroidManifest.xml
Merging manifest with lower [androidx.compose.ui:ui-test-junit4-android:1.7.2] AndroidManifest.xml:2:1-7:12
uses-sdk defined in both files...
Merging uses-sdk with lower [androidx.compose.ui:ui-test-junit4-android:1.7.2] AndroidManifest.xml:5:5-44
Merging library manifest /opt/gradle/.gradle/caches/9.3.1/transforms/fd3773a01f332c5354d72f1c1bcb01f8/transformed/junit-1.3.0/AndroidManifest.xml
Merging manifest with lower [androidx.test.ext:junit:1.3.0] AndroidManifest.xml:17:1-24:12
uses-sdk defined in both files...
Merging uses-sdk with lower [androidx.test.ext:junit:1.3.0] AndroidManifest.xml:20:5-22:41
Merging library manifest /opt/gradle/.gradle/caches/9.3.1/transforms/9a3e6315f4965eb3cf282ecfec9e4e53/transformed/material3-release/AndroidManifest.xml
Merging manifest with lower [androidx.compose.material3:material3-android:1.3.0] AndroidManifest.xml:17:1-22:12
uses-sdk defined in both files...
Merging uses-sdk with lower [androidx.compose.material3:material3-android:1.3.0] AndroidManifest.xml:20:5-44
Merging library manifest /opt/gradle/.gradle/caches/9.3.1/transforms/0b930c02280ff5b5db44c1213648995a/transformed/foundation-release/AndroidManifest.xml
Merging manifest with lower [androidx.compose.foundation:foundation-android:1.7.2] AndroidManifest.xml:2:1-7:12
uses-sdk defined in both files...
Merging uses-sdk with lower [androidx.compose.foundation:foundation-android:1.7.2] AndroidManifest.xml:5:5-44
Merging library manifest /opt/gradle/.gradle/caches/9.3.1/transforms/dcbe64190072147e169da7dbfe8840d6/transformed/foundation-layout-release/AndroidManifest.xml
Merging manifest with lower [androidx.compose.foundation:foundation-layout-android:1.7.2] AndroidManifest.xml:2:1-7:12
uses-sdk defined in both files...
Merging uses-sdk with lower [androidx.compose.foundation:foundation-layout-android:1.7.2] AndroidManifest.xml:5:5-44
Merging library manifest /opt/gradle/.gradle/caches/9.3.1/transforms/137eb6cb608176617db339322e7a139f/transformed/ui-tooling-data-release/AndroidManifest.xml
Merging manifest with lower [androidx.compose.ui:ui-tooling-data-android:1.7.2] AndroidManifest.xml:2:1-7:12
uses-sdk defined in both files...
Merging uses-sdk with lower [androidx.compose.ui:ui-tooling-data-android:1.7.2] AndroidManifest.xml:5:5-44
Merging library manifest /opt/gradle/.gradle/caches/9.3.1/transforms/30716a89020ecc847c142026a39e90a4/transformed/ui-geometry-release/AndroidManifest.xml
Merging manifest with lower [androidx.compose.ui:ui-geometry-android:1.7.2] AndroidManifest.xml:2:1-7:12
uses-sdk defined in both files...
Merging uses-sdk with lower [androidx.compose.ui:ui-geometry-android:1.7.2] AndroidManifest.xml:5:5-44
Merging library manifest /opt/gradle/.gradle/caches/9.3.1/transforms/2f5cfc22a3ae73d752cabbd6603bdaaa/transformed/ui-tooling-preview-release/AndroidManifest.xml
Merging manifest with lower [androidx.compose.ui:ui-tooling-preview-android:1.7.2] AndroidManifest.xml:17:1-22:12
uses-sdk defined in both files...
Merging uses-sdk with lower [androidx.compose.ui:ui-tooling-preview-android:1.7.2] AndroidManifest.xml:20:5-44
Merging library manifest /opt/gradle/.gradle/caches/9.3.1/transforms/a35f96810cdea9e1f6c5af28299965cb/transformed/animation-core-release/AndroidManifest.xml
Merging manifest with lower [androidx.compose.animation:animation-core-android:1.7.2] AndroidManifest.xml:2:1-7:12
uses-sdk defined in both files...
Merging uses-sdk with lower [androidx.compose.animation:animation-core-android:1.7.2] AndroidManifest.xml:5:5-44
Merging library manifest /opt/gradle/.gradle/caches/9.3.1/transforms/bb8af1d0ba07bf04848c3ddea872a77f/transformed/ui-unit-release/AndroidManifest.xml
Merging manifest with lower [androidx.compose.ui:ui-unit-android:1.7.2] AndroidManifest.xml:2:1-7:12
uses-sdk defined in both files...
Merging uses-sdk with lower [androidx.compose.ui:ui-unit-android:1.7.2] AndroidManifest.xml:5:5-44
Merging library manifest /opt/gradle/.gradle/caches/9.3.1/transforms/3c31be690c0e43395c1e44d9a21e2852/transformed/ui-text-release/AndroidManifest.xml
Merging manifest with lower [androidx.compose.ui:ui-text-android:1.7.2] AndroidManifest.xml:2:1-7:12
uses-sdk defined in both files...
Merging uses-sdk with lower [androidx.compose.ui:ui-text-android:1.7.2] AndroidManifest.xml:5:5-44
Merging library manifest /opt/gradle/.gradle/caches/9.3.1/transforms/91f41813ab941189ab76dc0a695014a8/transformed/ui-graphics-release/AndroidManifest.xml
Merging manifest with lower [androidx.compose.ui:ui-graphics-android:1.7.2] AndroidManifest.xml:2:1-7:12
uses-sdk defined in both files...
Merging uses-sdk with lower [androidx.compose.ui:ui-graphics-android:1.7.2] AndroidManifest.xml:5:5-44
Merging library manifest /opt/gradle/.gradle/caches/9.3.1/transforms/0e082cb83885b21aa6a713bf39674ec4/transformed/ui-test-manifest-1.7.2/AndroidManifest.xml
Merging manifest with lower [androidx.compose.ui:ui-test-manifest:1.7.2] AndroidManifest.xml:17:1-28:12
uses-sdk defined in both files...
Merging uses-sdk with lower [androidx.compose.ui:ui-test-manifest:1.7.2] AndroidManifest.xml:20:5-44
application defined in both files...
Merging application with lower [androidx.compose.ui:ui-test-manifest:1.7.2] AndroidManifest.xml:22:5-26:19
Adopted [activity: null]
Merging library manifest /opt/gradle/.gradle/caches/9.3.1/transforms/d8a6219befa9fbb9e26f0d2a9139d8f1/transformed/ui-tooling-release/AndroidManifest.xml
Merging manifest with lower [androidx.compose.ui:ui-tooling-android:1.7.2] AndroidManifest.xml:17:1-28:12
uses-sdk defined in both files...
Merging uses-sdk with lower [androidx.compose.ui:ui-tooling-android:1.7.2] AndroidManifest.xml:20:5-44
application defined in both files...
Merging application with lower [androidx.compose.ui:ui-tooling-android:1.7.2] AndroidManifest.xml:22:5-26:19
Adopted [activity: null]
Merging library manifest /opt/gradle/.gradle/caches/9.3.1/transforms/7519b6f85ea476a2eb2ee85fdeb9bd07/transformed/material-release/AndroidManifest.xml
Merging manifest with lower [androidx.compose.material:material-android:1.7.0] AndroidManifest.xml:2:1-7:12
uses-sdk defined in both files...
Merging uses-sdk with lower [androidx.compose.material:material-android:1.7.0] AndroidManifest.xml:5:5-44
Merging library manifest /opt/gradle/.gradle/caches/9.3.1/transforms/648513400ff16ba164c64878e30e6a2d/transformed/material-ripple-release/AndroidManifest.xml
Merging manifest with lower [androidx.compose.material:material-ripple-android:1.7.0] AndroidManifest.xml:2:1-7:12
uses-sdk defined in both files...
Merging uses-sdk with lower [androidx.compose.material:material-ripple-android:1.7.0] AndroidManifest.xml:5:5-44
Merging library manifest /opt/gradle/.gradle/caches/9.3.1/transforms/95074b0231bdd356eb0360da7f5f7ece/transformed/animation-release/AndroidManifest.xml
Merging manifest with lower [androidx.compose.animation:animation-android:1.7.2] AndroidManifest.xml:2:1-7:12
uses-sdk defined in both files...
Merging uses-sdk with lower [androidx.compose.animation:animation-android:1.7.2] AndroidManifest.xml:5:5-44
Merging library manifest /opt/gradle/.gradle/caches/9.3.1/transforms/79cd1cec06c6dda10d7ac48afe370b00/transformed/ui-util-release/AndroidManifest.xml
Merging manifest with lower [androidx.compose.ui:ui-util-android:1.7.2] AndroidManifest.xml:2:1-7:12
uses-sdk defined in both files...
Merging uses-sdk with lower [androidx.compose.ui:ui-util-android:1.7.2] AndroidManifest.xml:5:5-44
Merging library manifest /opt/gradle/.gradle/caches/9.3.1/transforms/cc36368ef5169fdec02ea0e86dd38668/transformed/ui-test-release/AndroidManifest.xml
Merging manifest with lower [androidx.compose.ui:ui-test-android:1.7.2] AndroidManifest.xml:2:1-7:12
uses-sdk defined in both files...
Merging uses-sdk with lower [androidx.compose.ui:ui-test-android:1.7.2] AndroidManifest.xml:5:5-44
Merging library manifest /opt/gradle/.gradle/caches/9.3.1/transforms/547e3cc7ab5ea171ebe777879c4a64f3/transformed/espresso-core-3.5.1/AndroidManifest.xml
Merging manifest with lower [androidx.test.espresso:espresso-core:3.5.1] AndroidManifest.xml:17:1-24:12
uses-sdk defined in both files...
Merging uses-sdk with lower [androidx.test.espresso:espresso-core:3.5.1] AndroidManifest.xml:20:5-22:41
Merging library manifest /opt/gradle/.gradle/caches/9.3.1/transforms/af7b12f17668fbc3d27152af0ebda415/transformed/core-1.7.0/AndroidManifest.xml
Merging manifest with lower [androidx.test:core:1.7.0] AndroidManifest.xml:17:1-53:12
uses-sdk defined in both files...
Merging uses-sdk with lower [androidx.test:core:1.7.0] AndroidManifest.xml:20:5-22:41
Adopted [uses-permission: null]
application defined in both files...
Merging application with lower [androidx.test:core:1.7.0] AndroidManifest.xml:26:5-51:19
Adopted [activity: null]
Adopted [activity: null]
Adopted [activity: null]
Merging library manifest /opt/gradle/.gradle/caches/9.3.1/transforms/3d89967392217efa44390995a4f24077/transformed/savedstate-ktx-1.2.1/AndroidManifest.xml
Merging manifest with lower [androidx.savedstate:savedstate-ktx:1.2.1] AndroidManifest.xml:17:1-22:12
uses-sdk defined in both files...
Merging uses-sdk with lower [androidx.savedstate:savedstate-ktx:1.2.1] AndroidManifest.xml:20:5-44
Merging library manifest /opt/gradle/.gradle/caches/9.3.1/transforms/3f4d84f579e2763d99ee6392ddde5323/transformed/savedstate-1.2.1/AndroidManifest.xml
Merging manifest with lower [androidx.savedstate:savedstate:1.2.1] AndroidManifest.xml:17:1-22:12
uses-sdk defined in both files...
Merging uses-sdk with lower [androidx.savedstate:savedstate:1.2.1] AndroidManifest.xml:20:5-44
Merging library manifest /opt/gradle/.gradle/caches/9.3.1/transforms/7e69ced57291773ec35e7adde5bbaea2/transformed/lifecycle-service-2.8.7/AndroidManifest.xml
Merging manifest with lower [androidx.lifecycle:lifecycle-service:2.8.7] AndroidManifest.xml:2:1-7:12
uses-sdk defined in both files...
Merging uses-sdk with lower [androidx.lifecycle:lifecycle-service:2.8.7] AndroidManifest.xml:5:5-44
Merging library manifest /opt/gradle/.gradle/caches/9.3.1/transforms/8a93a6ad18f4e84fae0b5e8547087138/transformed/play-services-stats-17.0.2/AndroidManifest.xml
Merging manifest with lower [com.google.android.gms:play-services-stats:17.0.2] AndroidManifest.xml:2:1-9:12
uses-sdk defined in both files...
Merging uses-sdk with lower [com.google.android.gms:play-services-stats:17.0.2] AndroidManifest.xml:5:5-44
application defined in both files...
Merging application with lower [com.google.android.gms:play-services-stats:17.0.2] AndroidManifest.xml:7:5-20
Merging library manifest /opt/gradle/.gradle/caches/9.3.1/transforms/d6c76d72ca7aecf01969976fe5d78b5d/transformed/legacy-support-core-utils-1.0.0/AndroidManifest.xml
Merging manifest with lower [androidx.legacy:legacy-support-core-utils:1.0.0] AndroidManifest.xml:17:1-22:12
uses-sdk defined in both files...
Merging uses-sdk with lower [androidx.legacy:legacy-support-core-utils:1.0.0] AndroidManifest.xml:20:5-44
Merging library manifest /opt/gradle/.gradle/caches/9.3.1/transforms/29e48f1f485be93b030ce0ed0e171b30/transformed/loader-1.0.0/AndroidManifest.xml
Merging manifest with lower [androidx.loader:loader:1.0.0] AndroidManifest.xml:17:1-22:12
uses-sdk defined in both files...
Merging uses-sdk with lower [androidx.loader:loader:1.0.0] AndroidManifest.xml:20:5-44
Merging library manifest /opt/gradle/.gradle/caches/9.3.1/transforms/e80b7c843407c274202c819558574a67/transformed/lifecycle-viewmodel-2.8.7/AndroidManifest.xml
Merging manifest with lower [androidx.lifecycle:lifecycle-viewmodel:2.8.7] AndroidManifest.xml:2:1-5:12
uses-sdk defined in both files...
Merging uses-sdk with lower [androidx.lifecycle:lifecycle-viewmodel:2.8.7] AndroidManifest.xml:4:5-43
Merging library manifest /opt/gradle/.gradle/caches/9.3.1/transforms/6dd7b4539725640be326078f33443108/transformed/lifecycle-viewmodel-release/AndroidManifest.xml
Merging manifest with lower [androidx.lifecycle:lifecycle-viewmodel-android:2.8.7] AndroidManifest.xml:17:1-22:12
uses-sdk defined in both files...
Merging uses-sdk with lower [androidx.lifecycle:lifecycle-viewmodel-android:2.8.7] AndroidManifest.xml:20:5-44
Merging library manifest /opt/gradle/.gradle/caches/9.3.1/transforms/bf5714ebd98551461efeeb69a7422540/transformed/lifecycle-livedata-core-ktx-2.8.7/AndroidManifest.xml
Merging manifest with lower [androidx.lifecycle:lifecycle-livedata-core-ktx:2.8.7] AndroidManifest.xml:2:1-7:12
uses-sdk defined in both files...
Merging uses-sdk with lower [androidx.lifecycle:lifecycle-livedata-core-ktx:2.8.7] AndroidManifest.xml:5:5-44
Merging library manifest /opt/gradle/.gradle/caches/9.3.1/transforms/de2b1db8d159f2ad7377339f3c565e5e/transformed/lifecycle-viewmodel-savedstate-2.8.7/AndroidManifest.xml
Merging manifest with lower [androidx.lifecycle:lifecycle-viewmodel-savedstate:2.8.7] AndroidManifest.xml:17:1-22:12
uses-sdk defined in both files...
Merging uses-sdk with lower [androidx.lifecycle:lifecycle-viewmodel-savedstate:2.8.7] AndroidManifest.xml:20:5-44
Merging library manifest /opt/gradle/.gradle/caches/9.3.1/transforms/649dbcf042700fb71f459c9c0956059a/transformed/media3-exoplayer-hls-1.5.0/AndroidManifest.xml
Merging manifest with lower [androidx.media3:media3-exoplayer-hls:1.5.0] AndroidManifest.xml:17:1-22:12
uses-sdk defined in both files...
Merging uses-sdk with lower [androidx.media3:media3-exoplayer-hls:1.5.0] AndroidManifest.xml:20:5-44
Merging library manifest /opt/gradle/.gradle/caches/9.3.1/transforms/e43c23023217c0abe73749f5d53de7eb/transformed/media3-exoplayer-1.5.0/AndroidManifest.xml
Merging manifest with lower [androidx.media3:media3-exoplayer:1.5.0] AndroidManifest.xml:17:1-24:12
uses-sdk defined in both files...
Merging uses-sdk with lower [androidx.media3:media3-exoplayer:1.5.0] AndroidManifest.xml:20:5-44
uses-permission#android.permission.ACCESS_NETWORK_STATE defined in both files...
Merging uses-permission#android.permission.ACCESS_NETWORK_STATE with lower [androidx.media3:media3-exoplayer:1.5.0] AndroidManifest.xml:22:5-79
Merging library manifest /opt/gradle/.gradle/caches/9.3.1/transforms/60c3df898fd98e4245116650339de8a2/transformed/media3-session-1.5.0/AndroidManifest.xml
Merging manifest with lower [androidx.media3:media3-session:1.5.0] AndroidManifest.xml:17:1-22:12
uses-sdk defined in both files...
Merging uses-sdk with lower [androidx.media3:media3-session:1.5.0] AndroidManifest.xml:20:5-44
Merging library manifest /opt/gradle/.gradle/caches/9.3.1/transforms/17e4be283ff62465085a296fc1aa7e8f/transformed/media3-datasource-1.5.0/AndroidManifest.xml
Merging manifest with lower [androidx.media3:media3-datasource:1.5.0] AndroidManifest.xml:17:1-22:12
uses-sdk defined in both files...
Merging uses-sdk with lower [androidx.media3:media3-datasource:1.5.0] AndroidManifest.xml:20:5-44
Merging library manifest /opt/gradle/.gradle/caches/9.3.1/transforms/c531bd165f2f81e4005072d64e27a706/transformed/media3-extractor-1.5.0/AndroidManifest.xml
Merging manifest with lower [androidx.media3:media3-extractor:1.5.0] AndroidManifest.xml:17:1-22:12
uses-sdk defined in both files...
Merging uses-sdk with lower [androidx.media3:media3-extractor:1.5.0] AndroidManifest.xml:20:5-44
Merging library manifest /opt/gradle/.gradle/caches/9.3.1/transforms/8454b63c3a1284f4aef74e9c1d78f26a/transformed/media3-container-1.5.0/AndroidManifest.xml
Merging manifest with lower [androidx.media3:media3-container:1.5.0] AndroidManifest.xml:17:1-22:12
uses-sdk defined in both files...
Merging uses-sdk with lower [androidx.media3:media3-container:1.5.0] AndroidManifest.xml:20:5-44
Merging library manifest /opt/gradle/.gradle/caches/9.3.1/transforms/41d8835ca5ade3f89aa1c6ce6cb763d6/transformed/media3-decoder-1.5.0/AndroidManifest.xml
Merging manifest with lower [androidx.media3:media3-decoder:1.5.0] AndroidManifest.xml:17:1-22:12
uses-sdk defined in both files...
Merging uses-sdk with lower [androidx.media3:media3-decoder:1.5.0] AndroidManifest.xml:20:5-44
Merging library manifest /opt/gradle/.gradle/caches/9.3.1/transforms/711f5b55c0c20114ec2df6fde3eab5ee/transformed/media3-database-1.5.0/AndroidManifest.xml
Merging manifest with lower [androidx.media3:media3-database:1.5.0] AndroidManifest.xml:17:1-22:12
uses-sdk defined in both files...
Merging uses-sdk with lower [androidx.media3:media3-database:1.5.0] AndroidManifest.xml:20:5-44
Merging library manifest /opt/gradle/.gradle/caches/9.3.1/transforms/7c6138072e0f7089cbc33027e1722eea/transformed/media3-common-1.5.0/AndroidManifest.xml
Merging manifest with lower [androidx.media3:media3-common:1.5.0] AndroidManifest.xml:17:1-24:12
uses-sdk defined in both files...
Merging uses-sdk with lower [androidx.media3:media3-common:1.5.0] AndroidManifest.xml:20:5-44
uses-permission#android.permission.ACCESS_NETWORK_STATE defined in both files...
Merging uses-permission#android.permission.ACCESS_NETWORK_STATE with lower [androidx.media3:media3-common:1.5.0] AndroidManifest.xml:22:5-79
Merging library manifest /opt/gradle/.gradle/caches/9.3.1/transforms/4abde4cdd879b1696d40a23ea8a9050e/transformed/media3-ui-1.5.0/AndroidManifest.xml
Merging manifest with lower [androidx.media3:media3-ui:1.5.0] AndroidManifest.xml:17:1-22:12
uses-sdk defined in both files...
Merging uses-sdk with lower [androidx.media3:media3-ui:1.5.0] AndroidManifest.xml:20:5-44
Merging library manifest /opt/gradle/.gradle/caches/9.3.1/transforms/098fb725fb80dc79cb3d5984d90e1b41/transformed/recyclerview-1.3.0/AndroidManifest.xml
Merging manifest with lower [androidx.recyclerview:recyclerview:1.3.0] AndroidManifest.xml:17:1-22:12
uses-sdk defined in both files...
Merging uses-sdk with lower [androidx.recyclerview:recyclerview:1.3.0] AndroidManifest.xml:20:5-44
Merging library manifest /opt/gradle/.gradle/caches/9.3.1/transforms/c016cd0dae8b0239edf5ac3421e41da9/transformed/customview-poolingcontainer-1.0.0/AndroidManifest.xml
Merging manifest with lower [androidx.customview:customview-poolingcontainer:1.0.0] AndroidManifest.xml:17:1-23:12
uses-sdk defined in both files...
Merging uses-sdk with lower [androidx.customview:customview-poolingcontainer:1.0.0] AndroidManifest.xml:20:5-21:38
Merging library manifest /opt/gradle/.gradle/caches/9.3.1/transforms/b18fc5051e41e84fb1e339aaf2f94238/transformed/core-ktx-1.15.0/AndroidManifest.xml
Merging manifest with lower [androidx.core:core-ktx:1.15.0] AndroidManifest.xml:2:1-7:12
uses-sdk defined in both files...
Merging uses-sdk with lower [androidx.core:core-ktx:1.15.0] AndroidManifest.xml:5:5-44
Merging library manifest /opt/gradle/.gradle/caches/9.3.1/transforms/829fb4e29a0158bd8d63dbeebeec606f/transformed/media-1.7.0/AndroidManifest.xml
Merging manifest with lower [androidx.media:media:1.7.0] AndroidManifest.xml:2:1-7:12
uses-sdk defined in both files...
Merging uses-sdk with lower [androidx.media:media:1.7.0] AndroidManifest.xml:5:5-44
Merging library manifest /opt/gradle/.gradle/caches/9.3.1/transforms/97d790e636003f63e8e1a49fd53e88ec/transformed/vectordrawable-animated-1.1.0/AndroidManifest.xml
Merging manifest with lower [androidx.vectordrawable:vectordrawable-animated:1.1.0] AndroidManifest.xml:17:1-24:12
uses-sdk defined in both files...
Merging uses-sdk with lower [androidx.vectordrawable:vectordrawable-animated:1.1.0] AndroidManifest.xml:20:5-22:41
Merging library manifest /opt/gradle/.gradle/caches/9.3.1/transforms/7083b3a131307a8d9e2fc64c3d852ec1/transformed/vectordrawable-1.1.0/AndroidManifest.xml
Merging manifest with lower [androidx.vectordrawable:vectordrawable:1.1.0] AndroidManifest.xml:17:1-24:12
uses-sdk defined in both files...
Merging uses-sdk with lower [androidx.vectordrawable:vectordrawable:1.1.0] AndroidManifest.xml:20:5-22:41
Merging library manifest /opt/gradle/.gradle/caches/9.3.1/transforms/16f32b2d434f5ab9ff5831dee36b8c32/transformed/drawerlayout-1.0.0/AndroidManifest.xml
Merging manifest with lower [androidx.drawerlayout:drawerlayout:1.0.0] AndroidManifest.xml:17:1-22:12
uses-sdk defined in both files...
Merging uses-sdk with lower [androidx.drawerlayout:drawerlayout:1.0.0] AndroidManifest.xml:20:5-44
Merging library manifest /opt/gradle/.gradle/caches/9.3.1/transforms/7500f21dfa9061dee50d444413cc36b3/transformed/viewpager-1.0.0/AndroidManifest.xml
Merging manifest with lower [androidx.viewpager:viewpager:1.0.0] AndroidManifest.xml:17:1-22:12
uses-sdk defined in both files...
Merging uses-sdk with lower [androidx.viewpager:viewpager:1.0.0] AndroidManifest.xml:20:5-44
Merging library manifest /opt/gradle/.gradle/caches/9.3.1/transforms/65b3c30c3d861d78a47175d4f4505c95/transformed/customview-1.0.0/AndroidManifest.xml
Merging manifest with lower [androidx.customview:customview:1.0.0] AndroidManifest.xml:17:1-22:12
uses-sdk defined in both files...
Merging uses-sdk with lower [androidx.customview:customview:1.0.0] AndroidManifest.xml:20:5-44
Merging library manifest /opt/gradle/.gradle/caches/9.3.1/transforms/849d03c4ae024141f2c0c48edb31a242/transformed/autofill-1.0.0/AndroidManifest.xml
Merging manifest with lower [androidx.autofill:autofill:1.0.0] AndroidManifest.xml:17:1-24:12
uses-sdk defined in both files...
Merging uses-sdk with lower [androidx.autofill:autofill:1.0.0] AndroidManifest.xml:20:5-22:41
Merging library manifest /opt/gradle/.gradle/caches/9.3.1/transforms/6569307cced7773805ce98ad14471783/transformed/graphics-path-1.0.1/AndroidManifest.xml
Merging manifest with lower [androidx.graphics:graphics-path:1.0.1] AndroidManifest.xml:2:1-7:12
uses-sdk defined in both files...
Merging uses-sdk with lower [androidx.graphics:graphics-path:1.0.1] AndroidManifest.xml:5:5-44
Merging library manifest /opt/gradle/.gradle/caches/9.3.1/transforms/583038f76520d64271068009c25ad9c2/transformed/emoji2-views-helper-1.3.0/AndroidManifest.xml
Merging manifest with lower [androidx.emoji2:emoji2-views-helper:1.3.0] AndroidManifest.xml:2:1-7:12
uses-sdk defined in both files...
Merging uses-sdk with lower [androidx.emoji2:emoji2-views-helper:1.3.0] AndroidManifest.xml:5:5-44
Merging library manifest /opt/gradle/.gradle/caches/9.3.1/transforms/5ca3fdd8d160b4e9c2c961710963031e/transformed/emoji2-1.3.0/AndroidManifest.xml
Merging manifest with lower [androidx.emoji2:emoji2:1.3.0] AndroidManifest.xml:17:1-35:12
uses-sdk defined in both files...
Merging uses-sdk with lower [androidx.emoji2:emoji2:1.3.0] AndroidManifest.xml:21:5-44
application defined in both files...
Merging application with lower [androidx.emoji2:emoji2:1.3.0] AndroidManifest.xml:23:5-33:19
provider#androidx.startup.InitializationProvider defined in both files...
Merging provider#androidx.startup.InitializationProvider with lower [androidx.emoji2:emoji2:1.3.0] AndroidManifest.xml:24:9-32:20
Adopted [meta-data: null]
Merging library manifest /opt/gradle/.gradle/caches/9.3.1/transforms/edd4241b77cad7c7544ca11e9a476f81/transformed/core-1.15.0/AndroidManifest.xml
Merging manifest with lower [androidx.core:core:1.15.0] AndroidManifest.xml:17:1-30:12
uses-sdk defined in both files...
Merging uses-sdk with lower [androidx.core:core:1.15.0] AndroidManifest.xml:20:5-44
Adopted [permission: null]
Adopted [uses-permission: null]
application defined in both files...
Merging application with lower [androidx.core:core:1.15.0] AndroidManifest.xml:28:5-89
Merging library manifest /opt/gradle/.gradle/caches/9.3.1/transforms/e26751a86a54f4e288e1b42699a598e6/transformed/runtime-saveable-release/AndroidManifest.xml
Merging manifest with lower [androidx.compose.runtime:runtime-saveable-android:1.7.2] AndroidManifest.xml:2:1-7:12
uses-sdk defined in both files...
Merging uses-sdk with lower [androidx.compose.runtime:runtime-saveable-android:1.7.2] AndroidManifest.xml:5:5-44
Merging library manifest /opt/gradle/.gradle/caches/9.3.1/transforms/ffa15410717a819d3862ea34621e98eb/transformed/runtime-release/AndroidManifest.xml
Merging manifest with lower [androidx.compose.runtime:runtime-android:1.7.2] AndroidManifest.xml:2:1-7:12
uses-sdk defined in both files...
Merging uses-sdk with lower [androidx.compose.runtime:runtime-android:1.7.2] AndroidManifest.xml:5:5-44
Merging library manifest /opt/gradle/.gradle/caches/9.3.1/transforms/f6a2947d96556e67912b249892e41690/transformed/runtime-livedata-1.7.2/AndroidManifest.xml
Merging manifest with lower [androidx.compose.runtime:runtime-livedata:1.7.2] AndroidManifest.xml:2:1-7:12
uses-sdk defined in both files...
Merging uses-sdk with lower [androidx.compose.runtime:runtime-livedata:1.7.2] AndroidManifest.xml:5:5-44
Merging library manifest /opt/gradle/.gradle/caches/9.3.1/transforms/fe63231786e909d0cc107c24493d21ab/transformed/lifecycle-runtime-release/AndroidManifest.xml
Merging manifest with lower [androidx.lifecycle:lifecycle-runtime-android:2.8.7] AndroidManifest.xml:17:1-22:12
uses-sdk defined in both files...
Merging uses-sdk with lower [androidx.lifecycle:lifecycle-runtime-android:2.8.7] AndroidManifest.xml:20:5-44
Merging library manifest /opt/gradle/.gradle/caches/9.3.1/transforms/ef3b088bd0bd223c5420ecce1ec29040/transformed/lifecycle-viewmodel-ktx-2.8.7/AndroidManifest.xml
Merging manifest with lower [androidx.lifecycle:lifecycle-viewmodel-ktx:2.8.7] AndroidManifest.xml:2:1-7:12
uses-sdk defined in both files...
Merging uses-sdk with lower [androidx.lifecycle:lifecycle-viewmodel-ktx:2.8.7] AndroidManifest.xml:5:5-44
Merging library manifest /opt/gradle/.gradle/caches/9.3.1/transforms/e0a033d250ec7b57d295df8b93e3c385/transformed/lifecycle-viewmodel-compose-release/AndroidManifest.xml
Merging manifest with lower [androidx.lifecycle:lifecycle-viewmodel-compose-android:2.8.7] AndroidManifest.xml:2:1-7:12
uses-sdk defined in both files...
Merging uses-sdk with lower [androidx.lifecycle:lifecycle-viewmodel-compose-android:2.8.7] AndroidManifest.xml:5:5-44
Merging library manifest /opt/gradle/.gradle/caches/9.3.1/transforms/1849c89315f0adc7cb2e7df42ff03355/transformed/lifecycle-livedata-core-2.8.7/AndroidManifest.xml
Merging manifest with lower [androidx.lifecycle:lifecycle-livedata-core:2.8.7] AndroidManifest.xml:17:1-22:12
uses-sdk defined in both files...
Merging uses-sdk with lower [androidx.lifecycle:lifecycle-livedata-core:2.8.7] AndroidManifest.xml:20:5-44
Merging library manifest /opt/gradle/.gradle/caches/9.3.1/transforms/1489b33bb56376c5f94fc9ff44748e82/transformed/lifecycle-livedata-2.8.7/AndroidManifest.xml
Merging manifest with lower [androidx.lifecycle:lifecycle-livedata:2.8.7] AndroidManifest.xml:17:1-22:12
uses-sdk defined in both files...
Merging uses-sdk with lower [androidx.lifecycle:lifecycle-livedata:2.8.7] AndroidManifest.xml:20:5-44
Merging library manifest /opt/gradle/.gradle/caches/9.3.1/transforms/5dfe9a18cec360000ac83a8b2b594631/transformed/lifecycle-runtime-compose-release/AndroidManifest.xml
Merging manifest with lower [androidx.lifecycle:lifecycle-runtime-compose-android:2.8.7] AndroidManifest.xml:2:1-7:12
uses-sdk defined in both files...
Merging uses-sdk with lower [androidx.lifecycle:lifecycle-runtime-compose-android:2.8.7] AndroidManifest.xml:5:5-44
Merging library manifest /opt/gradle/.gradle/caches/9.3.1/transforms/4aa02d7ee95ad743f8b43fec38263022/transformed/lifecycle-process-2.8.7/AndroidManifest.xml
Merging manifest with lower [androidx.lifecycle:lifecycle-process:2.8.7] AndroidManifest.xml:17:1-35:12
uses-sdk defined in both files...
Merging uses-sdk with lower [androidx.lifecycle:lifecycle-process:2.8.7] AndroidManifest.xml:21:5-44
application defined in both files...
Merging application with lower [androidx.lifecycle:lifecycle-process:2.8.7] AndroidManifest.xml:23:5-33:19
provider#androidx.startup.InitializationProvider defined in both files...
Merging provider#androidx.startup.InitializationProvider with lower [androidx.lifecycle:lifecycle-process:2.8.7] AndroidManifest.xml:24:9-32:20
Adopted [meta-data: null]
Merging library manifest /opt/gradle/.gradle/caches/9.3.1/transforms/8d186ef141531ed673cefb69a8920676/transformed/core-12.1.0/AndroidManifest.xml
Merging manifest with lower [com.pierfrancescosoffritti.androidyoutubeplayer:core:12.1.0] AndroidManifest.xml:2:1-10:12
uses-sdk defined in both files...
Merging uses-sdk with lower [com.pierfrancescosoffritti.androidyoutubeplayer:core:12.1.0] AndroidManifest.xml:5:5-44
uses-permission#android.permission.INTERNET defined in both files...
Merging uses-permission#android.permission.INTERNET with lower [com.pierfrancescosoffritti.androidyoutubeplayer:core:12.1.0] AndroidManifest.xml:7:5-67
uses-permission#android.permission.ACCESS_NETWORK_STATE defined in both files...
Merging uses-permission#android.permission.ACCESS_NETWORK_STATE with lower [com.pierfrancescosoffritti.androidyoutubeplayer:core:12.1.0] AndroidManifest.xml:8:5-79
Merging library manifest /opt/gradle/.gradle/caches/9.3.1/transforms/47caaebe2408a48e4cacd9c469b703bb/transformed/lifecycle-runtime-ktx-release/AndroidManifest.xml
Merging manifest with lower [androidx.lifecycle:lifecycle-runtime-ktx-android:2.8.7] AndroidManifest.xml:2:1-7:12
uses-sdk defined in both files...
Merging uses-sdk with lower [androidx.lifecycle:lifecycle-runtime-ktx-android:2.8.7] AndroidManifest.xml:5:5-44
Merging library manifest /opt/gradle/.gradle/caches/9.3.1/transforms/494ead3f6d12c7eea8c1b8a01b8bc4d0/transformed/accompanist-drawablepainter-0.32.0/AndroidManifest.xml
Merging manifest with lower [com.google.accompanist:accompanist-drawablepainter:0.32.0] AndroidManifest.xml:17:1-23:12
uses-sdk defined in both files...
Merging uses-sdk with lower [com.google.accompanist:accompanist-drawablepainter:0.32.0] AndroidManifest.xml:21:5-44
Merging library manifest /opt/gradle/.gradle/caches/9.3.1/transforms/669ae4172aae5024bff3af205b0e2225/transformed/profileinstaller-1.4.0/AndroidManifest.xml
Merging manifest with lower [androidx.profileinstaller:profileinstaller:1.4.0] AndroidManifest.xml:17:1-55:12
uses-sdk defined in both files...
Merging uses-sdk with lower [androidx.profileinstaller:profileinstaller:1.4.0] AndroidManifest.xml:21:5-44
application defined in both files...
Merging application with lower [androidx.profileinstaller:profileinstaller:1.4.0] AndroidManifest.xml:23:5-53:19
provider#androidx.startup.InitializationProvider defined in both files...
Merging provider#androidx.startup.InitializationProvider with lower [androidx.profileinstaller:profileinstaller:1.4.0] AndroidManifest.xml:24:9-32:20
Adopted [meta-data: null]
Adopted [receiver: null]
Merging library manifest /opt/gradle/.gradle/caches/9.3.1/transforms/bf3df91a6e182d98d1d3fb320c39af09/transformed/datastore-core-release/AndroidManifest.xml
Merging manifest with lower [androidx.datastore:datastore-core-android:1.1.7] AndroidManifest.xml:2:1-7:12
uses-sdk defined in both files...
Merging uses-sdk with lower [androidx.datastore:datastore-core-android:1.1.7] AndroidManifest.xml:5:5-44
Merging library manifest /opt/gradle/.gradle/caches/9.3.1/transforms/f1552d288f9e6fb604c04b0b3dea5c9b/transformed/datastore-preferences-core-release/AndroidManifest.xml
Merging manifest with lower [androidx.datastore:datastore-preferences-core-android:1.1.7] AndroidManifest.xml:2:1-7:12
uses-sdk defined in both files...
Merging uses-sdk with lower [androidx.datastore:datastore-preferences-core-android:1.1.7] AndroidManifest.xml:5:5-44
Merging library manifest /opt/gradle/.gradle/caches/9.3.1/transforms/f927c180d68b8e42517a566bac225770/transformed/datastore-release/AndroidManifest.xml
Merging manifest with lower [androidx.datastore:datastore-android:1.1.7] AndroidManifest.xml:17:1-22:12
uses-sdk defined in both files...
Merging uses-sdk with lower [androidx.datastore:datastore-android:1.1.7] AndroidManifest.xml:20:5-44
Merging library manifest /opt/gradle/.gradle/caches/9.3.1/transforms/9306108d0f33feb761336dfd200e51ee/transformed/datastore-preferences-release/AndroidManifest.xml
Merging manifest with lower [androidx.datastore:datastore-preferences-android:1.1.7] AndroidManifest.xml:17:1-22:12
uses-sdk defined in both files...
Merging uses-sdk with lower [androidx.datastore:datastore-preferences-android:1.1.7] AndroidManifest.xml:20:5-44
Merging library manifest /opt/gradle/.gradle/caches/9.3.1/transforms/fb541a5aa03514f9b3e611ff79287669/transformed/play-services-tasks-18.4.0/AndroidManifest.xml
Merging manifest with lower [com.google.android.gms:play-services-tasks:18.4.0] AndroidManifest.xml:2:1-6:12
uses-sdk defined in both files...
Merging uses-sdk with lower [com.google.android.gms:play-services-tasks:18.4.0] AndroidManifest.xml:4:5-43
application defined in both files...
Merging application with lower [com.google.android.gms:play-services-tasks:18.4.0] AndroidManifest.xml:5:5-20
Merging library manifest /opt/gradle/.gradle/caches/9.3.1/transforms/6e993f303a252d812a914b79c54d64ee/transformed/play-services-basement-18.9.0/AndroidManifest.xml
Merging manifest with lower [com.google.android.gms:play-services-basement:18.9.0] AndroidManifest.xml:16:1-26:12
uses-sdk defined in both files...
Merging uses-sdk with lower [com.google.android.gms:play-services-basement:18.9.0] AndroidManifest.xml:18:5-43
application defined in both files...
Merging application with lower [com.google.android.gms:play-services-basement:18.9.0] AndroidManifest.xml:20:5-24:19
Adopted [meta-data: null]
Merging library manifest /opt/gradle/.gradle/caches/9.3.1/transforms/a1f9d4e67fd545cbf382f5d96e55b69e/transformed/fragment-1.3.6/AndroidManifest.xml
Merging manifest with lower [androidx.fragment:fragment:1.3.6] AndroidManifest.xml:17:1-24:12
uses-sdk defined in both files...
Merging uses-sdk with lower [androidx.fragment:fragment:1.3.6] AndroidManifest.xml:20:5-22:41
Merging library manifest /opt/gradle/.gradle/caches/9.3.1/transforms/ff0b6e9db0f211163c391be8b9bfc5ab/transformed/activity-1.10.1/AndroidManifest.xml
Merging manifest with lower [androidx.activity:activity:1.10.1] AndroidManifest.xml:17:1-22:12
uses-sdk defined in both files...
Merging uses-sdk with lower [androidx.activity:activity:1.10.1] AndroidManifest.xml:20:5-44
Merging library manifest /opt/gradle/.gradle/caches/9.3.1/transforms/aef9f39c8334fb007f665e527f29b507/transformed/activity-ktx-1.10.1/AndroidManifest.xml
Merging manifest with lower [androidx.activity:activity-ktx:1.10.1] AndroidManifest.xml:2:1-7:12
uses-sdk defined in both files...
Merging uses-sdk with lower [androidx.activity:activity-ktx:1.10.1] AndroidManifest.xml:5:5-44
Merging library manifest /opt/gradle/.gradle/caches/9.3.1/transforms/bff92fda3b59cf36541cd042a44ecc1e/transformed/activity-compose-1.10.1/AndroidManifest.xml
Merging manifest with lower [androidx.activity:activity-compose:1.10.1] AndroidManifest.xml:2:1-7:12
uses-sdk defined in both files...
Merging uses-sdk with lower [androidx.activity:activity-compose:1.10.1] AndroidManifest.xml:5:5-44
Merging library manifest /opt/gradle/.gradle/caches/9.3.1/transforms/88f8d63570ff6e3e19ed62f5444d65bf/transformed/material-icons-extended-release/AndroidManifest.xml
Merging manifest with lower [androidx.compose.material:material-icons-extended-android:1.7.0] AndroidManifest.xml:2:1-7:12
uses-sdk defined in both files...
Merging uses-sdk with lower [androidx.compose.material:material-icons-extended-android:1.7.0] AndroidManifest.xml:5:5-44
Merging library manifest /opt/gradle/.gradle/caches/9.3.1/transforms/000a388db7074419c1be1364f0d39f7f/transformed/material-icons-core-release/AndroidManifest.xml
Merging manifest with lower [androidx.compose.material:material-icons-core-android:1.7.0] AndroidManifest.xml:2:1-7:12
uses-sdk defined in both files...
Merging uses-sdk with lower [androidx.compose.material:material-icons-core-android:1.7.0] AndroidManifest.xml:5:5-44
Merging library manifest /opt/gradle/.gradle/caches/9.3.1/transforms/d2af8f7c1ccd0cef4d7b4cd7a6c0266a/transformed/ui-release/AndroidManifest.xml
Merging manifest with lower [androidx.compose.ui:ui-android:1.7.2] AndroidManifest.xml:2:1-7:12
uses-sdk defined in both files...
Merging uses-sdk with lower [androidx.compose.ui:ui-android:1.7.2] AndroidManifest.xml:5:5-44
Merging library manifest /opt/gradle/.gradle/caches/9.3.1/transforms/ffa3b81e2a15a2b983e59ec311876b9e/transformed/runner-1.5.2/AndroidManifest.xml
Merging manifest with lower [androidx.test:runner:1.5.2] AndroidManifest.xml:17:1-32:12
uses-sdk defined in both files...
Merging uses-sdk with lower [androidx.test:runner:1.5.2] AndroidManifest.xml:20:5-22:41
Adopted [queries: null]
application defined in both files...
Merging application with lower [androidx.test:runner:1.5.2] AndroidManifest.xml:30:5-20
Merging library manifest /opt/gradle/.gradle/caches/9.3.1/transforms/d8de0a92bcb004f3b15db6a108e0e216/transformed/core-splashscreen-1.0.1/AndroidManifest.xml
Merging manifest with lower [androidx.core:core-splashscreen:1.0.1] AndroidManifest.xml:17:1-24:12
uses-sdk defined in both files...
Merging uses-sdk with lower [androidx.core:core-splashscreen:1.0.1] AndroidManifest.xml:20:5-22:41
Merging library manifest /opt/gradle/.gradle/caches/9.3.1/transforms/fe70b6b391eb75e734f1a841299403f3/transformed/stream-webrtc-android-1.1.2/AndroidManifest.xml
Merging manifest with lower [io.getstream:stream-webrtc-android:1.1.2] AndroidManifest.xml:17:1-25:12
uses-sdk defined in both files...
Merging uses-sdk with lower [io.getstream:stream-webrtc-android:1.1.2] AndroidManifest.xml:20:5-44
uses-permission#android.permission.INTERNET defined in both files...
Merging uses-permission#android.permission.INTERNET with lower [io.getstream:stream-webrtc-android:1.1.2] AndroidManifest.xml:22:5-67
uses-permission#android.permission.ACCESS_NETWORK_STATE defined in both files...
Merging uses-permission#android.permission.ACCESS_NETWORK_STATE with lower [io.getstream:stream-webrtc-android:1.1.2] AndroidManifest.xml:23:5-79
Merging library manifest /opt/gradle/.gradle/caches/9.3.1/transforms/b98d4cf3ef135cfbb2ab46d364aed014/transformed/storage-1.6.0/AndroidManifest.xml
Merging manifest with lower [androidx.test.services:storage:1.6.0] AndroidManifest.xml:17:1-24:12
uses-sdk defined in both files...
Merging uses-sdk with lower [androidx.test.services:storage:1.6.0] AndroidManifest.xml:20:5-22:41
Merging library manifest /opt/gradle/.gradle/caches/9.3.1/transforms/8f17a35bdf36e931aabb56049c651be8/transformed/monitor-1.8.0/AndroidManifest.xml
Merging manifest with lower [androidx.test:monitor:1.8.0] AndroidManifest.xml:17:1-24:12
uses-sdk defined in both files...
Merging uses-sdk with lower [androidx.test:monitor:1.8.0] AndroidManifest.xml:20:5-22:41
Merging library manifest /opt/gradle/.gradle/caches/9.3.1/transforms/a048db703cfeb453446c35bf9176b3ff/transformed/annotation-1.0.1/AndroidManifest.xml
Merging manifest with lower [androidx.test:annotation:1.0.1] AndroidManifest.xml:17:1-24:12
uses-sdk defined in both files...
Merging uses-sdk with lower [androidx.test:annotation:1.0.1] AndroidManifest.xml:20:5-22:41
Merging library manifest /opt/gradle/.gradle/caches/9.3.1/transforms/f3946a93ccc3ad39cd829eeddf7f36f0/transformed/annotation-experimental-1.4.1/AndroidManifest.xml
Merging manifest with lower [androidx.annotation:annotation-experimental:1.4.1] AndroidManifest.xml:2:1-7:12
uses-sdk defined in both files...
Merging uses-sdk with lower [androidx.annotation:annotation-experimental:1.4.1] AndroidManifest.xml:5:5-44
Merging library manifest /opt/gradle/.gradle/caches/9.3.1/transforms/c2f47e2da2c55f5b9276e8129e85845a/transformed/startup-runtime-1.1.1/AndroidManifest.xml
Merging manifest with lower [androidx.startup:startup-runtime:1.1.1] AndroidManifest.xml:17:1-33:12
uses-sdk defined in both files...
Merging uses-sdk with lower [androidx.startup:startup-runtime:1.1.1] AndroidManifest.xml:21:5-23:41
application defined in both files...
Merging application with lower [androidx.startup:startup-runtime:1.1.1] AndroidManifest.xml:25:5-31:19
provider#androidx.startup.InitializationProvider defined in both files...
Merging provider#androidx.startup.InitializationProvider with lower [androidx.startup:startup-runtime:1.1.1] AndroidManifest.xml:26:9-30:34
Merging library manifest /opt/gradle/.gradle/caches/9.3.1/transforms/1f6d66b72919b1076d2568386dfcebe8/transformed/tracing-1.2.0/AndroidManifest.xml
Merging manifest with lower [androidx.tracing:tracing:1.2.0] AndroidManifest.xml:17:1-22:12
uses-sdk defined in both files...
Merging uses-sdk with lower [androidx.tracing:tracing:1.2.0] AndroidManifest.xml:20:5-44
Merging library manifest /opt/gradle/.gradle/caches/9.3.1/transforms/93d440cde3505afafff9435b4654265c/transformed/tracing-ktx-1.2.0/AndroidManifest.xml
Merging manifest with lower [androidx.tracing:tracing-ktx:1.2.0] AndroidManifest.xml:17:1-22:12
uses-sdk defined in both files...
Merging uses-sdk with lower [androidx.tracing:tracing-ktx:1.2.0] AndroidManifest.xml:20:5-44
Merging library manifest /opt/gradle/.gradle/caches/9.3.1/transforms/12b3c73d620f5f308e1d4388e0de3043/transformed/core-viewtree-1.0.0/AndroidManifest.xml
Merging manifest with lower [androidx.core:core-viewtree:1.0.0] AndroidManifest.xml:2:1-7:12
uses-sdk defined in both files...
Merging uses-sdk with lower [androidx.core:core-viewtree:1.0.0] AndroidManifest.xml:5:5-44
Merging library manifest /opt/gradle/.gradle/caches/9.3.1/transforms/ed8f3ca3c33fa22b7257aed58ffd88dc/transformed/sqlite-framework-release/AndroidManifest.xml
Merging manifest with lower [androidx.sqlite:sqlite-framework-android:2.5.0] AndroidManifest.xml:17:1-22:12
uses-sdk defined in both files...
Merging uses-sdk with lower [androidx.sqlite:sqlite-framework-android:2.5.0] AndroidManifest.xml:20:5-44
Merging library manifest /opt/gradle/.gradle/caches/9.3.1/transforms/ef81f0d3a069ed39e735dcb34d6d3e3e/transformed/sqlite-release/AndroidManifest.xml
Merging manifest with lower [androidx.sqlite:sqlite-android:2.5.0] AndroidManifest.xml:17:1-22:12
uses-sdk defined in both files...
Merging uses-sdk with lower [androidx.sqlite:sqlite-android:2.5.0] AndroidManifest.xml:20:5-44
Merging library manifest /opt/gradle/.gradle/caches/9.3.1/transforms/bda6b110aa8e06c76d1da041d5b35ac3/transformed/versionedparcelable-1.1.1/AndroidManifest.xml
Merging manifest with lower [androidx.versionedparcelable:versionedparcelable:1.1.1] AndroidManifest.xml:17:1-27:12
uses-sdk defined in both files...
Merging uses-sdk with lower [androidx.versionedparcelable:versionedparcelable:1.1.1] AndroidManifest.xml:20:5-22:41
application defined in both files...
Merging application with lower [androidx.versionedparcelable:versionedparcelable:1.1.1] AndroidManifest.xml:24:5-25:19
Merging library manifest /opt/gradle/.gradle/caches/9.3.1/transforms/a77ca6af8269617441663d22461448e7/transformed/core-runtime-2.2.0/AndroidManifest.xml
Merging manifest with lower [androidx.arch.core:core-runtime:2.2.0] AndroidManifest.xml:17:1-22:12
uses-sdk defined in both files...
Merging uses-sdk with lower [androidx.arch.core:core-runtime:2.2.0] AndroidManifest.xml:20:5-44
Merging library manifest /opt/gradle/.gradle/caches/9.3.1/transforms/064e0c6fb86d7703224edc2585b628f1/transformed/featurecombinationquery-1.5.0/AndroidManifest.xml
Merging manifest with lower [androidx.camera.featurecombinationquery:featurecombinationquery:1.5.0] AndroidManifest.xml:2:1-7:12
uses-sdk defined in both files...
Merging uses-sdk with lower [androidx.camera.featurecombinationquery:featurecombinationquery:1.5.0] AndroidManifest.xml:5:5-44
Merging library manifest /opt/gradle/.gradle/caches/9.3.1/transforms/3a3db2d4df7cfbf60eb1ef7352fdd478/transformed/firebase-components-19.0.0/AndroidManifest.xml
Merging manifest with lower [com.google.firebase:firebase-components:19.0.0] AndroidManifest.xml:15:1-20:12
uses-sdk defined in both files...
Merging uses-sdk with lower [com.google.firebase:firebase-components:19.0.0] AndroidManifest.xml:18:5-44
Merging library manifest /opt/gradle/.gradle/caches/9.3.1/transforms/ecaa4c87d296d52155ef546c3b77c8bf/transformed/firebase-datatransport-18.2.0/AndroidManifest.xml
Merging manifest with lower [com.google.firebase:firebase-datatransport:18.2.0] AndroidManifest.xml:15:1-31:12
uses-sdk defined in both files...
Merging uses-sdk with lower [com.google.firebase:firebase-datatransport:18.2.0] AndroidManifest.xml:18:5-44
application defined in both files...
Merging application with lower [com.google.firebase:firebase-datatransport:18.2.0] AndroidManifest.xml:21:5-29:19
service#com.google.firebase.components.ComponentDiscoveryService defined in both files...
Merging service#com.google.firebase.components.ComponentDiscoveryService with lower [com.google.firebase:firebase-datatransport:18.2.0] AndroidManifest.xml:22:9-28:19
Adopted [meta-data: null]
Merging library manifest /opt/gradle/.gradle/caches/9.3.1/transforms/a65672c612567a597675fd924424a8e4/transformed/transport-backend-cct-3.1.9/AndroidManifest.xml
Merging manifest with lower [com.google.android.datatransport:transport-backend-cct:3.1.9] AndroidManifest.xml:15:1-37:12
uses-sdk defined in both files...
Merging uses-sdk with lower [com.google.android.datatransport:transport-backend-cct:3.1.9] AndroidManifest.xml:18:5-20:41
uses-permission#android.permission.ACCESS_NETWORK_STATE defined in both files...
Merging uses-permission#android.permission.ACCESS_NETWORK_STATE with lower [com.google.android.datatransport:transport-backend-cct:3.1.9] AndroidManifest.xml:24:5-79
uses-permission#android.permission.INTERNET defined in both files...
Merging uses-permission#android.permission.INTERNET with lower [com.google.android.datatransport:transport-backend-cct:3.1.9] AndroidManifest.xml:25:5-67
application defined in both files...
Merging application with lower [com.google.android.datatransport:transport-backend-cct:3.1.9] AndroidManifest.xml:27:5-35:19
Adopted [service: null]
Merging library manifest /opt/gradle/.gradle/caches/9.3.1/transforms/6f57ef77aee1e0371a48069d27a5fb92/transformed/firebase-encoders-json-18.0.0/AndroidManifest.xml
Merging manifest with lower [com.google.firebase:firebase-encoders-json:18.0.0] AndroidManifest.xml:15:1-23:12
uses-sdk defined in both files...
Merging uses-sdk with lower [com.google.firebase:firebase-encoders-json:18.0.0] AndroidManifest.xml:19:5-21:41
Merging library manifest /opt/gradle/.gradle/caches/9.3.1/transforms/6aee1bffe741a358f5f200f626a54474/transformed/transport-runtime-3.1.9/AndroidManifest.xml
Merging manifest with lower [com.google.android.datatransport:transport-runtime:3.1.9] AndroidManifest.xml:15:1-41:12
uses-sdk defined in both files...
Merging uses-sdk with lower [com.google.android.datatransport:transport-runtime:3.1.9] AndroidManifest.xml:18:5-20:41
uses-permission#android.permission.ACCESS_NETWORK_STATE defined in both files...
Merging uses-permission#android.permission.ACCESS_NETWORK_STATE with lower [com.google.android.datatransport:transport-runtime:3.1.9] AndroidManifest.xml:22:5-79
application defined in both files...
Merging application with lower [com.google.android.datatransport:transport-runtime:3.1.9] AndroidManifest.xml:25:5-39:19
Adopted [service: null]
Adopted [receiver: null]
service#com.google.android.datatransport.runtime.backends.TransportBackendDiscovery defined in both files...
Merging service#com.google.android.datatransport.runtime.backends.TransportBackendDiscovery with lower [com.google.android.datatransport:transport-runtime:3.1.9] AndroidManifest.xml:36:9-38:40
Merging library manifest /opt/gradle/.gradle/caches/9.3.1/transforms/6c0f3125642215b6df207455f4dcb6ca/transformed/transport-api-3.1.0/AndroidManifest.xml
Merging manifest with lower [com.google.android.datatransport:transport-api:3.1.0] AndroidManifest.xml:15:1-20:12
uses-sdk defined in both files...
Merging uses-sdk with lower [com.google.android.datatransport:transport-api:3.1.0] AndroidManifest.xml:18:5-44
Merging library manifest /opt/gradle/.gradle/caches/9.3.1/transforms/26c348cde2884f0351c52186ca2c0bd7/transformed/interpolator-1.0.0/AndroidManifest.xml
Merging manifest with lower [androidx.interpolator:interpolator:1.0.0] AndroidManifest.xml:17:1-22:12
uses-sdk defined in both files...
Merging uses-sdk with lower [androidx.interpolator:interpolator:1.0.0] AndroidManifest.xml:20:5-44
Merging library manifest /opt/gradle/.gradle/caches/9.3.1/transforms/82a72d7504bc5fffb38a56b0aeefa078/transformed/exifinterface-1.3.7/AndroidManifest.xml
Merging manifest with lower [androidx.exifinterface:exifinterface:1.3.7] AndroidManifest.xml:17:1-24:12
uses-sdk defined in both files...
Merging uses-sdk with lower [androidx.exifinterface:exifinterface:1.3.7] AndroidManifest.xml:20:5-22:41
Merging library manifest /opt/gradle/.gradle/caches/9.3.1/transforms/32e335d14d3bae4dea787c407a3a5218/transformed/cursoradapter-1.0.0/AndroidManifest.xml
Merging manifest with lower [androidx.cursoradapter:cursoradapter:1.0.0] AndroidManifest.xml:17:1-22:12
uses-sdk defined in both files...
Merging uses-sdk with lower [androidx.cursoradapter:cursoradapter:1.0.0] AndroidManifest.xml:20:5-44
Merging library manifest /opt/gradle/.gradle/caches/9.3.1/transforms/c699a3186d4653ae24b36702749a20bb/transformed/documentfile-1.0.0/AndroidManifest.xml
Merging manifest with lower [androidx.documentfile:documentfile:1.0.0] AndroidManifest.xml:17:1-22:12
uses-sdk defined in both files...
Merging uses-sdk with lower [androidx.documentfile:documentfile:1.0.0] AndroidManifest.xml:20:5-44
Merging library manifest /opt/gradle/.gradle/caches/9.3.1/transforms/ca02d84dc3f296d32ebbd2000248bc6c/transformed/localbroadcastmanager-1.0.0/AndroidManifest.xml
Merging manifest with lower [androidx.localbroadcastmanager:localbroadcastmanager:1.0.0] AndroidManifest.xml:17:1-22:12
uses-sdk defined in both files...
Merging uses-sdk with lower [androidx.localbroadcastmanager:localbroadcastmanager:1.0.0] AndroidManifest.xml:20:5-44
Merging library manifest /opt/gradle/.gradle/caches/9.3.1/transforms/e9efa51d08d3f576ab2da5e1db7d75c7/transformed/print-1.0.0/AndroidManifest.xml
Merging manifest with lower [androidx.print:print:1.0.0] AndroidManifest.xml:17:1-22:12
uses-sdk defined in both files...
Merging uses-sdk with lower [androidx.print:print:1.0.0] AndroidManifest.xml:20:5-44
Merging library manifest /opt/gradle/.gradle/caches/9.3.1/transforms/372877725659556bc85d68a6a8b9ccf5/transformed/zxing-android-embedded-4.3.0/AndroidManifest.xml
Merging manifest with lower [com.journeyapps:zxing-android-embedded:4.3.0] AndroidManifest.xml:17:1-56:12
uses-sdk defined in both files...
Merging uses-sdk with lower [com.journeyapps:zxing-android-embedded:4.3.0] AndroidManifest.xml:20:5-44
uses-permission#android.permission.CAMERA defined in both files...
Merging uses-permission#android.permission.CAMERA with lower [com.journeyapps:zxing-android-embedded:4.3.0] AndroidManifest.xml:22:5-65
Adopted [uses-feature: null]
Adopted [uses-feature: null]
Adopted [uses-feature: null]
Adopted [uses-feature: null]
Adopted [uses-feature: null]
Adopted [uses-feature: null]
application defined in both files...
Merging application with lower [com.journeyapps:zxing-android-embedded:4.3.0] AndroidManifest.xml:46:5-54:19
Adopted [activity: null]
Merging library manifest /opt/gradle/.gradle/caches/9.3.1/transforms/c6a19315a08ee634f7c8dab4fb2225cc/transformed/espresso-idling-resource-3.7.0/AndroidManifest.xml
Merging manifest with lower [androidx.test.espresso:espresso-idling-resource:3.7.0] AndroidManifest.xml:17:1-24:12
uses-sdk defined in both files...
Merging uses-sdk with lower [androidx.test.espresso:espresso-idling-resource:3.7.0] AndroidManifest.xml:20:5-22:41
Merging library manifest /opt/gradle/.gradle/caches/9.3.1/transforms/d8ebdf36c9f9cecd9233852fdc950ab4/transformed/image-1.0.0-beta1/AndroidManifest.xml
Merging manifest with lower [com.google.android.odml:image:1.0.0-beta1] AndroidManifest.xml:2:1-9:12
uses-sdk defined in both files...
Merging uses-sdk with lower [com.google.android.odml:image:1.0.0-beta1] AndroidManifest.xml:5:5-44
application defined in both files...
Merging application with lower [com.google.android.odml:image:1.0.0-beta1] AndroidManifest.xml:7:5-20
1<?xml version="1.0" encoding="utf-8"?>
2<manifest xmlns:android="http://schemas.android.com/apk/res/android"
3    package="com.panalink.app" >
4
5    <uses-sdk
5-->/app/applet/app/build/intermediates/tmp/manifest/test/debug/tempFile2ProcessTestManifest1278857458957041651.xml:6:5-8:41
6        android:minSdkVersion="24"
6-->/app/applet/app/build/intermediates/tmp/manifest/test/debug/tempFile2ProcessTestManifest1278857458957041651.xml:7:9-35
7        android:targetSdkVersion="35" />
7-->/app/applet/app/build/intermediates/tmp/manifest/test/debug/tempFile2ProcessTestManifest1278857458957041651.xml:8:9-38
8
9    <uses-permission android:name="android.permission.INTERNET" />
9-->/app/applet/app/build/intermediates/tmp/manifest/test/debug/tempFile2ProcessTestManifest1278857458957041651.xml:10:5-67
9-->/app/applet/app/build/intermediates/tmp/manifest/test/debug/tempFile2ProcessTestManifest1278857458957041651.xml:10:22-64
10    <uses-permission android:name="android.permission.ACCESS_NETWORK_STATE" />
10-->/app/applet/app/build/intermediates/tmp/manifest/test/debug/tempFile2ProcessTestManifest1278857458957041651.xml:11:5-79
10-->/app/applet/app/build/intermediates/tmp/manifest/test/debug/tempFile2ProcessTestManifest1278857458957041651.xml:11:22-76
11    <uses-permission android:name="android.permission.RECORD_AUDIO" />
11-->/app/applet/app/build/intermediates/tmp/manifest/test/debug/tempFile2ProcessTestManifest1278857458957041651.xml:12:5-71
11-->/app/applet/app/build/intermediates/tmp/manifest/test/debug/tempFile2ProcessTestManifest1278857458957041651.xml:12:22-68
12    <uses-permission android:name="android.permission.CAMERA" />
12-->/app/applet/app/build/intermediates/tmp/manifest/test/debug/tempFile2ProcessTestManifest1278857458957041651.xml:13:5-65
12-->/app/applet/app/build/intermediates/tmp/manifest/test/debug/tempFile2ProcessTestManifest1278857458957041651.xml:13:22-62
13
14    <uses-feature android:name="android.hardware.camera.any" />
14-->/app/applet/app/build/intermediates/tmp/manifest/test/debug/tempFile2ProcessTestManifest1278857458957041651.xml:15:5-64
14-->/app/applet/app/build/intermediates/tmp/manifest/test/debug/tempFile2ProcessTestManifest1278857458957041651.xml:15:19-61
15
16    <uses-permission
16-->/app/applet/app/build/intermediates/tmp/manifest/test/debug/tempFile2ProcessTestManifest1278857458957041651.xml:17:5-19:38
17        android:name="android.permission.READ_EXTERNAL_STORAGE"
17-->/app/applet/app/build/intermediates/tmp/manifest/test/debug/tempFile2ProcessTestManifest1278857458957041651.xml:18:9-64
18        android:maxSdkVersion="32" />
18-->/app/applet/app/build/intermediates/tmp/manifest/test/debug/tempFile2ProcessTestManifest1278857458957041651.xml:19:9-35
19    <uses-permission android:name="android.permission.READ_MEDIA_IMAGES" />
19-->/app/applet/app/build/intermediates/tmp/manifest/test/debug/tempFile2ProcessTestManifest1278857458957041651.xml:20:5-76
19-->/app/applet/app/build/intermediates/tmp/manifest/test/debug/tempFile2ProcessTestManifest1278857458957041651.xml:20:22-73
20    <uses-permission android:name="android.permission.READ_MEDIA_VIDEO" />
20-->/app/applet/app/build/intermediates/tmp/manifest/test/debug/tempFile2ProcessTestManifest1278857458957041651.xml:21:5-75
20-->/app/applet/app/build/intermediates/tmp/manifest/test/debug/tempFile2ProcessTestManifest1278857458957041651.xml:21:22-72
21    <uses-permission android:name="android.permission.FOREGROUND_SERVICE" />
21-->/app/applet/app/build/intermediates/tmp/manifest/test/debug/tempFile2ProcessTestManifest1278857458957041651.xml:22:5-77
21-->/app/applet/app/build/intermediates/tmp/manifest/test/debug/tempFile2ProcessTestManifest1278857458957041651.xml:22:22-74
22    <uses-permission android:name="android.permission.FOREGROUND_SERVICE_DATA_SYNC" />
22-->/app/applet/app/build/intermediates/tmp/manifest/test/debug/tempFile2ProcessTestManifest1278857458957041651.xml:23:5-87
22-->/app/applet/app/build/intermediates/tmp/manifest/test/debug/tempFile2ProcessTestManifest1278857458957041651.xml:23:22-84
23    <uses-permission android:name="android.permission.FOREGROUND_SERVICE_PHONE_CALL" />
23-->/app/applet/app/build/intermediates/tmp/manifest/test/debug/tempFile2ProcessTestManifest1278857458957041651.xml:24:5-88
23-->/app/applet/app/build/intermediates/tmp/manifest/test/debug/tempFile2ProcessTestManifest1278857458957041651.xml:24:22-85
24    <uses-permission android:name="android.permission.MANAGE_OWN_CALLS" />
24-->/app/applet/app/build/intermediates/tmp/manifest/test/debug/tempFile2ProcessTestManifest1278857458957041651.xml:25:5-75
24-->/app/applet/app/build/intermediates/tmp/manifest/test/debug/tempFile2ProcessTestManifest1278857458957041651.xml:25:22-72
25    <uses-permission android:name="android.permission.POST_NOTIFICATIONS" />
25-->/app/applet/app/build/intermediates/tmp/manifest/test/debug/tempFile2ProcessTestManifest1278857458957041651.xml:26:5-77
25-->/app/applet/app/build/intermediates/tmp/manifest/test/debug/tempFile2ProcessTestManifest1278857458957041651.xml:26:22-74
26    <uses-permission android:name="android.permission.MODIFY_AUDIO_SETTINGS" />
26-->/app/applet/app/build/intermediates/tmp/manifest/test/debug/tempFile2ProcessTestManifest1278857458957041651.xml:27:5-80
26-->/app/applet/app/build/intermediates/tmp/manifest/test/debug/tempFile2ProcessTestManifest1278857458957041651.xml:27:22-77
27    <uses-permission android:name="android.permission.BLUETOOTH_CONNECT" />
27-->/app/applet/app/build/intermediates/tmp/manifest/test/debug/tempFile2ProcessTestManifest1278857458957041651.xml:28:5-76
27-->/app/applet/app/build/intermediates/tmp/manifest/test/debug/tempFile2ProcessTestManifest1278857458957041651.xml:28:22-73
28    <uses-permission android:name="android.permission.VIBRATE" />
28-->/app/applet/app/build/intermediates/tmp/manifest/test/debug/tempFile2ProcessTestManifest1278857458957041651.xml:29:5-66
28-->/app/applet/app/build/intermediates/tmp/manifest/test/debug/tempFile2ProcessTestManifest1278857458957041651.xml:29:22-63
29    <uses-permission android:name="android.permission.USE_FULL_SCREEN_INTENT" />
29-->/app/applet/app/build/intermediates/tmp/manifest/test/debug/tempFile2ProcessTestManifest1278857458957041651.xml:30:5-81
29-->/app/applet/app/build/intermediates/tmp/manifest/test/debug/tempFile2ProcessTestManifest1278857458957041651.xml:30:22-78
30    <uses-permission android:name="android.permission.REQUEST_INSTALL_PACKAGES" />
30-->/app/applet/app/build/intermediates/tmp/manifest/test/debug/tempFile2ProcessTestManifest1278857458957041651.xml:31:5-83
30-->/app/applet/app/build/intermediates/tmp/manifest/test/debug/tempFile2ProcessTestManifest1278857458957041651.xml:31:22-80
31    <uses-permission android:name="android.permission.WAKE_LOCK" /> <!-- Required by older versions of Google Play services to create IID tokens -->
31-->[com.google.firebase:firebase-messaging:25.1.0] /opt/gradle/.gradle/caches/9.3.1/transforms/be82e78bb9cf39fa890b25a84f3fde31/transformed/firebase-messaging-25.1.0/AndroidManifest.xml:24:5-68
31-->[com.google.firebase:firebase-messaging:25.1.0] /opt/gradle/.gradle/caches/9.3.1/transforms/be82e78bb9cf39fa890b25a84f3fde31/transformed/firebase-messaging-25.1.0/AndroidManifest.xml:24:22-65
32    <uses-permission android:name="com.google.android.c2dm.permission.RECEIVE" />
32-->[com.google.firebase:firebase-messaging:25.1.0] /opt/gradle/.gradle/caches/9.3.1/transforms/be82e78bb9cf39fa890b25a84f3fde31/transformed/firebase-messaging-25.1.0/AndroidManifest.xml:26:5-82
32-->[com.google.firebase:firebase-messaging:25.1.0] /opt/gradle/.gradle/caches/9.3.1/transforms/be82e78bb9cf39fa890b25a84f3fde31/transformed/firebase-messaging-25.1.0/AndroidManifest.xml:26:22-79
33    <uses-permission android:name="android.permission.RECEIVE_BOOT_COMPLETED" />
33-->[androidx.work:work-runtime:2.9.1] /opt/gradle/.gradle/caches/9.3.1/transforms/75ddf909643bfbcee71825ed079020ca/transformed/work-runtime-2.9.1/AndroidManifest.xml:25:5-81
33-->[androidx.work:work-runtime:2.9.1] /opt/gradle/.gradle/caches/9.3.1/transforms/75ddf909643bfbcee71825ed079020ca/transformed/work-runtime-2.9.1/AndroidManifest.xml:25:22-78
34    <uses-permission android:name="android.permission.REORDER_TASKS" />
34-->[androidx.test:core:1.7.0] /opt/gradle/.gradle/caches/9.3.1/transforms/af7b12f17668fbc3d27152af0ebda415/transformed/core-1.7.0/AndroidManifest.xml:24:5-72
34-->[androidx.test:core:1.7.0] /opt/gradle/.gradle/caches/9.3.1/transforms/af7b12f17668fbc3d27152af0ebda415/transformed/core-1.7.0/AndroidManifest.xml:24:22-69
35
36    <permission
36-->[androidx.core:core:1.15.0] /opt/gradle/.gradle/caches/9.3.1/transforms/edd4241b77cad7c7544ca11e9a476f81/transformed/core-1.15.0/AndroidManifest.xml:22:5-24:47
37        android:name="com.panalink.app.DYNAMIC_RECEIVER_NOT_EXPORTED_PERMISSION"
37-->[androidx.core:core:1.15.0] /opt/gradle/.gradle/caches/9.3.1/transforms/edd4241b77cad7c7544ca11e9a476f81/transformed/core-1.15.0/AndroidManifest.xml:23:9-81
38        android:protectionLevel="signature" />
38-->[androidx.core:core:1.15.0] /opt/gradle/.gradle/caches/9.3.1/transforms/edd4241b77cad7c7544ca11e9a476f81/transformed/core-1.15.0/AndroidManifest.xml:24:9-44
39
40    <uses-permission android:name="com.panalink.app.DYNAMIC_RECEIVER_NOT_EXPORTED_PERMISSION" />
40-->[androidx.core:core:1.15.0] /opt/gradle/.gradle/caches/9.3.1/transforms/edd4241b77cad7c7544ca11e9a476f81/transformed/core-1.15.0/AndroidManifest.xml:26:5-97
40-->[androidx.core:core:1.15.0] /opt/gradle/.gradle/caches/9.3.1/transforms/edd4241b77cad7c7544ca11e9a476f81/transformed/core-1.15.0/AndroidManifest.xml:26:22-94
41
42    <queries>
42-->[androidx.test:runner:1.5.2] /opt/gradle/.gradle/caches/9.3.1/transforms/ffa3b81e2a15a2b983e59ec311876b9e/transformed/runner-1.5.2/AndroidManifest.xml:24:5-28:15
43        <package android:name="androidx.test.orchestrator" />
43-->[androidx.test:runner:1.5.2] /opt/gradle/.gradle/caches/9.3.1/transforms/ffa3b81e2a15a2b983e59ec311876b9e/transformed/runner-1.5.2/AndroidManifest.xml:25:9-62
43-->[androidx.test:runner:1.5.2] /opt/gradle/.gradle/caches/9.3.1/transforms/ffa3b81e2a15a2b983e59ec311876b9e/transformed/runner-1.5.2/AndroidManifest.xml:25:18-59
44        <package android:name="androidx.test.services" />
44-->[androidx.test:runner:1.5.2] /opt/gradle/.gradle/caches/9.3.1/transforms/ffa3b81e2a15a2b983e59ec311876b9e/transformed/runner-1.5.2/AndroidManifest.xml:26:9-58
44-->[androidx.test:runner:1.5.2] /opt/gradle/.gradle/caches/9.3.1/transforms/ffa3b81e2a15a2b983e59ec311876b9e/transformed/runner-1.5.2/AndroidManifest.xml:26:18-55
45        <package android:name="com.google.android.apps.common.testing.services" />
45-->[androidx.test:runner:1.5.2] /opt/gradle/.gradle/caches/9.3.1/transforms/ffa3b81e2a15a2b983e59ec311876b9e/transformed/runner-1.5.2/AndroidManifest.xml:27:9-83
45-->[androidx.test:runner:1.5.2] /opt/gradle/.gradle/caches/9.3.1/transforms/ffa3b81e2a15a2b983e59ec311876b9e/transformed/runner-1.5.2/AndroidManifest.xml:27:18-80
46    </queries> <!-- Don't require camera, as this requires a rear camera. This allows it to work on the Nexus 7 -->
47    <uses-feature
47-->[com.journeyapps:zxing-android-embedded:4.3.0] /opt/gradle/.gradle/caches/9.3.1/transforms/372877725659556bc85d68a6a8b9ccf5/transformed/zxing-android-embedded-4.3.0/AndroidManifest.xml:25:5-27:36
48        android:name="android.hardware.camera"
48-->[com.journeyapps:zxing-android-embedded:4.3.0] /opt/gradle/.gradle/caches/9.3.1/transforms/372877725659556bc85d68a6a8b9ccf5/transformed/zxing-android-embedded-4.3.0/AndroidManifest.xml:26:9-47
49        android:required="false" />
49-->[com.journeyapps:zxing-android-embedded:4.3.0] /opt/gradle/.gradle/caches/9.3.1/transforms/372877725659556bc85d68a6a8b9ccf5/transformed/zxing-android-embedded-4.3.0/AndroidManifest.xml:27:9-33
50    <uses-feature
50-->[com.journeyapps:zxing-android-embedded:4.3.0] /opt/gradle/.gradle/caches/9.3.1/transforms/372877725659556bc85d68a6a8b9ccf5/transformed/zxing-android-embedded-4.3.0/AndroidManifest.xml:28:5-30:36
51        android:name="android.hardware.camera.front"
51-->[com.journeyapps:zxing-android-embedded:4.3.0] /opt/gradle/.gradle/caches/9.3.1/transforms/372877725659556bc85d68a6a8b9ccf5/transformed/zxing-android-embedded-4.3.0/AndroidManifest.xml:29:9-53
52        android:required="false" /> <!-- TODO replace above two with next line after Android 4.2 -->
52-->[com.journeyapps:zxing-android-embedded:4.3.0] /opt/gradle/.gradle/caches/9.3.1/transforms/372877725659556bc85d68a6a8b9ccf5/transformed/zxing-android-embedded-4.3.0/AndroidManifest.xml:30:9-33
53    <!-- <uses-feature android:name="android.hardware.camera.any"/> -->
54    <uses-feature
54-->[com.journeyapps:zxing-android-embedded:4.3.0] /opt/gradle/.gradle/caches/9.3.1/transforms/372877725659556bc85d68a6a8b9ccf5/transformed/zxing-android-embedded-4.3.0/AndroidManifest.xml:33:5-35:36
55        android:name="android.hardware.camera.autofocus"
55-->[com.journeyapps:zxing-android-embedded:4.3.0] /opt/gradle/.gradle/caches/9.3.1/transforms/372877725659556bc85d68a6a8b9ccf5/transformed/zxing-android-embedded-4.3.0/AndroidManifest.xml:34:9-57
56        android:required="false" />
56-->[com.journeyapps:zxing-android-embedded:4.3.0] /opt/gradle/.gradle/caches/9.3.1/transforms/372877725659556bc85d68a6a8b9ccf5/transformed/zxing-android-embedded-4.3.0/AndroidManifest.xml:35:9-33
57    <uses-feature
57-->[com.journeyapps:zxing-android-embedded:4.3.0] /opt/gradle/.gradle/caches/9.3.1/transforms/372877725659556bc85d68a6a8b9ccf5/transformed/zxing-android-embedded-4.3.0/AndroidManifest.xml:36:5-38:36
58        android:name="android.hardware.camera.flash"
58-->[com.journeyapps:zxing-android-embedded:4.3.0] /opt/gradle/.gradle/caches/9.3.1/transforms/372877725659556bc85d68a6a8b9ccf5/transformed/zxing-android-embedded-4.3.0/AndroidManifest.xml:37:9-53
59        android:required="false" />
59-->[com.journeyapps:zxing-android-embedded:4.3.0] /opt/gradle/.gradle/caches/9.3.1/transforms/372877725659556bc85d68a6a8b9ccf5/transformed/zxing-android-embedded-4.3.0/AndroidManifest.xml:38:9-33
60    <uses-feature
60-->[com.journeyapps:zxing-android-embedded:4.3.0] /opt/gradle/.gradle/caches/9.3.1/transforms/372877725659556bc85d68a6a8b9ccf5/transformed/zxing-android-embedded-4.3.0/AndroidManifest.xml:39:5-41:36
61        android:name="android.hardware.screen.landscape"
61-->[com.journeyapps:zxing-android-embedded:4.3.0] /opt/gradle/.gradle/caches/9.3.1/transforms/372877725659556bc85d68a6a8b9ccf5/transformed/zxing-android-embedded-4.3.0/AndroidManifest.xml:40:9-57
62        android:required="false" />
62-->[com.journeyapps:zxing-android-embedded:4.3.0] /opt/gradle/.gradle/caches/9.3.1/transforms/372877725659556bc85d68a6a8b9ccf5/transformed/zxing-android-embedded-4.3.0/AndroidManifest.xml:41:9-33
63    <uses-feature
63-->[com.journeyapps:zxing-android-embedded:4.3.0] /opt/gradle/.gradle/caches/9.3.1/transforms/372877725659556bc85d68a6a8b9ccf5/transformed/zxing-android-embedded-4.3.0/AndroidManifest.xml:42:5-44:36
64        android:name="android.hardware.wifi"
64-->[com.journeyapps:zxing-android-embedded:4.3.0] /opt/gradle/.gradle/caches/9.3.1/transforms/372877725659556bc85d68a6a8b9ccf5/transformed/zxing-android-embedded-4.3.0/AndroidManifest.xml:43:9-45
65        android:required="false" />
65-->[com.journeyapps:zxing-android-embedded:4.3.0] /opt/gradle/.gradle/caches/9.3.1/transforms/372877725659556bc85d68a6a8b9ccf5/transformed/zxing-android-embedded-4.3.0/AndroidManifest.xml:44:9-33
66
67    <application
67-->/app/applet/app/build/intermediates/tmp/manifest/test/debug/tempFile2ProcessTestManifest1278857458957041651.xml:33:5-122:19
68        android:name="com.example.PanaApplication"
68-->/app/applet/app/build/intermediates/tmp/manifest/test/debug/tempFile2ProcessTestManifest1278857458957041651.xml:34:9-51
69        android:allowBackup="true"
69-->/app/applet/app/build/intermediates/tmp/manifest/test/debug/tempFile2ProcessTestManifest1278857458957041651.xml:35:9-35
70        android:appComponentFactory="androidx.core.app.CoreComponentFactory"
70-->[androidx.core:core:1.15.0] /opt/gradle/.gradle/caches/9.3.1/transforms/edd4241b77cad7c7544ca11e9a476f81/transformed/core-1.15.0/AndroidManifest.xml:28:18-86
71        android:dataExtractionRules="@xml/data_extraction_rules"
71-->/app/applet/app/build/intermediates/tmp/manifest/test/debug/tempFile2ProcessTestManifest1278857458957041651.xml:36:9-65
72        android:debuggable="true"
73        android:fullBackupContent="@xml/backup_rules"
73-->/app/applet/app/build/intermediates/tmp/manifest/test/debug/tempFile2ProcessTestManifest1278857458957041651.xml:37:9-54
74        android:icon="@mipmap/ic_launcher"
74-->/app/applet/app/build/intermediates/tmp/manifest/test/debug/tempFile2ProcessTestManifest1278857458957041651.xml:38:9-43
75        android:label="@string/app_name"
75-->/app/applet/app/build/intermediates/tmp/manifest/test/debug/tempFile2ProcessTestManifest1278857458957041651.xml:39:9-41
76        android:networkSecurityConfig="@xml/network_security_config"
76-->/app/applet/app/build/intermediates/tmp/manifest/test/debug/tempFile2ProcessTestManifest1278857458957041651.xml:40:9-69
77        android:roundIcon="@mipmap/ic_launcher_round"
77-->/app/applet/app/build/intermediates/tmp/manifest/test/debug/tempFile2ProcessTestManifest1278857458957041651.xml:41:9-54
78        android:supportsRtl="true"
78-->/app/applet/app/build/intermediates/tmp/manifest/test/debug/tempFile2ProcessTestManifest1278857458957041651.xml:42:9-35
79        android:theme="@style/Theme.MyApplication" >
79-->/app/applet/app/build/intermediates/tmp/manifest/test/debug/tempFile2ProcessTestManifest1278857458957041651.xml:43:9-51
80        <provider
80-->/app/applet/app/build/intermediates/tmp/manifest/test/debug/tempFile2ProcessTestManifest1278857458957041651.xml:44:9-53:20
81            android:name="androidx.startup.InitializationProvider"
81-->/app/applet/app/build/intermediates/tmp/manifest/test/debug/tempFile2ProcessTestManifest1278857458957041651.xml:45:13-67
82            android:authorities="com.panalink.app.androidx-startup"
82-->/app/applet/app/build/intermediates/tmp/manifest/test/debug/tempFile2ProcessTestManifest1278857458957041651.xml:46:13-68
83            android:exported="false" >
83-->/app/applet/app/build/intermediates/tmp/manifest/test/debug/tempFile2ProcessTestManifest1278857458957041651.xml:47:13-37
84            <meta-data
84-->[androidx.emoji2:emoji2:1.3.0] /opt/gradle/.gradle/caches/9.3.1/transforms/5ca3fdd8d160b4e9c2c961710963031e/transformed/emoji2-1.3.0/AndroidManifest.xml:29:13-31:52
85                android:name="androidx.emoji2.text.EmojiCompatInitializer"
85-->[androidx.emoji2:emoji2:1.3.0] /opt/gradle/.gradle/caches/9.3.1/transforms/5ca3fdd8d160b4e9c2c961710963031e/transformed/emoji2-1.3.0/AndroidManifest.xml:30:17-75
86                android:value="androidx.startup" />
86-->[androidx.emoji2:emoji2:1.3.0] /opt/gradle/.gradle/caches/9.3.1/transforms/5ca3fdd8d160b4e9c2c961710963031e/transformed/emoji2-1.3.0/AndroidManifest.xml:31:17-49
87            <meta-data
87-->[androidx.lifecycle:lifecycle-process:2.8.7] /opt/gradle/.gradle/caches/9.3.1/transforms/4aa02d7ee95ad743f8b43fec38263022/transformed/lifecycle-process-2.8.7/AndroidManifest.xml:29:13-31:52
88                android:name="androidx.lifecycle.ProcessLifecycleInitializer"
88-->[androidx.lifecycle:lifecycle-process:2.8.7] /opt/gradle/.gradle/caches/9.3.1/transforms/4aa02d7ee95ad743f8b43fec38263022/transformed/lifecycle-process-2.8.7/AndroidManifest.xml:30:17-78
89                android:value="androidx.startup" />
89-->[androidx.lifecycle:lifecycle-process:2.8.7] /opt/gradle/.gradle/caches/9.3.1/transforms/4aa02d7ee95ad743f8b43fec38263022/transformed/lifecycle-process-2.8.7/AndroidManifest.xml:31:17-49
90            <meta-data
90-->[androidx.profileinstaller:profileinstaller:1.4.0] /opt/gradle/.gradle/caches/9.3.1/transforms/669ae4172aae5024bff3af205b0e2225/transformed/profileinstaller-1.4.0/AndroidManifest.xml:29:13-31:52
91                android:name="androidx.profileinstaller.ProfileInstallerInitializer"
91-->[androidx.profileinstaller:profileinstaller:1.4.0] /opt/gradle/.gradle/caches/9.3.1/transforms/669ae4172aae5024bff3af205b0e2225/transformed/profileinstaller-1.4.0/AndroidManifest.xml:30:17-85
92                android:value="androidx.startup" />
92-->[androidx.profileinstaller:profileinstaller:1.4.0] /opt/gradle/.gradle/caches/9.3.1/transforms/669ae4172aae5024bff3af205b0e2225/transformed/profileinstaller-1.4.0/AndroidManifest.xml:31:17-49
93        </provider>
94
95        <service
95-->/app/applet/app/build/intermediates/tmp/manifest/test/debug/tempFile2ProcessTestManifest1278857458957041651.xml:55:9-59:57
96            android:name="com.example.call.CallForegroundService"
96-->/app/applet/app/build/intermediates/tmp/manifest/test/debug/tempFile2ProcessTestManifest1278857458957041651.xml:56:13-66
97            android:enabled="true"
97-->/app/applet/app/build/intermediates/tmp/manifest/test/debug/tempFile2ProcessTestManifest1278857458957041651.xml:57:13-35
98            android:exported="false"
98-->/app/applet/app/build/intermediates/tmp/manifest/test/debug/tempFile2ProcessTestManifest1278857458957041651.xml:58:13-37
99            android:foregroundServiceType="phoneCall" />
99-->/app/applet/app/build/intermediates/tmp/manifest/test/debug/tempFile2ProcessTestManifest1278857458957041651.xml:59:13-54
100        <service
100-->/app/applet/app/build/intermediates/tmp/manifest/test/debug/tempFile2ProcessTestManifest1278857458957041651.xml:60:9-64:56
101            android:name="com.example.service.PanalinkRealtimeService"
101-->/app/applet/app/build/intermediates/tmp/manifest/test/debug/tempFile2ProcessTestManifest1278857458957041651.xml:61:13-71
102            android:enabled="true"
102-->/app/applet/app/build/intermediates/tmp/manifest/test/debug/tempFile2ProcessTestManifest1278857458957041651.xml:62:13-35
103            android:exported="false"
103-->/app/applet/app/build/intermediates/tmp/manifest/test/debug/tempFile2ProcessTestManifest1278857458957041651.xml:63:13-37
104            android:foregroundServiceType="dataSync" />
104-->/app/applet/app/build/intermediates/tmp/manifest/test/debug/tempFile2ProcessTestManifest1278857458957041651.xml:64:13-53
105        <service
105-->/app/applet/app/build/intermediates/tmp/manifest/test/debug/tempFile2ProcessTestManifest1278857458957041651.xml:65:9-71:19
106            android:name="com.example.service.PanalinkFirebaseMessagingService"
106-->/app/applet/app/build/intermediates/tmp/manifest/test/debug/tempFile2ProcessTestManifest1278857458957041651.xml:66:13-80
107            android:exported="false" >
107-->/app/applet/app/build/intermediates/tmp/manifest/test/debug/tempFile2ProcessTestManifest1278857458957041651.xml:67:13-37
108            <intent-filter>
108-->/app/applet/app/build/intermediates/tmp/manifest/test/debug/tempFile2ProcessTestManifest1278857458957041651.xml:68:13-70:29
109                <action android:name="com.google.firebase.MESSAGING_EVENT" />
109-->/app/applet/app/build/intermediates/tmp/manifest/test/debug/tempFile2ProcessTestManifest1278857458957041651.xml:69:17-78
109-->/app/applet/app/build/intermediates/tmp/manifest/test/debug/tempFile2ProcessTestManifest1278857458957041651.xml:69:25-75
110            </intent-filter>
111        </service>
112
113        <meta-data
113-->/app/applet/app/build/intermediates/tmp/manifest/test/debug/tempFile2ProcessTestManifest1278857458957041651.xml:73:9-75:37
114            android:name="firebase_messaging_auto_init_enabled"
114-->/app/applet/app/build/intermediates/tmp/manifest/test/debug/tempFile2ProcessTestManifest1278857458957041651.xml:74:13-64
115            android:value="false" />
115-->/app/applet/app/build/intermediates/tmp/manifest/test/debug/tempFile2ProcessTestManifest1278857458957041651.xml:75:13-34
116        <meta-data
116-->/app/applet/app/build/intermediates/tmp/manifest/test/debug/tempFile2ProcessTestManifest1278857458957041651.xml:76:9-78:36
117            android:name="firebase_analytics_collection_deactivated"
117-->/app/applet/app/build/intermediates/tmp/manifest/test/debug/tempFile2ProcessTestManifest1278857458957041651.xml:77:13-69
118            android:value="true" />
118-->/app/applet/app/build/intermediates/tmp/manifest/test/debug/tempFile2ProcessTestManifest1278857458957041651.xml:78:13-33
119
120        <activity
120-->/app/applet/app/build/intermediates/tmp/manifest/test/debug/tempFile2ProcessTestManifest1278857458957041651.xml:80:9-103:20
121            android:name="com.example.MainActivity"
121-->/app/applet/app/build/intermediates/tmp/manifest/test/debug/tempFile2ProcessTestManifest1278857458957041651.xml:81:13-52
122            android:configChanges="screenSize|smallestScreenSize|screenLayout|orientation"
122-->/app/applet/app/build/intermediates/tmp/manifest/test/debug/tempFile2ProcessTestManifest1278857458957041651.xml:82:13-91
123            android:exported="true"
123-->/app/applet/app/build/intermediates/tmp/manifest/test/debug/tempFile2ProcessTestManifest1278857458957041651.xml:83:13-36
124            android:label="@string/app_name"
124-->/app/applet/app/build/intermediates/tmp/manifest/test/debug/tempFile2ProcessTestManifest1278857458957041651.xml:84:13-45
125            android:supportsPictureInPicture="true"
125-->/app/applet/app/build/intermediates/tmp/manifest/test/debug/tempFile2ProcessTestManifest1278857458957041651.xml:85:13-52
126            android:theme="@style/Theme.App.Starting"
126-->/app/applet/app/build/intermediates/tmp/manifest/test/debug/tempFile2ProcessTestManifest1278857458957041651.xml:86:13-54
127            android:windowSoftInputMode="adjustResize" >
127-->/app/applet/app/build/intermediates/tmp/manifest/test/debug/tempFile2ProcessTestManifest1278857458957041651.xml:87:13-55
128            <intent-filter>
128-->/app/applet/app/build/intermediates/tmp/manifest/test/debug/tempFile2ProcessTestManifest1278857458957041651.xml:88:13-92:29
129                <action android:name="android.intent.action.MAIN" />
129-->/app/applet/app/build/intermediates/tmp/manifest/test/debug/tempFile2ProcessTestManifest1278857458957041651.xml:89:17-69
129-->/app/applet/app/build/intermediates/tmp/manifest/test/debug/tempFile2ProcessTestManifest1278857458957041651.xml:89:25-66
130
131                <category android:name="android.intent.category.LAUNCHER" />
131-->/app/applet/app/build/intermediates/tmp/manifest/test/debug/tempFile2ProcessTestManifest1278857458957041651.xml:91:17-77
131-->/app/applet/app/build/intermediates/tmp/manifest/test/debug/tempFile2ProcessTestManifest1278857458957041651.xml:91:27-74
132            </intent-filter>
133            <intent-filter android:autoVerify="false" >
133-->/app/applet/app/build/intermediates/tmp/manifest/test/debug/tempFile2ProcessTestManifest1278857458957041651.xml:93:13-102:29
133-->/app/applet/app/build/intermediates/tmp/manifest/test/debug/tempFile2ProcessTestManifest1278857458957041651.xml:93:28-54
134                <action android:name="android.intent.action.VIEW" />
134-->/app/applet/app/build/intermediates/tmp/manifest/test/debug/tempFile2ProcessTestManifest1278857458957041651.xml:94:17-69
134-->/app/applet/app/build/intermediates/tmp/manifest/test/debug/tempFile2ProcessTestManifest1278857458957041651.xml:94:25-66
135
136                <category android:name="android.intent.category.DEFAULT" />
136-->/app/applet/app/build/intermediates/tmp/manifest/test/debug/tempFile2ProcessTestManifest1278857458957041651.xml:96:17-76
136-->/app/applet/app/build/intermediates/tmp/manifest/test/debug/tempFile2ProcessTestManifest1278857458957041651.xml:96:27-73
137                <category android:name="android.intent.category.BROWSABLE" />
137-->/app/applet/app/build/intermediates/tmp/manifest/test/debug/tempFile2ProcessTestManifest1278857458957041651.xml:97:17-78
137-->/app/applet/app/build/intermediates/tmp/manifest/test/debug/tempFile2ProcessTestManifest1278857458957041651.xml:97:27-75
138
139                <data
139-->/app/applet/app/build/intermediates/tmp/manifest/test/debug/tempFile2ProcessTestManifest1278857458957041651.xml:99:17-101:49
140                    android:host="verify"
140-->/app/applet/app/build/intermediates/tmp/manifest/test/debug/tempFile2ProcessTestManifest1278857458957041651.xml:100:21-42
141                    android:scheme="panalink" />
141-->/app/applet/app/build/intermediates/tmp/manifest/test/debug/tempFile2ProcessTestManifest1278857458957041651.xml:101:21-46
142            </intent-filter>
143        </activity>
144
145        <provider
145-->/app/applet/app/build/intermediates/tmp/manifest/test/debug/tempFile2ProcessTestManifest1278857458957041651.xml:105:9-113:20
146            android:name="androidx.core.content.FileProvider"
146-->/app/applet/app/build/intermediates/tmp/manifest/test/debug/tempFile2ProcessTestManifest1278857458957041651.xml:106:13-62
147            android:authorities="com.panalink.app.provider"
147-->/app/applet/app/build/intermediates/tmp/manifest/test/debug/tempFile2ProcessTestManifest1278857458957041651.xml:107:13-60
148            android:exported="false"
148-->/app/applet/app/build/intermediates/tmp/manifest/test/debug/tempFile2ProcessTestManifest1278857458957041651.xml:108:13-37
149            android:grantUriPermissions="true" >
149-->/app/applet/app/build/intermediates/tmp/manifest/test/debug/tempFile2ProcessTestManifest1278857458957041651.xml:109:13-47
150            <meta-data
150-->/app/applet/app/build/intermediates/tmp/manifest/test/debug/tempFile2ProcessTestManifest1278857458957041651.xml:110:13-112:54
151                android:name="android.support.FILE_PROVIDER_PATHS"
151-->/app/applet/app/build/intermediates/tmp/manifest/test/debug/tempFile2ProcessTestManifest1278857458957041651.xml:111:17-67
152                android:resource="@xml/file_paths" />
152-->/app/applet/app/build/intermediates/tmp/manifest/test/debug/tempFile2ProcessTestManifest1278857458957041651.xml:112:17-51
153        </provider>
154
155        <activity
155-->/app/applet/app/build/intermediates/tmp/manifest/test/debug/tempFile2ProcessTestManifest1278857458957041651.xml:115:9-121:58
156            android:name="com.example.panatv.PanaTVActivity"
156-->/app/applet/app/build/intermediates/tmp/manifest/test/debug/tempFile2ProcessTestManifest1278857458957041651.xml:116:13-61
157            android:configChanges="screenSize|smallestScreenSize|screenLayout|orientation"
157-->/app/applet/app/build/intermediates/tmp/manifest/test/debug/tempFile2ProcessTestManifest1278857458957041651.xml:117:13-91
158            android:exported="false"
158-->/app/applet/app/build/intermediates/tmp/manifest/test/debug/tempFile2ProcessTestManifest1278857458957041651.xml:118:13-37
159            android:label="PanaTV"
159-->/app/applet/app/build/intermediates/tmp/manifest/test/debug/tempFile2ProcessTestManifest1278857458957041651.xml:119:13-35
160            android:supportsPictureInPicture="true"
160-->/app/applet/app/build/intermediates/tmp/manifest/test/debug/tempFile2ProcessTestManifest1278857458957041651.xml:120:13-52
161            android:theme="@style/Theme.MyApplication" />
161-->/app/applet/app/build/intermediates/tmp/manifest/test/debug/tempFile2ProcessTestManifest1278857458957041651.xml:121:13-55
162        <!--
163        Service for holding metadata. Cannot be instantiated.
164        Metadata will be merged from other manifests.
165        -->
166        <service
166-->[androidx.camera:camera-core:1.5.0] /opt/gradle/.gradle/caches/9.3.1/transforms/6b1b0b72c4740cd15581f384f87b8151/transformed/camera-core-1.5.0/AndroidManifest.xml:29:9-33:78
167            android:name="androidx.camera.core.impl.MetadataHolderService"
167-->[androidx.camera:camera-core:1.5.0] /opt/gradle/.gradle/caches/9.3.1/transforms/6b1b0b72c4740cd15581f384f87b8151/transformed/camera-core-1.5.0/AndroidManifest.xml:30:13-75
168            android:enabled="false"
168-->[androidx.camera:camera-core:1.5.0] /opt/gradle/.gradle/caches/9.3.1/transforms/6b1b0b72c4740cd15581f384f87b8151/transformed/camera-core-1.5.0/AndroidManifest.xml:31:13-36
169            android:exported="false" >
169-->[androidx.camera:camera-core:1.5.0] /opt/gradle/.gradle/caches/9.3.1/transforms/6b1b0b72c4740cd15581f384f87b8151/transformed/camera-core-1.5.0/AndroidManifest.xml:32:13-37
170            <meta-data
170-->[androidx.camera:camera-camera2:1.5.0] /opt/gradle/.gradle/caches/9.3.1/transforms/429832c1b62b82264cb84bee480eccb9/transformed/camera-camera2-1.5.0/AndroidManifest.xml:30:13-32:89
171                android:name="androidx.camera.core.impl.MetadataHolderService.DEFAULT_CONFIG_PROVIDER"
171-->[androidx.camera:camera-camera2:1.5.0] /opt/gradle/.gradle/caches/9.3.1/transforms/429832c1b62b82264cb84bee480eccb9/transformed/camera-camera2-1.5.0/AndroidManifest.xml:31:17-103
172                android:value="androidx.camera.camera2.Camera2Config$DefaultProvider" />
172-->[androidx.camera:camera-camera2:1.5.0] /opt/gradle/.gradle/caches/9.3.1/transforms/429832c1b62b82264cb84bee480eccb9/transformed/camera-camera2-1.5.0/AndroidManifest.xml:32:17-86
173        </service>
174        <service
174-->[com.google.android.gms:play-services-mlkit-barcode-scanning:18.3.1] /opt/gradle/.gradle/caches/9.3.1/transforms/a61796006821140f4ee07281a48d1699/transformed/play-services-mlkit-barcode-scanning-18.3.1/AndroidManifest.xml:9:9-15:19
175            android:name="com.google.mlkit.common.internal.MlKitComponentDiscoveryService"
175-->[com.google.android.gms:play-services-mlkit-barcode-scanning:18.3.1] /opt/gradle/.gradle/caches/9.3.1/transforms/a61796006821140f4ee07281a48d1699/transformed/play-services-mlkit-barcode-scanning-18.3.1/AndroidManifest.xml:10:13-91
176            android:directBootAware="true"
176-->[com.google.mlkit:common:18.11.0] /opt/gradle/.gradle/caches/9.3.1/transforms/80442607749372abd9dd6a47c55f6f40/transformed/common-18.11.0/AndroidManifest.xml:17:13-43
177            android:exported="false" >
177-->[com.google.android.gms:play-services-mlkit-barcode-scanning:18.3.1] /opt/gradle/.gradle/caches/9.3.1/transforms/a61796006821140f4ee07281a48d1699/transformed/play-services-mlkit-barcode-scanning-18.3.1/AndroidManifest.xml:11:13-37
178            <meta-data
178-->[com.google.android.gms:play-services-mlkit-barcode-scanning:18.3.1] /opt/gradle/.gradle/caches/9.3.1/transforms/a61796006821140f4ee07281a48d1699/transformed/play-services-mlkit-barcode-scanning-18.3.1/AndroidManifest.xml:12:13-14:85
179                android:name="com.google.firebase.components:com.google.mlkit.vision.barcode.internal.BarcodeRegistrar"
179-->[com.google.android.gms:play-services-mlkit-barcode-scanning:18.3.1] /opt/gradle/.gradle/caches/9.3.1/transforms/a61796006821140f4ee07281a48d1699/transformed/play-services-mlkit-barcode-scanning-18.3.1/AndroidManifest.xml:13:17-120
180                android:value="com.google.firebase.components.ComponentRegistrar" />
180-->[com.google.android.gms:play-services-mlkit-barcode-scanning:18.3.1] /opt/gradle/.gradle/caches/9.3.1/transforms/a61796006821140f4ee07281a48d1699/transformed/play-services-mlkit-barcode-scanning-18.3.1/AndroidManifest.xml:14:17-82
181            <meta-data
181-->[com.google.mlkit:vision-common:17.3.0] /opt/gradle/.gradle/caches/9.3.1/transforms/825cd66755976be366aa5fd82e8cca31/transformed/vision-common-17.3.0/AndroidManifest.xml:12:13-14:85
182                android:name="com.google.firebase.components:com.google.mlkit.vision.common.internal.VisionCommonRegistrar"
182-->[com.google.mlkit:vision-common:17.3.0] /opt/gradle/.gradle/caches/9.3.1/transforms/825cd66755976be366aa5fd82e8cca31/transformed/vision-common-17.3.0/AndroidManifest.xml:13:17-124
183                android:value="com.google.firebase.components.ComponentRegistrar" />
183-->[com.google.mlkit:vision-common:17.3.0] /opt/gradle/.gradle/caches/9.3.1/transforms/825cd66755976be366aa5fd82e8cca31/transformed/vision-common-17.3.0/AndroidManifest.xml:14:17-82
184            <meta-data
184-->[com.google.mlkit:common:18.11.0] /opt/gradle/.gradle/caches/9.3.1/transforms/80442607749372abd9dd6a47c55f6f40/transformed/common-18.11.0/AndroidManifest.xml:20:13-22:85
185                android:name="com.google.firebase.components:com.google.mlkit.common.internal.CommonComponentRegistrar"
185-->[com.google.mlkit:common:18.11.0] /opt/gradle/.gradle/caches/9.3.1/transforms/80442607749372abd9dd6a47c55f6f40/transformed/common-18.11.0/AndroidManifest.xml:21:17-120
186                android:value="com.google.firebase.components.ComponentRegistrar" />
186-->[com.google.mlkit:common:18.11.0] /opt/gradle/.gradle/caches/9.3.1/transforms/80442607749372abd9dd6a47c55f6f40/transformed/common-18.11.0/AndroidManifest.xml:22:17-82
187        </service>
188
189        <provider
189-->[com.google.mlkit:common:18.11.0] /opt/gradle/.gradle/caches/9.3.1/transforms/80442607749372abd9dd6a47c55f6f40/transformed/common-18.11.0/AndroidManifest.xml:9:9-13:38
190            android:name="com.google.mlkit.common.internal.MlKitInitProvider"
190-->[com.google.mlkit:common:18.11.0] /opt/gradle/.gradle/caches/9.3.1/transforms/80442607749372abd9dd6a47c55f6f40/transformed/common-18.11.0/AndroidManifest.xml:10:13-78
191            android:authorities="com.panalink.app.mlkitinitprovider"
191-->[com.google.mlkit:common:18.11.0] /opt/gradle/.gradle/caches/9.3.1/transforms/80442607749372abd9dd6a47c55f6f40/transformed/common-18.11.0/AndroidManifest.xml:11:13-69
192            android:exported="false"
192-->[com.google.mlkit:common:18.11.0] /opt/gradle/.gradle/caches/9.3.1/transforms/80442607749372abd9dd6a47c55f6f40/transformed/common-18.11.0/AndroidManifest.xml:12:13-37
193            android:initOrder="99" />
193-->[com.google.mlkit:common:18.11.0] /opt/gradle/.gradle/caches/9.3.1/transforms/80442607749372abd9dd6a47c55f6f40/transformed/common-18.11.0/AndroidManifest.xml:13:13-35
194
195        <receiver
195-->[com.google.firebase:firebase-messaging:25.1.0] /opt/gradle/.gradle/caches/9.3.1/transforms/be82e78bb9cf39fa890b25a84f3fde31/transformed/firebase-messaging-25.1.0/AndroidManifest.xml:29:9-40:20
196            android:name="com.google.firebase.iid.FirebaseInstanceIdReceiver"
196-->[com.google.firebase:firebase-messaging:25.1.0] /opt/gradle/.gradle/caches/9.3.1/transforms/be82e78bb9cf39fa890b25a84f3fde31/transformed/firebase-messaging-25.1.0/AndroidManifest.xml:30:13-78
197            android:exported="true"
197-->[com.google.firebase:firebase-messaging:25.1.0] /opt/gradle/.gradle/caches/9.3.1/transforms/be82e78bb9cf39fa890b25a84f3fde31/transformed/firebase-messaging-25.1.0/AndroidManifest.xml:31:13-36
198            android:permission="com.google.android.c2dm.permission.SEND" >
198-->[com.google.firebase:firebase-messaging:25.1.0] /opt/gradle/.gradle/caches/9.3.1/transforms/be82e78bb9cf39fa890b25a84f3fde31/transformed/firebase-messaging-25.1.0/AndroidManifest.xml:32:13-73
199            <intent-filter>
199-->[com.google.firebase:firebase-messaging:25.1.0] /opt/gradle/.gradle/caches/9.3.1/transforms/be82e78bb9cf39fa890b25a84f3fde31/transformed/firebase-messaging-25.1.0/AndroidManifest.xml:33:13-35:29
200                <action android:name="com.google.android.c2dm.intent.RECEIVE" />
200-->[com.google.firebase:firebase-messaging:25.1.0] /opt/gradle/.gradle/caches/9.3.1/transforms/be82e78bb9cf39fa890b25a84f3fde31/transformed/firebase-messaging-25.1.0/AndroidManifest.xml:34:17-81
200-->[com.google.firebase:firebase-messaging:25.1.0] /opt/gradle/.gradle/caches/9.3.1/transforms/be82e78bb9cf39fa890b25a84f3fde31/transformed/firebase-messaging-25.1.0/AndroidManifest.xml:34:25-78
201            </intent-filter>
202
203            <meta-data
203-->[com.google.firebase:firebase-messaging:25.1.0] /opt/gradle/.gradle/caches/9.3.1/transforms/be82e78bb9cf39fa890b25a84f3fde31/transformed/firebase-messaging-25.1.0/AndroidManifest.xml:37:13-39:40
204                android:name="com.google.android.gms.cloudmessaging.FINISHED_AFTER_HANDLED"
204-->[com.google.firebase:firebase-messaging:25.1.0] /opt/gradle/.gradle/caches/9.3.1/transforms/be82e78bb9cf39fa890b25a84f3fde31/transformed/firebase-messaging-25.1.0/AndroidManifest.xml:38:17-92
205                android:value="true" />
205-->[com.google.firebase:firebase-messaging:25.1.0] /opt/gradle/.gradle/caches/9.3.1/transforms/be82e78bb9cf39fa890b25a84f3fde31/transformed/firebase-messaging-25.1.0/AndroidManifest.xml:39:17-37
206        </receiver>
207        <!--
208             FirebaseMessagingService performs security checks at runtime,
209             but set to not exported to explicitly avoid allowing another app to call it.
210        -->
211        <service
211-->[com.google.firebase:firebase-messaging:25.1.0] /opt/gradle/.gradle/caches/9.3.1/transforms/be82e78bb9cf39fa890b25a84f3fde31/transformed/firebase-messaging-25.1.0/AndroidManifest.xml:46:9-53:19
212            android:name="com.google.firebase.messaging.FirebaseMessagingService"
212-->[com.google.firebase:firebase-messaging:25.1.0] /opt/gradle/.gradle/caches/9.3.1/transforms/be82e78bb9cf39fa890b25a84f3fde31/transformed/firebase-messaging-25.1.0/AndroidManifest.xml:47:13-82
213            android:directBootAware="true"
213-->[com.google.firebase:firebase-messaging:25.1.0] /opt/gradle/.gradle/caches/9.3.1/transforms/be82e78bb9cf39fa890b25a84f3fde31/transformed/firebase-messaging-25.1.0/AndroidManifest.xml:48:13-43
214            android:exported="false" >
214-->[com.google.firebase:firebase-messaging:25.1.0] /opt/gradle/.gradle/caches/9.3.1/transforms/be82e78bb9cf39fa890b25a84f3fde31/transformed/firebase-messaging-25.1.0/AndroidManifest.xml:49:13-37
215            <intent-filter android:priority="-500" >
215-->/app/applet/app/build/intermediates/tmp/manifest/test/debug/tempFile2ProcessTestManifest1278857458957041651.xml:68:13-70:29
216                <action android:name="com.google.firebase.MESSAGING_EVENT" />
216-->/app/applet/app/build/intermediates/tmp/manifest/test/debug/tempFile2ProcessTestManifest1278857458957041651.xml:69:17-78
216-->/app/applet/app/build/intermediates/tmp/manifest/test/debug/tempFile2ProcessTestManifest1278857458957041651.xml:69:25-75
217            </intent-filter>
218        </service>
219        <service
219-->[com.google.firebase:firebase-messaging:25.1.0] /opt/gradle/.gradle/caches/9.3.1/transforms/be82e78bb9cf39fa890b25a84f3fde31/transformed/firebase-messaging-25.1.0/AndroidManifest.xml:54:9-63:19
220            android:name="com.google.firebase.components.ComponentDiscoveryService"
220-->[com.google.firebase:firebase-messaging:25.1.0] /opt/gradle/.gradle/caches/9.3.1/transforms/be82e78bb9cf39fa890b25a84f3fde31/transformed/firebase-messaging-25.1.0/AndroidManifest.xml:55:13-84
221            android:directBootAware="true"
221-->[com.google.firebase:firebase-common:22.1.0] /opt/gradle/.gradle/caches/9.3.1/transforms/8934676c2ce3dae4c2df99411040b0e4/transformed/firebase-common-22.1.0/AndroidManifest.xml:32:13-43
222            android:exported="false" >
222-->[com.google.firebase:firebase-messaging:25.1.0] /opt/gradle/.gradle/caches/9.3.1/transforms/be82e78bb9cf39fa890b25a84f3fde31/transformed/firebase-messaging-25.1.0/AndroidManifest.xml:56:13-37
223            <meta-data
223-->[com.google.firebase:firebase-messaging:25.1.0] /opt/gradle/.gradle/caches/9.3.1/transforms/be82e78bb9cf39fa890b25a84f3fde31/transformed/firebase-messaging-25.1.0/AndroidManifest.xml:57:13-59:85
224                android:name="com.google.firebase.components:com.google.firebase.messaging.FirebaseMessagingKtxRegistrar"
224-->[com.google.firebase:firebase-messaging:25.1.0] /opt/gradle/.gradle/caches/9.3.1/transforms/be82e78bb9cf39fa890b25a84f3fde31/transformed/firebase-messaging-25.1.0/AndroidManifest.xml:58:17-122
225                android:value="com.google.firebase.components.ComponentRegistrar" />
225-->[com.google.firebase:firebase-messaging:25.1.0] /opt/gradle/.gradle/caches/9.3.1/transforms/be82e78bb9cf39fa890b25a84f3fde31/transformed/firebase-messaging-25.1.0/AndroidManifest.xml:59:17-82
226            <meta-data
226-->[com.google.firebase:firebase-messaging:25.1.0] /opt/gradle/.gradle/caches/9.3.1/transforms/be82e78bb9cf39fa890b25a84f3fde31/transformed/firebase-messaging-25.1.0/AndroidManifest.xml:60:13-62:85
227                android:name="com.google.firebase.components:com.google.firebase.messaging.FirebaseMessagingRegistrar"
227-->[com.google.firebase:firebase-messaging:25.1.0] /opt/gradle/.gradle/caches/9.3.1/transforms/be82e78bb9cf39fa890b25a84f3fde31/transformed/firebase-messaging-25.1.0/AndroidManifest.xml:61:17-119
228                android:value="com.google.firebase.components.ComponentRegistrar" />
228-->[com.google.firebase:firebase-messaging:25.1.0] /opt/gradle/.gradle/caches/9.3.1/transforms/be82e78bb9cf39fa890b25a84f3fde31/transformed/firebase-messaging-25.1.0/AndroidManifest.xml:62:17-82
229            <meta-data
229-->[com.google.firebase:firebase-installations:19.1.1] /opt/gradle/.gradle/caches/9.3.1/transforms/efa494c9c2d25b61d16d0c6950d66454/transformed/firebase-installations-19.1.1/AndroidManifest.xml:15:13-17:85
230                android:name="com.google.firebase.components:com.google.firebase.installations.FirebaseInstallationsKtxRegistrar"
230-->[com.google.firebase:firebase-installations:19.1.1] /opt/gradle/.gradle/caches/9.3.1/transforms/efa494c9c2d25b61d16d0c6950d66454/transformed/firebase-installations-19.1.1/AndroidManifest.xml:16:17-130
231                android:value="com.google.firebase.components.ComponentRegistrar" />
231-->[com.google.firebase:firebase-installations:19.1.1] /opt/gradle/.gradle/caches/9.3.1/transforms/efa494c9c2d25b61d16d0c6950d66454/transformed/firebase-installations-19.1.1/AndroidManifest.xml:17:17-82
232            <meta-data
232-->[com.google.firebase:firebase-installations:19.1.1] /opt/gradle/.gradle/caches/9.3.1/transforms/efa494c9c2d25b61d16d0c6950d66454/transformed/firebase-installations-19.1.1/AndroidManifest.xml:18:13-20:85
233                android:name="com.google.firebase.components:com.google.firebase.installations.FirebaseInstallationsRegistrar"
233-->[com.google.firebase:firebase-installations:19.1.1] /opt/gradle/.gradle/caches/9.3.1/transforms/efa494c9c2d25b61d16d0c6950d66454/transformed/firebase-installations-19.1.1/AndroidManifest.xml:19:17-127
234                android:value="com.google.firebase.components.ComponentRegistrar" />
234-->[com.google.firebase:firebase-installations:19.1.1] /opt/gradle/.gradle/caches/9.3.1/transforms/efa494c9c2d25b61d16d0c6950d66454/transformed/firebase-installations-19.1.1/AndroidManifest.xml:20:17-82
235            <meta-data
235-->[com.google.firebase:firebase-common:22.1.0] /opt/gradle/.gradle/caches/9.3.1/transforms/8934676c2ce3dae4c2df99411040b0e4/transformed/firebase-common-22.1.0/AndroidManifest.xml:35:13-37:85
236                android:name="com.google.firebase.components:com.google.firebase.FirebaseCommonKtxRegistrar"
236-->[com.google.firebase:firebase-common:22.1.0] /opt/gradle/.gradle/caches/9.3.1/transforms/8934676c2ce3dae4c2df99411040b0e4/transformed/firebase-common-22.1.0/AndroidManifest.xml:36:17-109
237                android:value="com.google.firebase.components.ComponentRegistrar" />
237-->[com.google.firebase:firebase-common:22.1.0] /opt/gradle/.gradle/caches/9.3.1/transforms/8934676c2ce3dae4c2df99411040b0e4/transformed/firebase-common-22.1.0/AndroidManifest.xml:37:17-82
238            <meta-data
238-->[com.google.firebase:firebase-datatransport:18.2.0] /opt/gradle/.gradle/caches/9.3.1/transforms/ecaa4c87d296d52155ef546c3b77c8bf/transformed/firebase-datatransport-18.2.0/AndroidManifest.xml:25:13-27:85
239                android:name="com.google.firebase.components:com.google.firebase.datatransport.TransportRegistrar"
239-->[com.google.firebase:firebase-datatransport:18.2.0] /opt/gradle/.gradle/caches/9.3.1/transforms/ecaa4c87d296d52155ef546c3b77c8bf/transformed/firebase-datatransport-18.2.0/AndroidManifest.xml:26:17-115
240                android:value="com.google.firebase.components.ComponentRegistrar" />
240-->[com.google.firebase:firebase-datatransport:18.2.0] /opt/gradle/.gradle/caches/9.3.1/transforms/ecaa4c87d296d52155ef546c3b77c8bf/transformed/firebase-datatransport-18.2.0/AndroidManifest.xml:27:17-82
241        </service>
242
243        <activity
243-->[com.google.android.gms:play-services-base:18.9.0] /opt/gradle/.gradle/caches/9.3.1/transforms/51465dc2dbf2f7a5cd3629227ece8adb/transformed/play-services-base-18.9.0/AndroidManifest.xml:20:9-22:45
244            android:name="com.google.android.gms.common.api.GoogleApiActivity"
244-->[com.google.android.gms:play-services-base:18.9.0] /opt/gradle/.gradle/caches/9.3.1/transforms/51465dc2dbf2f7a5cd3629227ece8adb/transformed/play-services-base-18.9.0/AndroidManifest.xml:20:19-85
245            android:exported="false"
245-->[com.google.android.gms:play-services-base:18.9.0] /opt/gradle/.gradle/caches/9.3.1/transforms/51465dc2dbf2f7a5cd3629227ece8adb/transformed/play-services-base-18.9.0/AndroidManifest.xml:22:19-43
246            android:theme="@android:style/Theme.Translucent.NoTitleBar" />
246-->[com.google.android.gms:play-services-base:18.9.0] /opt/gradle/.gradle/caches/9.3.1/transforms/51465dc2dbf2f7a5cd3629227ece8adb/transformed/play-services-base-18.9.0/AndroidManifest.xml:21:19-78
247
248        <provider
248-->[com.google.firebase:firebase-common:22.1.0] /opt/gradle/.gradle/caches/9.3.1/transforms/8934676c2ce3dae4c2df99411040b0e4/transformed/firebase-common-22.1.0/AndroidManifest.xml:23:9-28:39
249            android:name="com.google.firebase.provider.FirebaseInitProvider"
249-->[com.google.firebase:firebase-common:22.1.0] /opt/gradle/.gradle/caches/9.3.1/transforms/8934676c2ce3dae4c2df99411040b0e4/transformed/firebase-common-22.1.0/AndroidManifest.xml:24:13-77
250            android:authorities="com.panalink.app.firebaseinitprovider"
250-->[com.google.firebase:firebase-common:22.1.0] /opt/gradle/.gradle/caches/9.3.1/transforms/8934676c2ce3dae4c2df99411040b0e4/transformed/firebase-common-22.1.0/AndroidManifest.xml:25:13-72
251            android:directBootAware="true"
251-->[com.google.firebase:firebase-common:22.1.0] /opt/gradle/.gradle/caches/9.3.1/transforms/8934676c2ce3dae4c2df99411040b0e4/transformed/firebase-common-22.1.0/AndroidManifest.xml:26:13-43
252            android:exported="false"
252-->[com.google.firebase:firebase-common:22.1.0] /opt/gradle/.gradle/caches/9.3.1/transforms/8934676c2ce3dae4c2df99411040b0e4/transformed/firebase-common-22.1.0/AndroidManifest.xml:27:13-37
253            android:initOrder="100" />
253-->[com.google.firebase:firebase-common:22.1.0] /opt/gradle/.gradle/caches/9.3.1/transforms/8934676c2ce3dae4c2df99411040b0e4/transformed/firebase-common-22.1.0/AndroidManifest.xml:28:13-36
254
255        <service
255-->[androidx.room:room-runtime-android:2.7.0] /opt/gradle/.gradle/caches/9.3.1/transforms/9b0349e3e60a45dd8bb3ef3d953c1c8a/transformed/room-runtime-release/AndroidManifest.xml:24:9-28:63
256            android:name="androidx.room.MultiInstanceInvalidationService"
256-->[androidx.room:room-runtime-android:2.7.0] /opt/gradle/.gradle/caches/9.3.1/transforms/9b0349e3e60a45dd8bb3ef3d953c1c8a/transformed/room-runtime-release/AndroidManifest.xml:25:13-74
257            android:directBootAware="true"
257-->[androidx.room:room-runtime-android:2.7.0] /opt/gradle/.gradle/caches/9.3.1/transforms/9b0349e3e60a45dd8bb3ef3d953c1c8a/transformed/room-runtime-release/AndroidManifest.xml:26:13-43
258            android:exported="false" />
258-->[androidx.room:room-runtime-android:2.7.0] /opt/gradle/.gradle/caches/9.3.1/transforms/9b0349e3e60a45dd8bb3ef3d953c1c8a/transformed/room-runtime-release/AndroidManifest.xml:27:13-37
259        <service
259-->[androidx.work:work-runtime:2.9.1] /opt/gradle/.gradle/caches/9.3.1/transforms/75ddf909643bfbcee71825ed079020ca/transformed/work-runtime-2.9.1/AndroidManifest.xml:39:9-45:35
260            android:name="androidx.work.impl.background.systemalarm.SystemAlarmService"
260-->[androidx.work:work-runtime:2.9.1] /opt/gradle/.gradle/caches/9.3.1/transforms/75ddf909643bfbcee71825ed079020ca/transformed/work-runtime-2.9.1/AndroidManifest.xml:40:13-88
261            android:directBootAware="false"
261-->[androidx.work:work-runtime:2.9.1] /opt/gradle/.gradle/caches/9.3.1/transforms/75ddf909643bfbcee71825ed079020ca/transformed/work-runtime-2.9.1/AndroidManifest.xml:41:13-44
262            android:enabled="@bool/enable_system_alarm_service_default"
262-->[androidx.work:work-runtime:2.9.1] /opt/gradle/.gradle/caches/9.3.1/transforms/75ddf909643bfbcee71825ed079020ca/transformed/work-runtime-2.9.1/AndroidManifest.xml:42:13-72
263            android:exported="false" />
263-->[androidx.work:work-runtime:2.9.1] /opt/gradle/.gradle/caches/9.3.1/transforms/75ddf909643bfbcee71825ed079020ca/transformed/work-runtime-2.9.1/AndroidManifest.xml:43:13-37
264        <service
264-->[androidx.work:work-runtime:2.9.1] /opt/gradle/.gradle/caches/9.3.1/transforms/75ddf909643bfbcee71825ed079020ca/transformed/work-runtime-2.9.1/AndroidManifest.xml:46:9-52:35
265            android:name="androidx.work.impl.background.systemjob.SystemJobService"
265-->[androidx.work:work-runtime:2.9.1] /opt/gradle/.gradle/caches/9.3.1/transforms/75ddf909643bfbcee71825ed079020ca/transformed/work-runtime-2.9.1/AndroidManifest.xml:47:13-84
266            android:directBootAware="false"
266-->[androidx.work:work-runtime:2.9.1] /opt/gradle/.gradle/caches/9.3.1/transforms/75ddf909643bfbcee71825ed079020ca/transformed/work-runtime-2.9.1/AndroidManifest.xml:48:13-44
267            android:enabled="@bool/enable_system_job_service_default"
267-->[androidx.work:work-runtime:2.9.1] /opt/gradle/.gradle/caches/9.3.1/transforms/75ddf909643bfbcee71825ed079020ca/transformed/work-runtime-2.9.1/AndroidManifest.xml:49:13-70
268            android:exported="true"
268-->[androidx.work:work-runtime:2.9.1] /opt/gradle/.gradle/caches/9.3.1/transforms/75ddf909643bfbcee71825ed079020ca/transformed/work-runtime-2.9.1/AndroidManifest.xml:50:13-36
269            android:permission="android.permission.BIND_JOB_SERVICE" />
269-->[androidx.work:work-runtime:2.9.1] /opt/gradle/.gradle/caches/9.3.1/transforms/75ddf909643bfbcee71825ed079020ca/transformed/work-runtime-2.9.1/AndroidManifest.xml:51:13-69
270        <service
270-->[androidx.work:work-runtime:2.9.1] /opt/gradle/.gradle/caches/9.3.1/transforms/75ddf909643bfbcee71825ed079020ca/transformed/work-runtime-2.9.1/AndroidManifest.xml:53:9-59:35
271            android:name="androidx.work.impl.foreground.SystemForegroundService"
271-->[androidx.work:work-runtime:2.9.1] /opt/gradle/.gradle/caches/9.3.1/transforms/75ddf909643bfbcee71825ed079020ca/transformed/work-runtime-2.9.1/AndroidManifest.xml:54:13-81
272            android:directBootAware="false"
272-->[androidx.work:work-runtime:2.9.1] /opt/gradle/.gradle/caches/9.3.1/transforms/75ddf909643bfbcee71825ed079020ca/transformed/work-runtime-2.9.1/AndroidManifest.xml:55:13-44
273            android:enabled="@bool/enable_system_foreground_service_default"
273-->[androidx.work:work-runtime:2.9.1] /opt/gradle/.gradle/caches/9.3.1/transforms/75ddf909643bfbcee71825ed079020ca/transformed/work-runtime-2.9.1/AndroidManifest.xml:56:13-77
274            android:exported="false" />
274-->[androidx.work:work-runtime:2.9.1] /opt/gradle/.gradle/caches/9.3.1/transforms/75ddf909643bfbcee71825ed079020ca/transformed/work-runtime-2.9.1/AndroidManifest.xml:57:13-37
275
276        <receiver
276-->[androidx.work:work-runtime:2.9.1] /opt/gradle/.gradle/caches/9.3.1/transforms/75ddf909643bfbcee71825ed079020ca/transformed/work-runtime-2.9.1/AndroidManifest.xml:61:9-66:35
277            android:name="androidx.work.impl.utils.ForceStopRunnable$BroadcastReceiver"
277-->[androidx.work:work-runtime:2.9.1] /opt/gradle/.gradle/caches/9.3.1/transforms/75ddf909643bfbcee71825ed079020ca/transformed/work-runtime-2.9.1/AndroidManifest.xml:62:13-88
278            android:directBootAware="false"
278-->[androidx.work:work-runtime:2.9.1] /opt/gradle/.gradle/caches/9.3.1/transforms/75ddf909643bfbcee71825ed079020ca/transformed/work-runtime-2.9.1/AndroidManifest.xml:63:13-44
279            android:enabled="true"
279-->[androidx.work:work-runtime:2.9.1] /opt/gradle/.gradle/caches/9.3.1/transforms/75ddf909643bfbcee71825ed079020ca/transformed/work-runtime-2.9.1/AndroidManifest.xml:64:13-35
280            android:exported="false" />
280-->[androidx.work:work-runtime:2.9.1] /opt/gradle/.gradle/caches/9.3.1/transforms/75ddf909643bfbcee71825ed079020ca/transformed/work-runtime-2.9.1/AndroidManifest.xml:65:13-37
281        <receiver
281-->[androidx.work:work-runtime:2.9.1] /opt/gradle/.gradle/caches/9.3.1/transforms/75ddf909643bfbcee71825ed079020ca/transformed/work-runtime-2.9.1/AndroidManifest.xml:67:9-77:20
282            android:name="androidx.work.impl.background.systemalarm.ConstraintProxy$BatteryChargingProxy"
282-->[androidx.work:work-runtime:2.9.1] /opt/gradle/.gradle/caches/9.3.1/transforms/75ddf909643bfbcee71825ed079020ca/transformed/work-runtime-2.9.1/AndroidManifest.xml:68:13-106
283            android:directBootAware="false"
283-->[androidx.work:work-runtime:2.9.1] /opt/gradle/.gradle/caches/9.3.1/transforms/75ddf909643bfbcee71825ed079020ca/transformed/work-runtime-2.9.1/AndroidManifest.xml:69:13-44
284            android:enabled="false"
284-->[androidx.work:work-runtime:2.9.1] /opt/gradle/.gradle/caches/9.3.1/transforms/75ddf909643bfbcee71825ed079020ca/transformed/work-runtime-2.9.1/AndroidManifest.xml:70:13-36
285            android:exported="false" >
285-->[androidx.work:work-runtime:2.9.1] /opt/gradle/.gradle/caches/9.3.1/transforms/75ddf909643bfbcee71825ed079020ca/transformed/work-runtime-2.9.1/AndroidManifest.xml:71:13-37
286            <intent-filter>
286-->[androidx.work:work-runtime:2.9.1] /opt/gradle/.gradle/caches/9.3.1/transforms/75ddf909643bfbcee71825ed079020ca/transformed/work-runtime-2.9.1/AndroidManifest.xml:73:13-76:29
287                <action android:name="android.intent.action.ACTION_POWER_CONNECTED" />
287-->[androidx.work:work-runtime:2.9.1] /opt/gradle/.gradle/caches/9.3.1/transforms/75ddf909643bfbcee71825ed079020ca/transformed/work-runtime-2.9.1/AndroidManifest.xml:74:17-87
287-->[androidx.work:work-runtime:2.9.1] /opt/gradle/.gradle/caches/9.3.1/transforms/75ddf909643bfbcee71825ed079020ca/transformed/work-runtime-2.9.1/AndroidManifest.xml:74:25-84
288                <action android:name="android.intent.action.ACTION_POWER_DISCONNECTED" />
288-->[androidx.work:work-runtime:2.9.1] /opt/gradle/.gradle/caches/9.3.1/transforms/75ddf909643bfbcee71825ed079020ca/transformed/work-runtime-2.9.1/AndroidManifest.xml:75:17-90
288-->[androidx.work:work-runtime:2.9.1] /opt/gradle/.gradle/caches/9.3.1/transforms/75ddf909643bfbcee71825ed079020ca/transformed/work-runtime-2.9.1/AndroidManifest.xml:75:25-87
289            </intent-filter>
290        </receiver>
291        <receiver
291-->[androidx.work:work-runtime:2.9.1] /opt/gradle/.gradle/caches/9.3.1/transforms/75ddf909643bfbcee71825ed079020ca/transformed/work-runtime-2.9.1/AndroidManifest.xml:78:9-88:20
292            android:name="androidx.work.impl.background.systemalarm.ConstraintProxy$BatteryNotLowProxy"
292-->[androidx.work:work-runtime:2.9.1] /opt/gradle/.gradle/caches/9.3.1/transforms/75ddf909643bfbcee71825ed079020ca/transformed/work-runtime-2.9.1/AndroidManifest.xml:79:13-104
293            android:directBootAware="false"
293-->[androidx.work:work-runtime:2.9.1] /opt/gradle/.gradle/caches/9.3.1/transforms/75ddf909643bfbcee71825ed079020ca/transformed/work-runtime-2.9.1/AndroidManifest.xml:80:13-44
294            android:enabled="false"
294-->[androidx.work:work-runtime:2.9.1] /opt/gradle/.gradle/caches/9.3.1/transforms/75ddf909643bfbcee71825ed079020ca/transformed/work-runtime-2.9.1/AndroidManifest.xml:81:13-36
295            android:exported="false" >
295-->[androidx.work:work-runtime:2.9.1] /opt/gradle/.gradle/caches/9.3.1/transforms/75ddf909643bfbcee71825ed079020ca/transformed/work-runtime-2.9.1/AndroidManifest.xml:82:13-37
296            <intent-filter>
296-->[androidx.work:work-runtime:2.9.1] /opt/gradle/.gradle/caches/9.3.1/transforms/75ddf909643bfbcee71825ed079020ca/transformed/work-runtime-2.9.1/AndroidManifest.xml:84:13-87:29
297                <action android:name="android.intent.action.BATTERY_OKAY" />
297-->[androidx.work:work-runtime:2.9.1] /opt/gradle/.gradle/caches/9.3.1/transforms/75ddf909643bfbcee71825ed079020ca/transformed/work-runtime-2.9.1/AndroidManifest.xml:85:17-77
297-->[androidx.work:work-runtime:2.9.1] /opt/gradle/.gradle/caches/9.3.1/transforms/75ddf909643bfbcee71825ed079020ca/transformed/work-runtime-2.9.1/AndroidManifest.xml:85:25-74
298                <action android:name="android.intent.action.BATTERY_LOW" />
298-->[androidx.work:work-runtime:2.9.1] /opt/gradle/.gradle/caches/9.3.1/transforms/75ddf909643bfbcee71825ed079020ca/transformed/work-runtime-2.9.1/AndroidManifest.xml:86:17-76
298-->[androidx.work:work-runtime:2.9.1] /opt/gradle/.gradle/caches/9.3.1/transforms/75ddf909643bfbcee71825ed079020ca/transformed/work-runtime-2.9.1/AndroidManifest.xml:86:25-73
299            </intent-filter>
300        </receiver>
301        <receiver
301-->[androidx.work:work-runtime:2.9.1] /opt/gradle/.gradle/caches/9.3.1/transforms/75ddf909643bfbcee71825ed079020ca/transformed/work-runtime-2.9.1/AndroidManifest.xml:89:9-99:20
302            android:name="androidx.work.impl.background.systemalarm.ConstraintProxy$StorageNotLowProxy"
302-->[androidx.work:work-runtime:2.9.1] /opt/gradle/.gradle/caches/9.3.1/transforms/75ddf909643bfbcee71825ed079020ca/transformed/work-runtime-2.9.1/AndroidManifest.xml:90:13-104
303            android:directBootAware="false"
303-->[androidx.work:work-runtime:2.9.1] /opt/gradle/.gradle/caches/9.3.1/transforms/75ddf909643bfbcee71825ed079020ca/transformed/work-runtime-2.9.1/AndroidManifest.xml:91:13-44
304            android:enabled="false"
304-->[androidx.work:work-runtime:2.9.1] /opt/gradle/.gradle/caches/9.3.1/transforms/75ddf909643bfbcee71825ed079020ca/transformed/work-runtime-2.9.1/AndroidManifest.xml:92:13-36
305            android:exported="false" >
305-->[androidx.work:work-runtime:2.9.1] /opt/gradle/.gradle/caches/9.3.1/transforms/75ddf909643bfbcee71825ed079020ca/transformed/work-runtime-2.9.1/AndroidManifest.xml:93:13-37
306            <intent-filter>
306-->[androidx.work:work-runtime:2.9.1] /opt/gradle/.gradle/caches/9.3.1/transforms/75ddf909643bfbcee71825ed079020ca/transformed/work-runtime-2.9.1/AndroidManifest.xml:95:13-98:29
307                <action android:name="android.intent.action.DEVICE_STORAGE_LOW" />
307-->[androidx.work:work-runtime:2.9.1] /opt/gradle/.gradle/caches/9.3.1/transforms/75ddf909643bfbcee71825ed079020ca/transformed/work-runtime-2.9.1/AndroidManifest.xml:96:17-83
307-->[androidx.work:work-runtime:2.9.1] /opt/gradle/.gradle/caches/9.3.1/transforms/75ddf909643bfbcee71825ed079020ca/transformed/work-runtime-2.9.1/AndroidManifest.xml:96:25-80
308                <action android:name="android.intent.action.DEVICE_STORAGE_OK" />
308-->[androidx.work:work-runtime:2.9.1] /opt/gradle/.gradle/caches/9.3.1/transforms/75ddf909643bfbcee71825ed079020ca/transformed/work-runtime-2.9.1/AndroidManifest.xml:97:17-82
308-->[androidx.work:work-runtime:2.9.1] /opt/gradle/.gradle/caches/9.3.1/transforms/75ddf909643bfbcee71825ed079020ca/transformed/work-runtime-2.9.1/AndroidManifest.xml:97:25-79
309            </intent-filter>
310        </receiver>
311        <receiver
311-->[androidx.work:work-runtime:2.9.1] /opt/gradle/.gradle/caches/9.3.1/transforms/75ddf909643bfbcee71825ed079020ca/transformed/work-runtime-2.9.1/AndroidManifest.xml:100:9-109:20
312            android:name="androidx.work.impl.background.systemalarm.ConstraintProxy$NetworkStateProxy"
312-->[androidx.work:work-runtime:2.9.1] /opt/gradle/.gradle/caches/9.3.1/transforms/75ddf909643bfbcee71825ed079020ca/transformed/work-runtime-2.9.1/AndroidManifest.xml:101:13-103
313            android:directBootAware="false"
313-->[androidx.work:work-runtime:2.9.1] /opt/gradle/.gradle/caches/9.3.1/transforms/75ddf909643bfbcee71825ed079020ca/transformed/work-runtime-2.9.1/AndroidManifest.xml:102:13-44
314            android:enabled="false"
314-->[androidx.work:work-runtime:2.9.1] /opt/gradle/.gradle/caches/9.3.1/transforms/75ddf909643bfbcee71825ed079020ca/transformed/work-runtime-2.9.1/AndroidManifest.xml:103:13-36
315            android:exported="false" >
315-->[androidx.work:work-runtime:2.9.1] /opt/gradle/.gradle/caches/9.3.1/transforms/75ddf909643bfbcee71825ed079020ca/transformed/work-runtime-2.9.1/AndroidManifest.xml:104:13-37
316            <intent-filter>
316-->[androidx.work:work-runtime:2.9.1] /opt/gradle/.gradle/caches/9.3.1/transforms/75ddf909643bfbcee71825ed079020ca/transformed/work-runtime-2.9.1/AndroidManifest.xml:106:13-108:29
317                <action android:name="android.net.conn.CONNECTIVITY_CHANGE" />
317-->[androidx.work:work-runtime:2.9.1] /opt/gradle/.gradle/caches/9.3.1/transforms/75ddf909643bfbcee71825ed079020ca/transformed/work-runtime-2.9.1/AndroidManifest.xml:107:17-79
317-->[androidx.work:work-runtime:2.9.1] /opt/gradle/.gradle/caches/9.3.1/transforms/75ddf909643bfbcee71825ed079020ca/transformed/work-runtime-2.9.1/AndroidManifest.xml:107:25-76
318            </intent-filter>
319        </receiver>
320        <receiver
320-->[androidx.work:work-runtime:2.9.1] /opt/gradle/.gradle/caches/9.3.1/transforms/75ddf909643bfbcee71825ed079020ca/transformed/work-runtime-2.9.1/AndroidManifest.xml:110:9-121:20
321            android:name="androidx.work.impl.background.systemalarm.RescheduleReceiver"
321-->[androidx.work:work-runtime:2.9.1] /opt/gradle/.gradle/caches/9.3.1/transforms/75ddf909643bfbcee71825ed079020ca/transformed/work-runtime-2.9.1/AndroidManifest.xml:111:13-88
322            android:directBootAware="false"
322-->[androidx.work:work-runtime:2.9.1] /opt/gradle/.gradle/caches/9.3.1/transforms/75ddf909643bfbcee71825ed079020ca/transformed/work-runtime-2.9.1/AndroidManifest.xml:112:13-44
323            android:enabled="false"
323-->[androidx.work:work-runtime:2.9.1] /opt/gradle/.gradle/caches/9.3.1/transforms/75ddf909643bfbcee71825ed079020ca/transformed/work-runtime-2.9.1/AndroidManifest.xml:113:13-36
324            android:exported="false" >
324-->[androidx.work:work-runtime:2.9.1] /opt/gradle/.gradle/caches/9.3.1/transforms/75ddf909643bfbcee71825ed079020ca/transformed/work-runtime-2.9.1/AndroidManifest.xml:114:13-37
325            <intent-filter>
325-->[androidx.work:work-runtime:2.9.1] /opt/gradle/.gradle/caches/9.3.1/transforms/75ddf909643bfbcee71825ed079020ca/transformed/work-runtime-2.9.1/AndroidManifest.xml:116:13-120:29
326                <action android:name="android.intent.action.BOOT_COMPLETED" />
326-->[androidx.work:work-runtime:2.9.1] /opt/gradle/.gradle/caches/9.3.1/transforms/75ddf909643bfbcee71825ed079020ca/transformed/work-runtime-2.9.1/AndroidManifest.xml:117:17-79
326-->[androidx.work:work-runtime:2.9.1] /opt/gradle/.gradle/caches/9.3.1/transforms/75ddf909643bfbcee71825ed079020ca/transformed/work-runtime-2.9.1/AndroidManifest.xml:117:25-76
327                <action android:name="android.intent.action.TIME_SET" />
327-->[androidx.work:work-runtime:2.9.1] /opt/gradle/.gradle/caches/9.3.1/transforms/75ddf909643bfbcee71825ed079020ca/transformed/work-runtime-2.9.1/AndroidManifest.xml:118:17-73
327-->[androidx.work:work-runtime:2.9.1] /opt/gradle/.gradle/caches/9.3.1/transforms/75ddf909643bfbcee71825ed079020ca/transformed/work-runtime-2.9.1/AndroidManifest.xml:118:25-70
328                <action android:name="android.intent.action.TIMEZONE_CHANGED" />
328-->[androidx.work:work-runtime:2.9.1] /opt/gradle/.gradle/caches/9.3.1/transforms/75ddf909643bfbcee71825ed079020ca/transformed/work-runtime-2.9.1/AndroidManifest.xml:119:17-81
328-->[androidx.work:work-runtime:2.9.1] /opt/gradle/.gradle/caches/9.3.1/transforms/75ddf909643bfbcee71825ed079020ca/transformed/work-runtime-2.9.1/AndroidManifest.xml:119:25-78
329            </intent-filter>
330        </receiver>
331        <receiver
331-->[androidx.work:work-runtime:2.9.1] /opt/gradle/.gradle/caches/9.3.1/transforms/75ddf909643bfbcee71825ed079020ca/transformed/work-runtime-2.9.1/AndroidManifest.xml:122:9-131:20
332            android:name="androidx.work.impl.background.systemalarm.ConstraintProxyUpdateReceiver"
332-->[androidx.work:work-runtime:2.9.1] /opt/gradle/.gradle/caches/9.3.1/transforms/75ddf909643bfbcee71825ed079020ca/transformed/work-runtime-2.9.1/AndroidManifest.xml:123:13-99
333            android:directBootAware="false"
333-->[androidx.work:work-runtime:2.9.1] /opt/gradle/.gradle/caches/9.3.1/transforms/75ddf909643bfbcee71825ed079020ca/transformed/work-runtime-2.9.1/AndroidManifest.xml:124:13-44
334            android:enabled="@bool/enable_system_alarm_service_default"
334-->[androidx.work:work-runtime:2.9.1] /opt/gradle/.gradle/caches/9.3.1/transforms/75ddf909643bfbcee71825ed079020ca/transformed/work-runtime-2.9.1/AndroidManifest.xml:125:13-72
335            android:exported="false" >
335-->[androidx.work:work-runtime:2.9.1] /opt/gradle/.gradle/caches/9.3.1/transforms/75ddf909643bfbcee71825ed079020ca/transformed/work-runtime-2.9.1/AndroidManifest.xml:126:13-37
336            <intent-filter>
336-->[androidx.work:work-runtime:2.9.1] /opt/gradle/.gradle/caches/9.3.1/transforms/75ddf909643bfbcee71825ed079020ca/transformed/work-runtime-2.9.1/AndroidManifest.xml:128:13-130:29
337                <action android:name="androidx.work.impl.background.systemalarm.UpdateProxies" />
337-->[androidx.work:work-runtime:2.9.1] /opt/gradle/.gradle/caches/9.3.1/transforms/75ddf909643bfbcee71825ed079020ca/transformed/work-runtime-2.9.1/AndroidManifest.xml:129:17-98
337-->[androidx.work:work-runtime:2.9.1] /opt/gradle/.gradle/caches/9.3.1/transforms/75ddf909643bfbcee71825ed079020ca/transformed/work-runtime-2.9.1/AndroidManifest.xml:129:25-95
338            </intent-filter>
339        </receiver>
340        <receiver
340-->[androidx.work:work-runtime:2.9.1] /opt/gradle/.gradle/caches/9.3.1/transforms/75ddf909643bfbcee71825ed079020ca/transformed/work-runtime-2.9.1/AndroidManifest.xml:132:9-142:20
341            android:name="androidx.work.impl.diagnostics.DiagnosticsReceiver"
341-->[androidx.work:work-runtime:2.9.1] /opt/gradle/.gradle/caches/9.3.1/transforms/75ddf909643bfbcee71825ed079020ca/transformed/work-runtime-2.9.1/AndroidManifest.xml:133:13-78
342            android:directBootAware="false"
342-->[androidx.work:work-runtime:2.9.1] /opt/gradle/.gradle/caches/9.3.1/transforms/75ddf909643bfbcee71825ed079020ca/transformed/work-runtime-2.9.1/AndroidManifest.xml:134:13-44
343            android:enabled="true"
343-->[androidx.work:work-runtime:2.9.1] /opt/gradle/.gradle/caches/9.3.1/transforms/75ddf909643bfbcee71825ed079020ca/transformed/work-runtime-2.9.1/AndroidManifest.xml:135:13-35
344            android:exported="true"
344-->[androidx.work:work-runtime:2.9.1] /opt/gradle/.gradle/caches/9.3.1/transforms/75ddf909643bfbcee71825ed079020ca/transformed/work-runtime-2.9.1/AndroidManifest.xml:136:13-36
345            android:permission="android.permission.DUMP" >
345-->[androidx.work:work-runtime:2.9.1] /opt/gradle/.gradle/caches/9.3.1/transforms/75ddf909643bfbcee71825ed079020ca/transformed/work-runtime-2.9.1/AndroidManifest.xml:137:13-57
346            <intent-filter>
346-->[androidx.work:work-runtime:2.9.1] /opt/gradle/.gradle/caches/9.3.1/transforms/75ddf909643bfbcee71825ed079020ca/transformed/work-runtime-2.9.1/AndroidManifest.xml:139:13-141:29
347                <action android:name="androidx.work.diagnostics.REQUEST_DIAGNOSTICS" />
347-->[androidx.work:work-runtime:2.9.1] /opt/gradle/.gradle/caches/9.3.1/transforms/75ddf909643bfbcee71825ed079020ca/transformed/work-runtime-2.9.1/AndroidManifest.xml:140:17-88
347-->[androidx.work:work-runtime:2.9.1] /opt/gradle/.gradle/caches/9.3.1/transforms/75ddf909643bfbcee71825ed079020ca/transformed/work-runtime-2.9.1/AndroidManifest.xml:140:25-85
348            </intent-filter>
349        </receiver>
350
351        <activity
351-->[io.github.takahirom.roborazzi:roborazzi:1.59.0] /opt/gradle/.gradle/caches/9.3.1/transforms/55cedfb178fb3be353049267d33be1a5/transformed/roborazzi-1.59.0/AndroidManifest.xml:8:9-10:64
352            android:name="com.github.takahirom.roborazzi.RoborazziTransparentActivity"
352-->[io.github.takahirom.roborazzi:roborazzi:1.59.0] /opt/gradle/.gradle/caches/9.3.1/transforms/55cedfb178fb3be353049267d33be1a5/transformed/roborazzi-1.59.0/AndroidManifest.xml:9:13-87
353            android:theme="@style/RoborazziTransparentTheme" />
353-->[io.github.takahirom.roborazzi:roborazzi:1.59.0] /opt/gradle/.gradle/caches/9.3.1/transforms/55cedfb178fb3be353049267d33be1a5/transformed/roborazzi-1.59.0/AndroidManifest.xml:10:13-61
354        <activity android:name="com.github.takahirom.roborazzi.RoborazziActivity" />
354-->[io.github.takahirom.roborazzi:roborazzi:1.59.0] /opt/gradle/.gradle/caches/9.3.1/transforms/55cedfb178fb3be353049267d33be1a5/transformed/roborazzi-1.59.0/AndroidManifest.xml:11:9-85
354-->[io.github.takahirom.roborazzi:roborazzi:1.59.0] /opt/gradle/.gradle/caches/9.3.1/transforms/55cedfb178fb3be353049267d33be1a5/transformed/roborazzi-1.59.0/AndroidManifest.xml:11:19-82
355        <activity
355-->[androidx.compose.ui:ui-test-manifest:1.7.2] /opt/gradle/.gradle/caches/9.3.1/transforms/0e082cb83885b21aa6a713bf39674ec4/transformed/ui-test-manifest-1.7.2/AndroidManifest.xml:23:9-25:39
356            android:name="androidx.activity.ComponentActivity"
356-->[androidx.compose.ui:ui-test-manifest:1.7.2] /opt/gradle/.gradle/caches/9.3.1/transforms/0e082cb83885b21aa6a713bf39674ec4/transformed/ui-test-manifest-1.7.2/AndroidManifest.xml:24:13-63
357            android:exported="true" />
357-->[androidx.compose.ui:ui-test-manifest:1.7.2] /opt/gradle/.gradle/caches/9.3.1/transforms/0e082cb83885b21aa6a713bf39674ec4/transformed/ui-test-manifest-1.7.2/AndroidManifest.xml:25:13-36
358        <activity
358-->[androidx.compose.ui:ui-tooling-android:1.7.2] /opt/gradle/.gradle/caches/9.3.1/transforms/d8a6219befa9fbb9e26f0d2a9139d8f1/transformed/ui-tooling-release/AndroidManifest.xml:23:9-25:39
359            android:name="androidx.compose.ui.tooling.PreviewActivity"
359-->[androidx.compose.ui:ui-tooling-android:1.7.2] /opt/gradle/.gradle/caches/9.3.1/transforms/d8a6219befa9fbb9e26f0d2a9139d8f1/transformed/ui-tooling-release/AndroidManifest.xml:24:13-71
360            android:exported="true" />
360-->[androidx.compose.ui:ui-tooling-android:1.7.2] /opt/gradle/.gradle/caches/9.3.1/transforms/d8a6219befa9fbb9e26f0d2a9139d8f1/transformed/ui-tooling-release/AndroidManifest.xml:25:13-36
361        <activity
361-->[androidx.test:core:1.7.0] /opt/gradle/.gradle/caches/9.3.1/transforms/af7b12f17668fbc3d27152af0ebda415/transformed/core-1.7.0/AndroidManifest.xml:27:9-34:20
362            android:name="androidx.test.core.app.InstrumentationActivityInvoker$BootstrapActivity"
362-->[androidx.test:core:1.7.0] /opt/gradle/.gradle/caches/9.3.1/transforms/af7b12f17668fbc3d27152af0ebda415/transformed/core-1.7.0/AndroidManifest.xml:28:13-99
363            android:exported="true"
363-->[androidx.test:core:1.7.0] /opt/gradle/.gradle/caches/9.3.1/transforms/af7b12f17668fbc3d27152af0ebda415/transformed/core-1.7.0/AndroidManifest.xml:29:13-36
364            android:theme="@style/WhiteBackgroundTheme" >
364-->[androidx.test:core:1.7.0] /opt/gradle/.gradle/caches/9.3.1/transforms/af7b12f17668fbc3d27152af0ebda415/transformed/core-1.7.0/AndroidManifest.xml:30:13-56
365            <intent-filter android:priority="-100" >
365-->[androidx.test:core:1.7.0] /opt/gradle/.gradle/caches/9.3.1/transforms/af7b12f17668fbc3d27152af0ebda415/transformed/core-1.7.0/AndroidManifest.xml:31:13-33:29
365-->[androidx.test:core:1.7.0] /opt/gradle/.gradle/caches/9.3.1/transforms/af7b12f17668fbc3d27152af0ebda415/transformed/core-1.7.0/AndroidManifest.xml:31:28-51
366                <category android:name="android.intent.category.LAUNCHER" />
366-->/app/applet/app/build/intermediates/tmp/manifest/test/debug/tempFile2ProcessTestManifest1278857458957041651.xml:91:17-77
366-->/app/applet/app/build/intermediates/tmp/manifest/test/debug/tempFile2ProcessTestManifest1278857458957041651.xml:91:27-74
367            </intent-filter>
368        </activity>
369        <activity
369-->[androidx.test:core:1.7.0] /opt/gradle/.gradle/caches/9.3.1/transforms/af7b12f17668fbc3d27152af0ebda415/transformed/core-1.7.0/AndroidManifest.xml:35:9-42:20
370            android:name="androidx.test.core.app.InstrumentationActivityInvoker$EmptyActivity"
370-->[androidx.test:core:1.7.0] /opt/gradle/.gradle/caches/9.3.1/transforms/af7b12f17668fbc3d27152af0ebda415/transformed/core-1.7.0/AndroidManifest.xml:36:13-95
371            android:exported="true"
371-->[androidx.test:core:1.7.0] /opt/gradle/.gradle/caches/9.3.1/transforms/af7b12f17668fbc3d27152af0ebda415/transformed/core-1.7.0/AndroidManifest.xml:37:13-36
372            android:theme="@style/WhiteBackgroundTheme" >
372-->[androidx.test:core:1.7.0] /opt/gradle/.gradle/caches/9.3.1/transforms/af7b12f17668fbc3d27152af0ebda415/transformed/core-1.7.0/AndroidManifest.xml:38:13-56
373            <intent-filter android:priority="-100" >
373-->[androidx.test:core:1.7.0] /opt/gradle/.gradle/caches/9.3.1/transforms/af7b12f17668fbc3d27152af0ebda415/transformed/core-1.7.0/AndroidManifest.xml:31:13-33:29
373-->[androidx.test:core:1.7.0] /opt/gradle/.gradle/caches/9.3.1/transforms/af7b12f17668fbc3d27152af0ebda415/transformed/core-1.7.0/AndroidManifest.xml:31:28-51
374                <category android:name="android.intent.category.LAUNCHER" />
374-->/app/applet/app/build/intermediates/tmp/manifest/test/debug/tempFile2ProcessTestManifest1278857458957041651.xml:91:17-77
374-->/app/applet/app/build/intermediates/tmp/manifest/test/debug/tempFile2ProcessTestManifest1278857458957041651.xml:91:27-74
375            </intent-filter>
376        </activity>
377        <activity
377-->[androidx.test:core:1.7.0] /opt/gradle/.gradle/caches/9.3.1/transforms/af7b12f17668fbc3d27152af0ebda415/transformed/core-1.7.0/AndroidManifest.xml:43:9-50:20
378            android:name="androidx.test.core.app.InstrumentationActivityInvoker$EmptyFloatingActivity"
378-->[androidx.test:core:1.7.0] /opt/gradle/.gradle/caches/9.3.1/transforms/af7b12f17668fbc3d27152af0ebda415/transformed/core-1.7.0/AndroidManifest.xml:44:13-103
379            android:exported="true"
379-->[androidx.test:core:1.7.0] /opt/gradle/.gradle/caches/9.3.1/transforms/af7b12f17668fbc3d27152af0ebda415/transformed/core-1.7.0/AndroidManifest.xml:45:13-36
380            android:theme="@style/WhiteBackgroundDialogTheme" >
380-->[androidx.test:core:1.7.0] /opt/gradle/.gradle/caches/9.3.1/transforms/af7b12f17668fbc3d27152af0ebda415/transformed/core-1.7.0/AndroidManifest.xml:46:13-62
381            <intent-filter android:priority="-100" >
381-->[androidx.test:core:1.7.0] /opt/gradle/.gradle/caches/9.3.1/transforms/af7b12f17668fbc3d27152af0ebda415/transformed/core-1.7.0/AndroidManifest.xml:31:13-33:29
381-->[androidx.test:core:1.7.0] /opt/gradle/.gradle/caches/9.3.1/transforms/af7b12f17668fbc3d27152af0ebda415/transformed/core-1.7.0/AndroidManifest.xml:31:28-51
382                <category android:name="android.intent.category.LAUNCHER" />
382-->/app/applet/app/build/intermediates/tmp/manifest/test/debug/tempFile2ProcessTestManifest1278857458957041651.xml:91:17-77
382-->/app/applet/app/build/intermediates/tmp/manifest/test/debug/tempFile2ProcessTestManifest1278857458957041651.xml:91:27-74
383            </intent-filter>
384        </activity>
385
386        <receiver
386-->[androidx.profileinstaller:profileinstaller:1.4.0] /opt/gradle/.gradle/caches/9.3.1/transforms/669ae4172aae5024bff3af205b0e2225/transformed/profileinstaller-1.4.0/AndroidManifest.xml:34:9-52:20
387            android:name="androidx.profileinstaller.ProfileInstallReceiver"
387-->[androidx.profileinstaller:profileinstaller:1.4.0] /opt/gradle/.gradle/caches/9.3.1/transforms/669ae4172aae5024bff3af205b0e2225/transformed/profileinstaller-1.4.0/AndroidManifest.xml:35:13-76
388            android:directBootAware="false"
388-->[androidx.profileinstaller:profileinstaller:1.4.0] /opt/gradle/.gradle/caches/9.3.1/transforms/669ae4172aae5024bff3af205b0e2225/transformed/profileinstaller-1.4.0/AndroidManifest.xml:36:13-44
389            android:enabled="true"
389-->[androidx.profileinstaller:profileinstaller:1.4.0] /opt/gradle/.gradle/caches/9.3.1/transforms/669ae4172aae5024bff3af205b0e2225/transformed/profileinstaller-1.4.0/AndroidManifest.xml:37:13-35
390            android:exported="true"
390-->[androidx.profileinstaller:profileinstaller:1.4.0] /opt/gradle/.gradle/caches/9.3.1/transforms/669ae4172aae5024bff3af205b0e2225/transformed/profileinstaller-1.4.0/AndroidManifest.xml:38:13-36
391            android:permission="android.permission.DUMP" >
391-->[androidx.profileinstaller:profileinstaller:1.4.0] /opt/gradle/.gradle/caches/9.3.1/transforms/669ae4172aae5024bff3af205b0e2225/transformed/profileinstaller-1.4.0/AndroidManifest.xml:39:13-57
392            <intent-filter>
392-->[androidx.profileinstaller:profileinstaller:1.4.0] /opt/gradle/.gradle/caches/9.3.1/transforms/669ae4172aae5024bff3af205b0e2225/transformed/profileinstaller-1.4.0/AndroidManifest.xml:40:13-42:29
393                <action android:name="androidx.profileinstaller.action.INSTALL_PROFILE" />
393-->[androidx.profileinstaller:profileinstaller:1.4.0] /opt/gradle/.gradle/caches/9.3.1/transforms/669ae4172aae5024bff3af205b0e2225/transformed/profileinstaller-1.4.0/AndroidManifest.xml:41:17-91
393-->[androidx.profileinstaller:profileinstaller:1.4.0] /opt/gradle/.gradle/caches/9.3.1/transforms/669ae4172aae5024bff3af205b0e2225/transformed/profileinstaller-1.4.0/AndroidManifest.xml:41:25-88
394            </intent-filter>
395            <intent-filter>
395-->[androidx.profileinstaller:profileinstaller:1.4.0] /opt/gradle/.gradle/caches/9.3.1/transforms/669ae4172aae5024bff3af205b0e2225/transformed/profileinstaller-1.4.0/AndroidManifest.xml:43:13-45:29
396                <action android:name="androidx.profileinstaller.action.SKIP_FILE" />
396-->[androidx.profileinstaller:profileinstaller:1.4.0] /opt/gradle/.gradle/caches/9.3.1/transforms/669ae4172aae5024bff3af205b0e2225/transformed/profileinstaller-1.4.0/AndroidManifest.xml:44:17-85
396-->[androidx.profileinstaller:profileinstaller:1.4.0] /opt/gradle/.gradle/caches/9.3.1/transforms/669ae4172aae5024bff3af205b0e2225/transformed/profileinstaller-1.4.0/AndroidManifest.xml:44:25-82
397            </intent-filter>
398            <intent-filter>
398-->[androidx.profileinstaller:profileinstaller:1.4.0] /opt/gradle/.gradle/caches/9.3.1/transforms/669ae4172aae5024bff3af205b0e2225/transformed/profileinstaller-1.4.0/AndroidManifest.xml:46:13-48:29
399                <action android:name="androidx.profileinstaller.action.SAVE_PROFILE" />
399-->[androidx.profileinstaller:profileinstaller:1.4.0] /opt/gradle/.gradle/caches/9.3.1/transforms/669ae4172aae5024bff3af205b0e2225/transformed/profileinstaller-1.4.0/AndroidManifest.xml:47:17-88
399-->[androidx.profileinstaller:profileinstaller:1.4.0] /opt/gradle/.gradle/caches/9.3.1/transforms/669ae4172aae5024bff3af205b0e2225/transformed/profileinstaller-1.4.0/AndroidManifest.xml:47:25-85
400            </intent-filter>
401            <intent-filter>
401-->[androidx.profileinstaller:profileinstaller:1.4.0] /opt/gradle/.gradle/caches/9.3.1/transforms/669ae4172aae5024bff3af205b0e2225/transformed/profileinstaller-1.4.0/AndroidManifest.xml:49:13-51:29
402                <action android:name="androidx.profileinstaller.action.BENCHMARK_OPERATION" />
402-->[androidx.profileinstaller:profileinstaller:1.4.0] /opt/gradle/.gradle/caches/9.3.1/transforms/669ae4172aae5024bff3af205b0e2225/transformed/profileinstaller-1.4.0/AndroidManifest.xml:50:17-95
402-->[androidx.profileinstaller:profileinstaller:1.4.0] /opt/gradle/.gradle/caches/9.3.1/transforms/669ae4172aae5024bff3af205b0e2225/transformed/profileinstaller-1.4.0/AndroidManifest.xml:50:25-92
403            </intent-filter>
404        </receiver>
405
406        <meta-data
406-->[com.google.android.gms:play-services-basement:18.9.0] /opt/gradle/.gradle/caches/9.3.1/transforms/6e993f303a252d812a914b79c54d64ee/transformed/play-services-basement-18.9.0/AndroidManifest.xml:21:9-23:69
407            android:name="com.google.android.gms.version"
407-->[com.google.android.gms:play-services-basement:18.9.0] /opt/gradle/.gradle/caches/9.3.1/transforms/6e993f303a252d812a914b79c54d64ee/transformed/play-services-basement-18.9.0/AndroidManifest.xml:22:13-58
408            android:value="@integer/google_play_services_version" />
408-->[com.google.android.gms:play-services-basement:18.9.0] /opt/gradle/.gradle/caches/9.3.1/transforms/6e993f303a252d812a914b79c54d64ee/transformed/play-services-basement-18.9.0/AndroidManifest.xml:23:13-66
409
410        <service
410-->[com.google.android.datatransport:transport-backend-cct:3.1.9] /opt/gradle/.gradle/caches/9.3.1/transforms/a65672c612567a597675fd924424a8e4/transformed/transport-backend-cct-3.1.9/AndroidManifest.xml:28:9-34:19
411            android:name="com.google.android.datatransport.runtime.backends.TransportBackendDiscovery"
411-->[com.google.android.datatransport:transport-backend-cct:3.1.9] /opt/gradle/.gradle/caches/9.3.1/transforms/a65672c612567a597675fd924424a8e4/transformed/transport-backend-cct-3.1.9/AndroidManifest.xml:29:13-103
412            android:exported="false" >
412-->[com.google.android.datatransport:transport-backend-cct:3.1.9] /opt/gradle/.gradle/caches/9.3.1/transforms/a65672c612567a597675fd924424a8e4/transformed/transport-backend-cct-3.1.9/AndroidManifest.xml:30:13-37
413            <meta-data
413-->[com.google.android.datatransport:transport-backend-cct:3.1.9] /opt/gradle/.gradle/caches/9.3.1/transforms/a65672c612567a597675fd924424a8e4/transformed/transport-backend-cct-3.1.9/AndroidManifest.xml:31:13-33:39
414                android:name="backend:com.google.android.datatransport.cct.CctBackendFactory"
414-->[com.google.android.datatransport:transport-backend-cct:3.1.9] /opt/gradle/.gradle/caches/9.3.1/transforms/a65672c612567a597675fd924424a8e4/transformed/transport-backend-cct-3.1.9/AndroidManifest.xml:32:17-94
415                android:value="cct" />
415-->[com.google.android.datatransport:transport-backend-cct:3.1.9] /opt/gradle/.gradle/caches/9.3.1/transforms/a65672c612567a597675fd924424a8e4/transformed/transport-backend-cct-3.1.9/AndroidManifest.xml:33:17-36
416        </service>
417        <service
417-->[com.google.android.datatransport:transport-runtime:3.1.9] /opt/gradle/.gradle/caches/9.3.1/transforms/6aee1bffe741a358f5f200f626a54474/transformed/transport-runtime-3.1.9/AndroidManifest.xml:26:9-30:19
418            android:name="com.google.android.datatransport.runtime.scheduling.jobscheduling.JobInfoSchedulerService"
418-->[com.google.android.datatransport:transport-runtime:3.1.9] /opt/gradle/.gradle/caches/9.3.1/transforms/6aee1bffe741a358f5f200f626a54474/transformed/transport-runtime-3.1.9/AndroidManifest.xml:27:13-117
419            android:exported="false"
419-->[com.google.android.datatransport:transport-runtime:3.1.9] /opt/gradle/.gradle/caches/9.3.1/transforms/6aee1bffe741a358f5f200f626a54474/transformed/transport-runtime-3.1.9/AndroidManifest.xml:28:13-37
420            android:permission="android.permission.BIND_JOB_SERVICE" >
420-->[com.google.android.datatransport:transport-runtime:3.1.9] /opt/gradle/.gradle/caches/9.3.1/transforms/6aee1bffe741a358f5f200f626a54474/transformed/transport-runtime-3.1.9/AndroidManifest.xml:29:13-69
421        </service>
422
423        <receiver
423-->[com.google.android.datatransport:transport-runtime:3.1.9] /opt/gradle/.gradle/caches/9.3.1/transforms/6aee1bffe741a358f5f200f626a54474/transformed/transport-runtime-3.1.9/AndroidManifest.xml:32:9-34:40
424            android:name="com.google.android.datatransport.runtime.scheduling.jobscheduling.AlarmManagerSchedulerBroadcastReceiver"
424-->[com.google.android.datatransport:transport-runtime:3.1.9] /opt/gradle/.gradle/caches/9.3.1/transforms/6aee1bffe741a358f5f200f626a54474/transformed/transport-runtime-3.1.9/AndroidManifest.xml:33:13-132
425            android:exported="false" />
425-->[com.google.android.datatransport:transport-runtime:3.1.9] /opt/gradle/.gradle/caches/9.3.1/transforms/6aee1bffe741a358f5f200f626a54474/transformed/transport-runtime-3.1.9/AndroidManifest.xml:34:13-37
426
427        <activity
427-->[com.journeyapps:zxing-android-embedded:4.3.0] /opt/gradle/.gradle/caches/9.3.1/transforms/372877725659556bc85d68a6a8b9ccf5/transformed/zxing-android-embedded-4.3.0/AndroidManifest.xml:47:9-53:63
428            android:name="com.journeyapps.barcodescanner.CaptureActivity"
428-->[com.journeyapps:zxing-android-embedded:4.3.0] /opt/gradle/.gradle/caches/9.3.1/transforms/372877725659556bc85d68a6a8b9ccf5/transformed/zxing-android-embedded-4.3.0/AndroidManifest.xml:48:13-74
429            android:clearTaskOnLaunch="true"
429-->[com.journeyapps:zxing-android-embedded:4.3.0] /opt/gradle/.gradle/caches/9.3.1/transforms/372877725659556bc85d68a6a8b9ccf5/transformed/zxing-android-embedded-4.3.0/AndroidManifest.xml:49:13-45
430            android:screenOrientation="sensorLandscape"
430-->[com.journeyapps:zxing-android-embedded:4.3.0] /opt/gradle/.gradle/caches/9.3.1/transforms/372877725659556bc85d68a6a8b9ccf5/transformed/zxing-android-embedded-4.3.0/AndroidManifest.xml:50:13-56
431            android:stateNotNeeded="true"
431-->[com.journeyapps:zxing-android-embedded:4.3.0] /opt/gradle/.gradle/caches/9.3.1/transforms/372877725659556bc85d68a6a8b9ccf5/transformed/zxing-android-embedded-4.3.0/AndroidManifest.xml:51:13-42
432            android:theme="@style/zxing_CaptureTheme"
432-->[com.journeyapps:zxing-android-embedded:4.3.0] /opt/gradle/.gradle/caches/9.3.1/transforms/372877725659556bc85d68a6a8b9ccf5/transformed/zxing-android-embedded-4.3.0/AndroidManifest.xml:52:13-54
433            android:windowSoftInputMode="stateAlwaysHidden" />
433-->[com.journeyapps:zxing-android-embedded:4.3.0] /opt/gradle/.gradle/caches/9.3.1/transforms/372877725659556bc85d68a6a8b9ccf5/transformed/zxing-android-embedded-4.3.0/AndroidManifest.xml:53:13-60
434    </application>
435
436</manifest>

Merged manifest saved to /app/applet/app/build/intermediates/packaged_manifests/debugUnitTest/processDebugUnitTestManifest/AndroidManifest.xml

> Task :app:processDebugResources
Build cache key for AarResourcesCompilerTransform: /opt/gradle/.gradle/caches/9.3.1/transforms/ef27560db1e8670832a9f7da14207270/transformed/navigation-common-ktx-2.8.9 is 0a5ed35a965bee29ae51b9fbe686d69d
Stored cache entry for AarResourcesCompilerTransform: /opt/gradle/.gradle/caches/9.3.1/transforms/ef27560db1e8670832a9f7da14207270/transformed/navigation-common-ktx-2.8.9 with cache key 0a5ed35a965bee29ae51b9fbe686d69d
Build cache key for AarResourcesCompilerTransform: /opt/gradle/.gradle/caches/9.3.1/transforms/076900bd77a3a4050b6158d1f63df91b/transformed/navigation-runtime-2.8.9 is 5040cc094392ae673eed25cbe1a216b2
Stored cache entry for AarResourcesCompilerTransform: /opt/gradle/.gradle/caches/9.3.1/transforms/076900bd77a3a4050b6158d1f63df91b/transformed/navigation-runtime-2.8.9 with cache key 5040cc094392ae673eed25cbe1a216b2
Build cache key for AarResourcesCompilerTransform: /opt/gradle/.gradle/caches/9.3.1/transforms/64c21f162bf54c459555ff111245504d/transformed/navigation-common-2.8.9 is 0594c1a9c48bc7015a33f84edd5720da
Stored cache entry for AarResourcesCompilerTransform: /opt/gradle/.gradle/caches/9.3.1/transforms/64c21f162bf54c459555ff111245504d/transformed/navigation-common-2.8.9 with cache key 0594c1a9c48bc7015a33f84edd5720da
Caching disabled for LibrarySymbolTableTransform: /opt/gradle/.gradle/caches/9.3.1/transforms/076900bd77a3a4050b6158d1f63df91b/transformed/navigation-runtime-2.8.9 because:
  Caching not enabled.
Caching disabled for LibrarySymbolTableTransform: /opt/gradle/.gradle/caches/9.3.1/transforms/ef27560db1e8670832a9f7da14207270/transformed/navigation-common-ktx-2.8.9 because:
  Caching not enabled.
Caching disabled for LibrarySymbolTableTransform: /opt/gradle/.gradle/caches/9.3.1/transforms/f90e6fed2ad2e4cd74659cdb13e96940/transformed/navigation-runtime-ktx-2.8.9 because:
  Caching not enabled.
Caching disabled for LibrarySymbolTableTransform: /opt/gradle/.gradle/caches/9.3.1/transforms/c30fdfc8917ed99be125cf0b17115f0a/transformed/navigation-compose-2.8.9 because:
  Caching not enabled.
Caching disabled for LibrarySymbolTableTransform: /opt/gradle/.gradle/caches/9.3.1/transforms/13316105f0258ad338fccc4057f00008/transformed/camera-video-1.5.0 because:
  Caching not enabled.
Caching disabled for LibrarySymbolTableTransform: /opt/gradle/.gradle/caches/9.3.1/transforms/f5f39f9e8a9f40d57cdf61b5cd008c62/transformed/camera-lifecycle-1.5.0 because:
  Caching not enabled.
Caching disabled for LibrarySymbolTableTransform: /opt/gradle/.gradle/caches/9.3.1/transforms/429832c1b62b82264cb84bee480eccb9/transformed/camera-camera2-1.5.0 because:
  Caching not enabled.
Caching disabled for LibrarySymbolTableTransform: /opt/gradle/.gradle/caches/9.3.1/transforms/6b1b0b72c4740cd15581f384f87b8151/transformed/camera-core-1.5.0 because:
  Caching not enabled.
Caching disabled for LibrarySymbolTableTransform: /opt/gradle/.gradle/caches/9.3.1/transforms/6f28901ed4e6d023047c277c70502491/transformed/camera-view-1.5.0 because:
  Caching not enabled.
Caching disabled for LibrarySymbolTableTransform: /opt/gradle/.gradle/caches/9.3.1/transforms/4364a8e57b0492f4c18f85b90b1fe489/transformed/barcode-scanning-17.3.0 because:
  Caching not enabled.
Caching disabled for LibrarySymbolTableTransform: /opt/gradle/.gradle/caches/9.3.1/transforms/e7ae7eca164ef6bae2e2d5cca8fd23cf/transformed/barcode-scanning-common-17.0.0 because:
  Caching not enabled.
Caching disabled for LibrarySymbolTableTransform: /opt/gradle/.gradle/caches/9.3.1/transforms/a61796006821140f4ee07281a48d1699/transformed/play-services-mlkit-barcode-scanning-18.3.1 because:
  Caching not enabled.
Caching disabled for LibrarySymbolTableTransform: /opt/gradle/.gradle/caches/9.3.1/transforms/825cd66755976be366aa5fd82e8cca31/transformed/vision-common-17.3.0 because:
  Caching not enabled.
Caching disabled for LibrarySymbolTableTransform: /opt/gradle/.gradle/caches/9.3.1/transforms/80442607749372abd9dd6a47c55f6f40/transformed/common-18.11.0 because:
  Caching not enabled.
Caching disabled for LibrarySymbolTableTransform: /opt/gradle/.gradle/caches/9.3.1/transforms/9d1fa9624de003e6c849538317eec576/transformed/coil-gif-2.7.0 because:
  Caching not enabled.
Caching disabled for LibrarySymbolTableTransform: /opt/gradle/.gradle/caches/9.3.1/transforms/bae641985375943c608d7122dcc3f20f/transformed/coil-video-2.7.0 because:
  Caching not enabled.
Caching disabled for LibrarySymbolTableTransform: /opt/gradle/.gradle/caches/9.3.1/transforms/0b222a6478a57a1b8773bf22f09283e7/transformed/coil-compose-2.7.0 because:
  Caching not enabled.
Caching disabled for LibrarySymbolTableTransform: /opt/gradle/.gradle/caches/9.3.1/transforms/2a69f25df211506b71f4e3cc2c278b09/transformed/coil-compose-base-2.7.0 because:
  Caching not enabled.
Caching disabled for LibrarySymbolTableTransform: /opt/gradle/.gradle/caches/9.3.1/transforms/64c21f162bf54c459555ff111245504d/transformed/navigation-common-2.8.9 because:
  Caching not enabled.
Caching disabled for LibrarySymbolTableTransform: /opt/gradle/.gradle/caches/9.3.1/transforms/f41b0c7384a73ec23075e958f49fe818/transformed/coil-2.7.0 because:
  Caching not enabled.
Caching disabled for LibrarySymbolTableTransform: /opt/gradle/.gradle/caches/9.3.1/transforms/d60270a756679426678adf1591960f88/transformed/coil-base-2.7.0 because:
  Caching not enabled.
Caching disabled for LibrarySymbolTableTransform: /opt/gradle/.gradle/caches/9.3.1/transforms/02088130fc70bd9c3d3eca0a1f409afb/transformed/appcompat-resources-1.6.1 because:
  Caching not enabled.
Caching disabled for LibrarySymbolTableTransform: /opt/gradle/.gradle/caches/9.3.1/transforms/788f9d6d9849f478cae6e902ba9dd22a/transformed/appcompat-1.6.1 because:
  Caching not enabled.
Caching disabled for LibrarySymbolTableTransform: /opt/gradle/.gradle/caches/9.3.1/transforms/be82e78bb9cf39fa890b25a84f3fde31/transformed/firebase-messaging-25.1.0 because:
  Caching not enabled.
Caching disabled for LibrarySymbolTableTransform: /opt/gradle/.gradle/caches/9.3.1/transforms/86be536fde5d9bb83609010df8d82209/transformed/firebase-iid-interop-17.1.0 because:
  Caching not enabled.
Caching disabled for LibrarySymbolTableTransform: /opt/gradle/.gradle/caches/9.3.1/transforms/71343a393429c33bdcf69c7559e1a520/transformed/play-services-cloud-messaging-17.4.0 because:
  Caching not enabled.
Caching disabled for LibrarySymbolTableTransform: /opt/gradle/.gradle/caches/9.3.1/transforms/777e0d9d88fbf0e485211683c6a2ae68/transformed/firebase-measurement-connector-19.0.0 because:
  Caching not enabled.
Caching disabled for LibrarySymbolTableTransform: /opt/gradle/.gradle/caches/9.3.1/transforms/51465dc2dbf2f7a5cd3629227ece8adb/transformed/play-services-base-18.9.0 because:
  Caching not enabled.
Caching disabled for LibrarySymbolTableTransform: /opt/gradle/.gradle/caches/9.3.1/transforms/efa494c9c2d25b61d16d0c6950d66454/transformed/firebase-installations-19.1.1 because:
  Caching not enabled.
Caching disabled for LibrarySymbolTableTransform: /opt/gradle/.gradle/caches/9.3.1/transforms/8934676c2ce3dae4c2df99411040b0e4/transformed/firebase-common-22.1.0 because:
  Caching not enabled.
Caching disabled for LibrarySymbolTableTransform: /opt/gradle/.gradle/caches/9.3.1/transforms/924bf204d6c9408e1f4a451bf19f126b/transformed/vision-interfaces-16.3.0 because:
  Caching not enabled.
Caching disabled for LibrarySymbolTableTransform: /opt/gradle/.gradle/caches/9.3.1/transforms/d628b72a370c4e9af36bdb659cf7b8f9/transformed/firebase-installations-interop-17.3.0 because:
  Caching not enabled.
Caching disabled for LibrarySymbolTableTransform: /opt/gradle/.gradle/caches/9.3.1/transforms/9b0349e3e60a45dd8bb3ef3d953c1c8a/transformed/room-runtime-release because:
  Caching not enabled.
Caching disabled for LibrarySymbolTableTransform: /opt/gradle/.gradle/caches/9.3.1/transforms/75ddf909643bfbcee71825ed079020ca/transformed/work-runtime-2.9.1 because:
  Caching not enabled.
Caching disabled for LibrarySymbolTableTransform: /opt/gradle/.gradle/caches/9.3.1/transforms/a8b592cee3697f0469edd1cf14a8ddf1/transformed/room-ktx-2.7.0 because:
  Caching not enabled.
Caching disabled for LibrarySymbolTableTransform: /opt/gradle/.gradle/caches/9.3.1/transforms/6f81320d2930dd28c658a4ae45f72f92/transformed/work-runtime-ktx-2.9.1 because:
  Caching not enabled.
Caching disabled for LibrarySymbolTableTransform: /opt/gradle/.gradle/caches/9.3.1/transforms/88f8d63570ff6e3e19ed62f5444d65bf/transformed/material-icons-extended-release because:
  Caching not enabled.
Caching disabled for LibrarySymbolTableTransform: /opt/gradle/.gradle/caches/9.3.1/transforms/9a3e6315f4965eb3cf282ecfec9e4e53/transformed/material3-release because:
  Caching not enabled.
Caching disabled for LibrarySymbolTableTransform: /opt/gradle/.gradle/caches/9.3.1/transforms/648513400ff16ba164c64878e30e6a2d/transformed/material-ripple-release because:
  Caching not enabled.
Caching disabled for LibrarySymbolTableTransform: /opt/gradle/.gradle/caches/9.3.1/transforms/dcbe64190072147e169da7dbfe8840d6/transformed/foundation-layout-release because:
  Caching not enabled.
Caching disabled for LibrarySymbolTableTransform: /opt/gradle/.gradle/caches/9.3.1/transforms/0b930c02280ff5b5db44c1213648995a/transformed/foundation-release because:
  Caching not enabled.
Caching disabled for LibrarySymbolTableTransform: /opt/gradle/.gradle/caches/9.3.1/transforms/a35f96810cdea9e1f6c5af28299965cb/transformed/animation-core-release because:
  Caching not enabled.
Caching disabled for LibrarySymbolTableTransform: /opt/gradle/.gradle/caches/9.3.1/transforms/95074b0231bdd356eb0360da7f5f7ece/transformed/animation-release because:
  Caching not enabled.
Caching disabled for LibrarySymbolTableTransform: /opt/gradle/.gradle/caches/9.3.1/transforms/137eb6cb608176617db339322e7a139f/transformed/ui-tooling-data-release because:
  Caching not enabled.
Caching disabled for LibrarySymbolTableTransform: /opt/gradle/.gradle/caches/9.3.1/transforms/30716a89020ecc847c142026a39e90a4/transformed/ui-geometry-release because:
  Caching not enabled.
Caching disabled for LibrarySymbolTableTransform: /opt/gradle/.gradle/caches/9.3.1/transforms/2f5cfc22a3ae73d752cabbd6603bdaaa/transformed/ui-tooling-preview-release because:
  Caching not enabled.
Caching disabled for LibrarySymbolTableTransform: /opt/gradle/.gradle/caches/9.3.1/transforms/79cd1cec06c6dda10d7ac48afe370b00/transformed/ui-util-release because:
  Caching not enabled.
Caching disabled for LibrarySymbolTableTransform: /opt/gradle/.gradle/caches/9.3.1/transforms/bb8af1d0ba07bf04848c3ddea872a77f/transformed/ui-unit-release because:
  Caching not enabled.
Caching disabled for LibrarySymbolTableTransform: /opt/gradle/.gradle/caches/9.3.1/transforms/3c31be690c0e43395c1e44d9a21e2852/transformed/ui-text-release because:
  Caching not enabled.
Caching disabled for LibrarySymbolTableTransform: /opt/gradle/.gradle/caches/9.3.1/transforms/91f41813ab941189ab76dc0a695014a8/transformed/ui-graphics-release because:
  Caching not enabled.
Caching disabled for LibrarySymbolTableTransform: /opt/gradle/.gradle/caches/9.3.1/transforms/d8a6219befa9fbb9e26f0d2a9139d8f1/transformed/ui-tooling-release because:
  Caching not enabled.
Caching disabled for LibrarySymbolTableTransform: /opt/gradle/.gradle/caches/9.3.1/transforms/0e082cb83885b21aa6a713bf39674ec4/transformed/ui-test-manifest-1.7.2 because:
  Caching not enabled.
Caching disabled for LibrarySymbolTableTransform: /opt/gradle/.gradle/caches/9.3.1/transforms/000a388db7074419c1be1364f0d39f7f/transformed/material-icons-core-release because:
  Caching not enabled.
Caching disabled for LibrarySymbolTableTransform: /opt/gradle/.gradle/caches/9.3.1/transforms/7519b6f85ea476a2eb2ee85fdeb9bd07/transformed/material-release because:
  Caching not enabled.
Caching disabled for LibrarySymbolTableTransform: /opt/gradle/.gradle/caches/9.3.1/transforms/494ead3f6d12c7eea8c1b8a01b8bc4d0/transformed/accompanist-drawablepainter-0.32.0 because:
  Caching not enabled.
Caching disabled for LibrarySymbolTableTransform: /opt/gradle/.gradle/caches/9.3.1/transforms/d2af8f7c1ccd0cef4d7b4cd7a6c0266a/transformed/ui-release because:
  Caching not enabled.
Caching disabled for LibrarySymbolTableTransform: /opt/gradle/.gradle/caches/9.3.1/transforms/3d89967392217efa44390995a4f24077/transformed/savedstate-ktx-1.2.1 because:
  Caching not enabled.
Caching disabled for LibrarySymbolTableTransform: /opt/gradle/.gradle/caches/9.3.1/transforms/3f4d84f579e2763d99ee6392ddde5323/transformed/savedstate-1.2.1 because:
  Caching not enabled.
Caching disabled for LibrarySymbolTableTransform: /opt/gradle/.gradle/caches/9.3.1/transforms/7e69ced57291773ec35e7adde5bbaea2/transformed/lifecycle-service-2.8.7 because:
  Caching not enabled.
Caching disabled for LibrarySymbolTableTransform: /opt/gradle/.gradle/caches/9.3.1/transforms/8a93a6ad18f4e84fae0b5e8547087138/transformed/play-services-stats-17.0.2 because:
  Caching not enabled.
Caching disabled for LibrarySymbolTableTransform: /opt/gradle/.gradle/caches/9.3.1/transforms/d6c76d72ca7aecf01969976fe5d78b5d/transformed/legacy-support-core-utils-1.0.0 because:
  Caching not enabled.
Caching disabled for LibrarySymbolTableTransform: /opt/gradle/.gradle/caches/9.3.1/transforms/29e48f1f485be93b030ce0ed0e171b30/transformed/loader-1.0.0 because:
  Caching not enabled.
Caching disabled for LibrarySymbolTableTransform: /opt/gradle/.gradle/caches/9.3.1/transforms/7d11665007ae5b1f67a50c9ac2f6f182/transformed/accompanist-permissions-0.37.3 because:
  Caching not enabled.
Caching disabled for LibrarySymbolTableTransform: /opt/gradle/.gradle/caches/9.3.1/transforms/e80b7c843407c274202c819558574a67/transformed/lifecycle-viewmodel-2.8.7 because:
  Caching not enabled.
Caching disabled for LibrarySymbolTableTransform: /opt/gradle/.gradle/caches/9.3.1/transforms/bf5714ebd98551461efeeb69a7422540/transformed/lifecycle-livedata-core-ktx-2.8.7 because:
  Caching not enabled.
Caching disabled for LibrarySymbolTableTransform: /opt/gradle/.gradle/caches/9.3.1/transforms/6dd7b4539725640be326078f33443108/transformed/lifecycle-viewmodel-release because:
  Caching not enabled.
Caching disabled for LibrarySymbolTableTransform: /opt/gradle/.gradle/caches/9.3.1/transforms/de2b1db8d159f2ad7377339f3c565e5e/transformed/lifecycle-viewmodel-savedstate-2.8.7 because:
  Caching not enabled.
Caching disabled for LibrarySymbolTableTransform: /opt/gradle/.gradle/caches/9.3.1/transforms/649dbcf042700fb71f459c9c0956059a/transformed/media3-exoplayer-hls-1.5.0 because:
  Caching not enabled.
Caching disabled for LibrarySymbolTableTransform: /opt/gradle/.gradle/caches/9.3.1/transforms/e43c23023217c0abe73749f5d53de7eb/transformed/media3-exoplayer-1.5.0 because:
  Caching not enabled.
Caching disabled for LibrarySymbolTableTransform: /opt/gradle/.gradle/caches/9.3.1/transforms/60c3df898fd98e4245116650339de8a2/transformed/media3-session-1.5.0 because:
  Caching not enabled.
Caching disabled for LibrarySymbolTableTransform: /opt/gradle/.gradle/caches/9.3.1/transforms/17e4be283ff62465085a296fc1aa7e8f/transformed/media3-datasource-1.5.0 because:
  Caching not enabled.
Caching disabled for LibrarySymbolTableTransform: /opt/gradle/.gradle/caches/9.3.1/transforms/c531bd165f2f81e4005072d64e27a706/transformed/media3-extractor-1.5.0 because:
  Caching not enabled.
Caching disabled for LibrarySymbolTableTransform: /opt/gradle/.gradle/caches/9.3.1/transforms/8454b63c3a1284f4aef74e9c1d78f26a/transformed/media3-container-1.5.0 because:
  Caching not enabled.
Caching disabled for LibrarySymbolTableTransform: /opt/gradle/.gradle/caches/9.3.1/transforms/41d8835ca5ade3f89aa1c6ce6cb763d6/transformed/media3-decoder-1.5.0 because:
  Caching not enabled.
Caching disabled for LibrarySymbolTableTransform: /opt/gradle/.gradle/caches/9.3.1/transforms/7c6138072e0f7089cbc33027e1722eea/transformed/media3-common-1.5.0 because:
  Caching not enabled.
Caching disabled for LibrarySymbolTableTransform: /opt/gradle/.gradle/caches/9.3.1/transforms/711f5b55c0c20114ec2df6fde3eab5ee/transformed/media3-database-1.5.0 because:
  Caching not enabled.
Caching disabled for LibrarySymbolTableTransform: /opt/gradle/.gradle/caches/9.3.1/transforms/4abde4cdd879b1696d40a23ea8a9050e/transformed/media3-ui-1.5.0 because:
  Caching not enabled.
Caching disabled for LibrarySymbolTableTransform: /opt/gradle/.gradle/caches/9.3.1/transforms/098fb725fb80dc79cb3d5984d90e1b41/transformed/recyclerview-1.3.0 because:
  Caching not enabled.
Caching disabled for LibrarySymbolTableTransform: /opt/gradle/.gradle/caches/9.3.1/transforms/c016cd0dae8b0239edf5ac3421e41da9/transformed/customview-poolingcontainer-1.0.0 because:
  Caching not enabled.
Caching disabled for LibrarySymbolTableTransform: /opt/gradle/.gradle/caches/9.3.1/transforms/b18fc5051e41e84fb1e339aaf2f94238/transformed/core-ktx-1.15.0 because:
  Caching not enabled.
Caching disabled for LibrarySymbolTableTransform: /opt/gradle/.gradle/caches/9.3.1/transforms/97d790e636003f63e8e1a49fd53e88ec/transformed/vectordrawable-animated-1.1.0 because:
  Caching not enabled.
Caching disabled for LibrarySymbolTableTransform: /opt/gradle/.gradle/caches/9.3.1/transforms/829fb4e29a0158bd8d63dbeebeec606f/transformed/media-1.7.0 because:
  Caching not enabled.
Caching disabled for LibrarySymbolTableTransform: /opt/gradle/.gradle/caches/9.3.1/transforms/7083b3a131307a8d9e2fc64c3d852ec1/transformed/vectordrawable-1.1.0 because:
  Caching not enabled.
Caching disabled for LibrarySymbolTableTransform: /opt/gradle/.gradle/caches/9.3.1/transforms/7500f21dfa9061dee50d444413cc36b3/transformed/viewpager-1.0.0 because:
  Caching not enabled.
Caching disabled for LibrarySymbolTableTransform: /opt/gradle/.gradle/caches/9.3.1/transforms/65b3c30c3d861d78a47175d4f4505c95/transformed/customview-1.0.0 because:
  Caching not enabled.
Caching disabled for LibrarySymbolTableTransform: /opt/gradle/.gradle/caches/9.3.1/transforms/16f32b2d434f5ab9ff5831dee36b8c32/transformed/drawerlayout-1.0.0 because:
  Caching not enabled.
Caching disabled for LibrarySymbolTableTransform: /opt/gradle/.gradle/caches/9.3.1/transforms/849d03c4ae024141f2c0c48edb31a242/transformed/autofill-1.0.0 because:
  Caching not enabled.
Caching disabled for LibrarySymbolTableTransform: /opt/gradle/.gradle/caches/9.3.1/transforms/583038f76520d64271068009c25ad9c2/transformed/emoji2-views-helper-1.3.0 because:
  Caching not enabled.
Caching disabled for LibrarySymbolTableTransform: /opt/gradle/.gradle/caches/9.3.1/transforms/5ca3fdd8d160b4e9c2c961710963031e/transformed/emoji2-1.3.0 because:
  Caching not enabled.
Caching disabled for LibrarySymbolTableTransform: /opt/gradle/.gradle/caches/9.3.1/transforms/6569307cced7773805ce98ad14471783/transformed/graphics-path-1.0.1 because:
  Caching not enabled.
Caching disabled for LibrarySymbolTableTransform: /opt/gradle/.gradle/caches/9.3.1/transforms/edd4241b77cad7c7544ca11e9a476f81/transformed/core-1.15.0 because:
  Caching not enabled.
Caching disabled for LibrarySymbolTableTransform: /opt/gradle/.gradle/caches/9.3.1/transforms/e26751a86a54f4e288e1b42699a598e6/transformed/runtime-saveable-release because:
  Caching not enabled.
Caching disabled for LibrarySymbolTableTransform: /opt/gradle/.gradle/caches/9.3.1/transforms/ffa15410717a819d3862ea34621e98eb/transformed/runtime-release because:
  Caching not enabled.
Caching disabled for LibrarySymbolTableTransform: /opt/gradle/.gradle/caches/9.3.1/transforms/f6a2947d96556e67912b249892e41690/transformed/runtime-livedata-1.7.2 because:
  Caching not enabled.
Caching disabled for LibrarySymbolTableTransform: /opt/gradle/.gradle/caches/9.3.1/transforms/ef3b088bd0bd223c5420ecce1ec29040/transformed/lifecycle-viewmodel-ktx-2.8.7 because:
  Caching not enabled.
Caching disabled for LibrarySymbolTableTransform: /opt/gradle/.gradle/caches/9.3.1/transforms/fe63231786e909d0cc107c24493d21ab/transformed/lifecycle-runtime-release because:
  Caching not enabled.
Caching disabled for LibrarySymbolTableTransform: /opt/gradle/.gradle/caches/9.3.1/transforms/e0a033d250ec7b57d295df8b93e3c385/transformed/lifecycle-viewmodel-compose-release because:
  Caching not enabled.
Caching disabled for LibrarySymbolTableTransform: /opt/gradle/.gradle/caches/9.3.1/transforms/1849c89315f0adc7cb2e7df42ff03355/transformed/lifecycle-livedata-core-2.8.7 because:
  Caching not enabled.
Caching disabled for LibrarySymbolTableTransform: /opt/gradle/.gradle/caches/9.3.1/transforms/1489b33bb56376c5f94fc9ff44748e82/transformed/lifecycle-livedata-2.8.7 because:
  Caching not enabled.
Caching disabled for LibrarySymbolTableTransform: /opt/gradle/.gradle/caches/9.3.1/transforms/5dfe9a18cec360000ac83a8b2b594631/transformed/lifecycle-runtime-compose-release because:
  Caching not enabled.
Caching disabled for LibrarySymbolTableTransform: /opt/gradle/.gradle/caches/9.3.1/transforms/4aa02d7ee95ad743f8b43fec38263022/transformed/lifecycle-process-2.8.7 because:
  Caching not enabled.
Caching disabled for LibrarySymbolTableTransform: /opt/gradle/.gradle/caches/9.3.1/transforms/47caaebe2408a48e4cacd9c469b703bb/transformed/lifecycle-runtime-ktx-release because:
  Caching not enabled.
Caching disabled for LibrarySymbolTableTransform: /opt/gradle/.gradle/caches/9.3.1/transforms/8d186ef141531ed673cefb69a8920676/transformed/core-12.1.0 because:
  Caching not enabled.
Caching disabled for LibrarySymbolTableTransform: /opt/gradle/.gradle/caches/9.3.1/transforms/bf3df91a6e182d98d1d3fb320c39af09/transformed/datastore-core-release because:
  Caching not enabled.
Caching disabled for LibrarySymbolTableTransform: /opt/gradle/.gradle/caches/9.3.1/transforms/f1552d288f9e6fb604c04b0b3dea5c9b/transformed/datastore-preferences-core-release because:
  Caching not enabled.
Caching disabled for LibrarySymbolTableTransform: /opt/gradle/.gradle/caches/9.3.1/transforms/f927c180d68b8e42517a566bac225770/transformed/datastore-release because:
  Caching not enabled.
Caching disabled for LibrarySymbolTableTransform: /opt/gradle/.gradle/caches/9.3.1/transforms/9306108d0f33feb761336dfd200e51ee/transformed/datastore-preferences-release because:
  Caching not enabled.
Caching disabled for LibrarySymbolTableTransform: /opt/gradle/.gradle/caches/9.3.1/transforms/fb541a5aa03514f9b3e611ff79287669/transformed/play-services-tasks-18.4.0 because:
  Caching not enabled.
Caching disabled for LibrarySymbolTableTransform: /opt/gradle/.gradle/caches/9.3.1/transforms/6e993f303a252d812a914b79c54d64ee/transformed/play-services-basement-18.9.0 because:
  Caching not enabled.
Caching disabled for LibrarySymbolTableTransform: /opt/gradle/.gradle/caches/9.3.1/transforms/a1f9d4e67fd545cbf382f5d96e55b69e/transformed/fragment-1.3.6 because:
  Caching not enabled.
Caching disabled for LibrarySymbolTableTransform: /opt/gradle/.gradle/caches/9.3.1/transforms/ff0b6e9db0f211163c391be8b9bfc5ab/transformed/activity-1.10.1 because:
  Caching not enabled.
Caching disabled for LibrarySymbolTableTransform: /opt/gradle/.gradle/caches/9.3.1/transforms/aef9f39c8334fb007f665e527f29b507/transformed/activity-ktx-1.10.1 because:
  Caching not enabled.
Caching disabled for LibrarySymbolTableTransform: /opt/gradle/.gradle/caches/9.3.1/transforms/bff92fda3b59cf36541cd042a44ecc1e/transformed/activity-compose-1.10.1 because:
  Caching not enabled.
Caching disabled for LibrarySymbolTableTransform: /opt/gradle/.gradle/caches/9.3.1/transforms/fe70b6b391eb75e734f1a841299403f3/transformed/stream-webrtc-android-1.1.2 because:
  Caching not enabled.
Caching disabled for LibrarySymbolTableTransform: /opt/gradle/.gradle/caches/9.3.1/transforms/d8de0a92bcb004f3b15db6a108e0e216/transformed/core-splashscreen-1.0.1 because:
  Caching not enabled.
Caching disabled for LibrarySymbolTableTransform: /opt/gradle/.gradle/caches/9.3.1/transforms/f3946a93ccc3ad39cd829eeddf7f36f0/transformed/annotation-experimental-1.4.1 because:
  Caching not enabled.
Caching disabled for LibrarySymbolTableTransform: /opt/gradle/.gradle/caches/9.3.1/transforms/669ae4172aae5024bff3af205b0e2225/transformed/profileinstaller-1.4.0 because:
  Caching not enabled.
Caching disabled for LibrarySymbolTableTransform: /opt/gradle/.gradle/caches/9.3.1/transforms/1f6d66b72919b1076d2568386dfcebe8/transformed/tracing-1.2.0 because:
  Caching not enabled.
Caching disabled for LibrarySymbolTableTransform: /opt/gradle/.gradle/caches/9.3.1/transforms/c2f47e2da2c55f5b9276e8129e85845a/transformed/startup-runtime-1.1.1 because:
  Caching not enabled.
Caching disabled for LibrarySymbolTableTransform: /opt/gradle/.gradle/caches/9.3.1/transforms/ed8f3ca3c33fa22b7257aed58ffd88dc/transformed/sqlite-framework-release because:
  Caching not enabled.
Caching disabled for LibrarySymbolTableTransform: /opt/gradle/.gradle/caches/9.3.1/transforms/12b3c73d620f5f308e1d4388e0de3043/transformed/core-viewtree-1.0.0 because:
  Caching not enabled.
Caching disabled for LibrarySymbolTableTransform: /opt/gradle/.gradle/caches/9.3.1/transforms/93d440cde3505afafff9435b4654265c/transformed/tracing-ktx-1.2.0 because:
  Caching not enabled.
Caching disabled for LibrarySymbolTableTransform: /opt/gradle/.gradle/caches/9.3.1/transforms/ef81f0d3a069ed39e735dcb34d6d3e3e/transformed/sqlite-release because:
  Caching not enabled.
Caching disabled for LibrarySymbolTableTransform: /opt/gradle/.gradle/caches/9.3.1/transforms/bda6b110aa8e06c76d1da041d5b35ac3/transformed/versionedparcelable-1.1.1 because:
  Caching not enabled.
Caching disabled for LibrarySymbolTableTransform: /opt/gradle/.gradle/caches/9.3.1/transforms/a77ca6af8269617441663d22461448e7/transformed/core-runtime-2.2.0 because:
  Caching not enabled.
Caching disabled for LibrarySymbolTableTransform: /opt/gradle/.gradle/caches/9.3.1/transforms/064e0c6fb86d7703224edc2585b628f1/transformed/featurecombinationquery-1.5.0 because:
  Caching not enabled.
Caching disabled for LibrarySymbolTableTransform: /opt/gradle/.gradle/caches/9.3.1/transforms/3a3db2d4df7cfbf60eb1ef7352fdd478/transformed/firebase-components-19.0.0 because:
  Caching not enabled.
Caching disabled for LibrarySymbolTableTransform: /opt/gradle/.gradle/caches/9.3.1/transforms/ecaa4c87d296d52155ef546c3b77c8bf/transformed/firebase-datatransport-18.2.0 because:
  Caching not enabled.
Caching disabled for LibrarySymbolTableTransform: /opt/gradle/.gradle/caches/9.3.1/transforms/a65672c612567a597675fd924424a8e4/transformed/transport-backend-cct-3.1.9 because:
  Caching not enabled.
Caching disabled for LibrarySymbolTableTransform: /opt/gradle/.gradle/caches/9.3.1/transforms/6f57ef77aee1e0371a48069d27a5fb92/transformed/firebase-encoders-json-18.0.0 because:
  Caching not enabled.
Caching disabled for LibrarySymbolTableTransform: /opt/gradle/.gradle/caches/9.3.1/transforms/6aee1bffe741a358f5f200f626a54474/transformed/transport-runtime-3.1.9 because:
  Caching not enabled.
Caching disabled for LibrarySymbolTableTransform: /opt/gradle/.gradle/caches/9.3.1/transforms/6c0f3125642215b6df207455f4dcb6ca/transformed/transport-api-3.1.0 because:
  Caching not enabled.
Caching disabled for LibrarySymbolTableTransform: /opt/gradle/.gradle/caches/9.3.1/transforms/26c348cde2884f0351c52186ca2c0bd7/transformed/interpolator-1.0.0 because:
  Caching not enabled.
Caching disabled for LibrarySymbolTableTransform: /opt/gradle/.gradle/caches/9.3.1/transforms/82a72d7504bc5fffb38a56b0aeefa078/transformed/exifinterface-1.3.7 because:
  Caching not enabled.
Caching disabled for LibrarySymbolTableTransform: /opt/gradle/.gradle/caches/9.3.1/transforms/32e335d14d3bae4dea787c407a3a5218/transformed/cursoradapter-1.0.0 because:
  Caching not enabled.
Caching disabled for LibrarySymbolTableTransform: /opt/gradle/.gradle/caches/9.3.1/transforms/ca02d84dc3f296d32ebbd2000248bc6c/transformed/localbroadcastmanager-1.0.0 because:
  Caching not enabled.
Caching disabled for LibrarySymbolTableTransform: /opt/gradle/.gradle/caches/9.3.1/transforms/e9efa51d08d3f576ab2da5e1db7d75c7/transformed/print-1.0.0 because:
  Caching not enabled.
Caching disabled for LibrarySymbolTableTransform: /opt/gradle/.gradle/caches/9.3.1/transforms/c699a3186d4653ae24b36702749a20bb/transformed/documentfile-1.0.0 because:
  Caching not enabled.
Caching disabled for LibrarySymbolTableTransform: /opt/gradle/.gradle/caches/9.3.1/transforms/372877725659556bc85d68a6a8b9ccf5/transformed/zxing-android-embedded-4.3.0 because:
  Caching not enabled.
Caching disabled for LibrarySymbolTableTransform: /opt/gradle/.gradle/caches/9.3.1/transforms/d8ebdf36c9f9cecd9233852fdc950ab4/transformed/image-1.0.0-beta1 because:
  Caching not enabled.
Build cache key for task ':app:processDebugResources' is becbed6310be52036454ca73db27ee84
Task ':app:processDebugResources' is not up-to-date because:
  No history is available.
The input changes require a full rebuild for incremental task ':app:processDebugResources'.
AAPT2 aapt2-9.1.1-14792394-linux Daemon #0: starting
Aapt output file /app/applet/app/build/intermediates/linked_resources_binary_format/debug/processDebugResources/linked-resources-binary-format-debug.ap_
Invalidating in-memory cache of /app/applet/.gradle/9.3.1/fileHashes/fileHashes.bin
Invalidating in-memory cache of /app/applet/.gradle/9.3.1/fileHashes/resourceHashesCache.bin
Invalidating in-memory cache of /opt/gradle/.gradle/caches/journal-1/file-access.bin
Stored cache entry for task ':app:processDebugResources' with cache key becbed6310be52036454ca73db27ee84
Invalidating in-memory cache of /app/applet/.gradle/9.3.1/executionHistory/executionHistory.bin
Invalidating in-memory cache of /app/applet/.gradle/buildOutputCleanup/outputFiles.bin
Resolve mutations for :app:packageDebugUnitTestForUnitTest (Thread[#81,included builds,5,main]) started.
:app:packageDebugUnitTestForUnitTest (Thread[#81,included builds,5,main]) started.

> Task :app:packageDebugUnitTestForUnitTest FAILED
Caching disabled for task ':app:packageDebugUnitTestForUnitTest' because:
  Simple merging task
Task ':app:packageDebugUnitTestForUnitTest' is not up-to-date because:
  No history is available.
Exception in thread "AWT-EventQueue-0" java.lang.NullPointerException: Cannot invoke "ksp.com.intellij.openapi.application.Application.getService(java.lang.Class)" because the return value of "ksp.com.intellij.openapi.application.ApplicationManager.getApplication()" is null
	at ksp.com.intellij.openapi.fileEditor.FileDocumentManager.getInstance(FileDocumentManager.java:35)
	at ksp.com.intellij.openapi.fileTypes.BinaryFileTypeDecompilers.lambda$notifyDecompilerSetChange$1(BinaryFileTypeDecompilers.java:29)
	at java.desktop/java.awt.event.InvocationEvent.dispatch(InvocationEvent.java:318)
	at java.desktop/java.awt.EventQueue.dispatchEventImpl(EventQueue.java:773)
	at java.desktop/java.awt.EventQueue$4.run(EventQueue.java:720)
	at java.desktop/java.awt.EventQueue$4.run(EventQueue.java:714)
	at java.base/java.security.AccessController.doPrivileged(AccessController.java:400)
	at java.base/java.security.ProtectionDomain$JavaSecurityAccessImpl.doIntersectionPrivilege(ProtectionDomain.java:87)
	at java.desktop/java.awt.EventQueue.dispatchEvent(EventQueue.java:742)
	at java.desktop/java.awt.EventDispatchThread.pumpOneEventForFilters(EventDispatchThread.java:203)
	at java.desktop/java.awt.EventDispatchThread.pumpEventsForFilter(EventDispatchThread.java:124)
	at java.desktop/java.awt.EventDispatchThread.pumpEventsForHierarchy(EventDispatchThread.java:113)
	at java.desktop/java.awt.EventDispatchThread.pumpEvents(EventDispatchThread.java:109)
	at java.desktop/java.awt.EventDispatchThread.pumpEvents(EventDispatchThread.java:101)
	at java.desktop/java.awt.EventDispatchThread.run(EventDispatchThread.java:90)

> Task :app:kspDebugKotlin
Invalidating in-memory cache of /app/applet/.gradle/9.3.1/fileHashes/fileHashes.bin
Invalidating in-memory cache of /app/applet/.gradle/9.3.1/fileHashes/resourceHashesCache.bin
Invalidating in-memory cache of /opt/gradle/.gradle/caches/journal-1/file-access.bin
Stored cache entry for task ':app:kspDebugKotlin' with cache key 245f2f2c01190c05f66e89de64edc3f7
Invalidating in-memory cache of /app/applet/.gradle/9.3.1/executionHistory/executionHistory.bin
Invalidating in-memory cache of /app/applet/.gradle/buildOutputCleanup/outputFiles.bin
Build 682184b4-1f94-4db2-b39a-91a958eef6d6 is started
AAPT2 aapt2-9.1.1-14792394-linux Daemon #0: shutdown
Build 682184b4-1f94-4db2-b39a-91a958eef6d6 is closed

See the complete report at file:///app/applet/build/reports/configuration-cache/1xun10nqovq5cnhd74tewafuj/815it6pit30ft6j6u1d3c0f4p/configuration-cache-report.html

FAILURE: Build failed with an exception.

* What went wrong:
Execution failed for task ':app:packageDebugUnitTestForUnitTest'.
> Cannot load resources from task ':app:packageDebugUnitTestForUnitTest' property 'resApk'

* Try:
> Run with --stacktrace option to get the stack trace.
> Run with --debug option to get more log output.
> Run with --scan to get full insights from a Build Scan (powered by Develocity).
> Get more help at https://help.gradle.org.

BUILD FAILED in 3m 33s
23 actionable tasks: 5 executed, 18 up-to-date
Configuration cache entry stored.
